Archive member included to satisfy reference by file (symbol)

/opt/gcc-arm-none-eabi-9-2020-q2-update/bin/../lib/gcc/arm-none-eabi/9.3.1/../../../../arm-none-eabi/lib/thumb/v7-m/nofp/libc_nano.a(lib_a-exit.o)
                              /opt/gcc-arm-none-eabi-9-2020-q2-update/bin/../lib/gcc/arm-none-eabi/9.3.1/../../../../arm-none-eabi/lib/thumb/v7-m/nofp/crt0.o (exit)
/opt/gcc-arm-none-eabi-9-2020-q2-update/bin/../lib/gcc/arm-none-eabi/9.3.1/../../../../arm-none-eabi/lib/thumb/v7-m/nofp/libc_nano.a(lib_a-impure.o)
                              /opt/gcc-arm-none-eabi-9-2020-q2-update/bin/../lib/gcc/arm-none-eabi/9.3.1/../../../../arm-none-eabi/lib/thumb/v7-m/nofp/libc_nano.a(lib_a-exit.o) (_global_impure_ptr)
/opt/gcc-arm-none-eabi-9-2020-q2-update/bin/../lib/gcc/arm-none-eabi/9.3.1/../../../../arm-none-eabi/lib/thumb/v7-m/nofp/libc_nano.a(lib_a-init.o)
                              /opt/gcc-arm-none-eabi-9-2020-q2-update/bin/../lib/gcc/arm-none-eabi/9.3.1/../../../../arm-none-eabi/lib/thumb/v7-m/nofp/crt0.o (__libc_init_array)
/opt/gcc-arm-none-eabi-9-2020-q2-update/bin/../lib/gcc/arm-none-eabi/9.3.1/../../../../arm-none-eabi/lib/thumb/v7-m/nofp/libc_nano.a(lib_a-malloc.o)
                              build/usbh_msc.o (malloc)
/opt/gcc-arm-none-eabi-9-2020-q2-update/bin/../lib/gcc/arm-none-eabi/9.3.1/../../../../arm-none-eabi/lib/thumb/v7-m/nofp/libc_nano.a(lib_a-memcpy-stub.o)
                              build/queue.o (memcpy)
/opt/gcc-arm-none-eabi-9-2020-q2-update/bin/../lib/gcc/arm-none-eabi/9.3.1/../../../../arm-none-eabi/lib/thumb/v7-m/nofp/libc_nano.a(lib_a-memset.o)
                              /opt/gcc-arm-none-eabi-9-2020-q2-update/bin/../lib/gcc/arm-none-eabi/9.3.1/../../../../arm-none-eabi/lib/thumb/v7-m/nofp/crt0.o (memset)
/opt/gcc-arm-none-eabi-9-2020-q2-update/bin/../lib/gcc/arm-none-eabi/9.3.1/../../../../arm-none-eabi/lib/thumb/v7-m/nofp/libc_nano.a(lib_a-nano-freer.o)
                              /opt/gcc-arm-none-eabi-9-2020-q2-update/bin/../lib/gcc/arm-none-eabi/9.3.1/../../../../arm-none-eabi/lib/thumb/v7-m/nofp/libc_nano.a(lib_a-malloc.o) (_free_r)
/opt/gcc-arm-none-eabi-9-2020-q2-update/bin/../lib/gcc/arm-none-eabi/9.3.1/../../../../arm-none-eabi/lib/thumb/v7-m/nofp/libc_nano.a(lib_a-nano-mallocr.o)
                              /opt/gcc-arm-none-eabi-9-2020-q2-update/bin/../lib/gcc/arm-none-eabi/9.3.1/../../../../arm-none-eabi/lib/thumb/v7-m/nofp/libc_nano.a(lib_a-malloc.o) (_malloc_r)
/opt/gcc-arm-none-eabi-9-2020-q2-update/bin/../lib/gcc/arm-none-eabi/9.3.1/../../../../arm-none-eabi/lib/thumb/v7-m/nofp/libc_nano.a(lib_a-sbrkr.o)
                              /opt/gcc-arm-none-eabi-9-2020-q2-update/bin/../lib/gcc/arm-none-eabi/9.3.1/../../../../arm-none-eabi/lib/thumb/v7-m/nofp/libc_nano.a(lib_a-nano-mallocr.o) (_sbrk_r)
/opt/gcc-arm-none-eabi-9-2020-q2-update/bin/../lib/gcc/arm-none-eabi/9.3.1/../../../../arm-none-eabi/lib/thumb/v7-m/nofp/libc_nano.a(lib_a-mlock.o)
                              /opt/gcc-arm-none-eabi-9-2020-q2-update/bin/../lib/gcc/arm-none-eabi/9.3.1/../../../../arm-none-eabi/lib/thumb/v7-m/nofp/libc_nano.a(lib_a-nano-freer.o) (__malloc_lock)
/opt/gcc-arm-none-eabi-9-2020-q2-update/bin/../lib/gcc/arm-none-eabi/9.3.1/../../../../arm-none-eabi/lib/thumb/v7-m/nofp/libc_nano.a(lib_a-reent.o)
                              /opt/gcc-arm-none-eabi-9-2020-q2-update/bin/../lib/gcc/arm-none-eabi/9.3.1/../../../../arm-none-eabi/lib/thumb/v7-m/nofp/libc_nano.a(lib_a-sbrkr.o) (errno)
/opt/gcc-arm-none-eabi-9-2020-q2-update/bin/../lib/gcc/arm-none-eabi/9.3.1/../../../../arm-none-eabi/lib/thumb/v7-m/nofp/libc_nano.a(lib_a-lock.o)
                              /opt/gcc-arm-none-eabi-9-2020-q2-update/bin/../lib/gcc/arm-none-eabi/9.3.1/../../../../arm-none-eabi/lib/thumb/v7-m/nofp/libc_nano.a(lib_a-mlock.o) (__retarget_lock_acquire_recursive)
/opt/gcc-arm-none-eabi-9-2020-q2-update/bin/../lib/gcc/arm-none-eabi/9.3.1/../../../../arm-none-eabi/lib/thumb/v7-m/nofp/libnosys.a(sbrk.o)
                              /opt/gcc-arm-none-eabi-9-2020-q2-update/bin/../lib/gcc/arm-none-eabi/9.3.1/../../../../arm-none-eabi/lib/thumb/v7-m/nofp/libc_nano.a(lib_a-sbrkr.o) (_sbrk)
/opt/gcc-arm-none-eabi-9-2020-q2-update/bin/../lib/gcc/arm-none-eabi/9.3.1/../../../../arm-none-eabi/lib/thumb/v7-m/nofp/libnosys.a(_exit.o)
                              /opt/gcc-arm-none-eabi-9-2020-q2-update/bin/../lib/gcc/arm-none-eabi/9.3.1/../../../../arm-none-eabi/lib/thumb/v7-m/nofp/libc_nano.a(lib_a-exit.o) (_exit)
Middlewares/ST/STemWin/Lib/STemWin_CM3_OS_wc32.a(GUICC_565.o)
                              build/LCDConf_FlexColor_Template.o (LCD_API_ColorConv_565)
Middlewares/ST/STemWin/Lib/STemWin_CM3_OS_wc32.a(GUI_Alloc.o)
                              build/GUIConf.o (GUI_ALLOC_AssignMemory)
Middlewares/ST/STemWin/Lib/STemWin_CM3_OS_wc32.a(GUI_Common.o)
                              build/main.o (GUI_GetDispPosY)
Middlewares/ST/STemWin/Lib/STemWin_CM3_OS_wc32.a(GUI_Core.o)
[...]
Memory Configuration

Name             Origin             Length             Attributes
RAM              0x0000000020000000 0x0000000000010000 xrw
FLASH            0x0000000008000000 0x0000000000040000 xr
*default*        0x0000000000000000 0xffffffffffffffff

Linker script and memory map

LOAD /opt/gcc-arm-none-eabi-9-2020-q2-update/bin/../lib/gcc/arm-none-eabi/9.3.1/thumb/v7-m/nofp/crti.o
LOAD /opt/gcc-arm-none-eabi-9-2020-q2-update/bin/../lib/gcc/arm-none-eabi/9.3.1/thumb/v7-m/nofp/crtbegin.o
LOAD /opt/gcc-arm-none-eabi-9-2020-q2-update/bin/../lib/gcc/arm-none-eabi/9.3.1/../../../../arm-none-eabi/lib/thumb/v7-m/nofp/crt0.o
LOAD build/main.o
LOAD build/stm32f1xx_it.o
LOAD build/stm32f1xx_hal_msp.o
LOAD build/pro.o
LOAD build/GUI_X_Touch.o
LOAD build/lcd_driver.o
LOAD build/stm32f1xx_hal_gpio_ex.o
LOAD build/stm32f1xx_hal.o
LOAD build/stm32f1xx_hal_rcc.o
LOAD build/stm32f1xx_hal_rcc_ex.o
LOAD build/stm32f1xx_hal_gpio.o
LOAD build/stm32f1xx_hal_dma.o
LOAD build/stm32f1xx_hal_cortex.o
LOAD build/stm32f1xx_hal_pwr.o
LOAD build/stm32f1xx_hal_flash.o
LOAD build/stm32f1xx_hal_flash_ex.o
LOAD build/stm32f1xx_hal_exti.o
LOAD build/stm32f1xx_hal_tim.o
LOAD build/stm32f1xx_hal_tim_ex.o
LOAD build/system_stm32f1xx.o
LOAD build/usbh_conf.o
LOAD build/usb_host.o
LOAD build/stm32f1xx_hal_hcd.o
LOAD build/stm32f1xx_ll_usb.o
LOAD build/stm32f1xx_hal_i2c.o
LOAD build/stm32f1xx_hal_rtc.o
LOAD build/stm32f1xx_hal_rtc_ex.o
LOAD build/stm32f1xx_hal_spi.o
LOAD build/stm32f1xx_hal_uart.o
LOAD build/usbh_core.o
LOAD build/usbh_ctlreq.o
LOAD build/usbh_ioreq.o
LOAD build/usbh_pipes.o
LOAD build/usbh_msc.o
LOAD build/usbh_msc_bot.o
LOAD build/usbh_msc_scsi.o
LOAD build/freertos.o
LOAD build/stm32f1xx_hal_timebase_tim.o
LOAD build/usbh_platform.o
LOAD build/stm32f1xx_hal_crc.o
LOAD build/croutine.o
LOAD build/event_groups.o
LOAD build/list.o
LOAD build/queue.o
LOAD build/stream_buffer.o
LOAD build/tasks.o
LOAD build/timers.o
LOAD build/cmsis_os.o
LOAD build/heap_4.o
LOAD build/port.o
LOAD build/GUI_X_OS.o
LOAD build/GUIConf.o
LOAD build/LCDConf_FlexColor_Template.o
LOAD build/GUIDRV_Template.o
LOAD build/startup_stm32f107xc.o
LOAD /opt/gcc-arm-none-eabi-9-2020-q2-update/bin/../lib/gcc/arm-none-eabi/9.3.1/../../../../arm-none-eabi/lib/thumb/v7-m/nofp/libc_nano.a
LOAD /opt/gcc-arm-none-eabi-9-2020-q2-update/bin/../lib/gcc/arm-none-eabi/9.3.1/../../../../arm-none-eabi/lib/thumb/v7-m/nofp/libm.a
LOAD /opt/gcc-arm-none-eabi-9-2020-q2-update/bin/../lib/gcc/arm-none-eabi/9.3.1/../../../../arm-none-eabi/lib/thumb/v7-m/nofp/libnosys.a
LOAD Middlewares/ST/STemWin/Lib/STemWin_CM3_OS_wc32.a
START GROUP
LOAD /opt/gcc-arm-none-eabi-9-2020-q2-update/bin/../lib/gcc/arm-none-eabi/9.3.1/thumb/v7-m/nofp/libgcc.a
LOAD /opt/gcc-arm-none-eabi-9-2020-q2-update/bin/../lib/gcc/arm-none-eabi/9.3.1/../../../../arm-none-eabi/lib/thumb/v7-m/nofp/libc_nano.a
END GROUP
START GROUP
LOAD /opt/gcc-arm-none-eabi-9-2020-q2-update/bin/../lib/gcc/arm-none-eabi/9.3.1/thumb/v7-m/nofp/libgcc.a
LOAD /opt/gcc-arm-none-eabi-9-2020-q2-update/bin/../lib/gcc/arm-none-eabi/9.3.1/../../../../arm-none-eabi/lib/thumb/v7-m/nofp/libc_nano.a
END GROUP
LOAD /opt/gcc-arm-none-eabi-9-2020-q2-update/bin/../lib/gcc/arm-none-eabi/9.3.1/thumb/v7-m/nofp/crtend.o
LOAD /opt/gcc-arm-none-eabi-9-2020-q2-update/bin/../lib/gcc/arm-none-eabi/9.3.1/thumb/v7-m/nofp/crtn.o
                0x0000000020010000                _estack = 0x20010000
                0x0000000000001000                _Min_Heap_Size = 0x1000
                0x0000000000001000                _Min_Stack_Size = 0x1000

.isr_vector     0x0000000008000000      0x1e4
                0x0000000008000000                . = ALIGN (0x4)
 *(.isr_vector)
 .isr_vector    0x0000000008000000      0x1e4 build/startup_stm32f107xc.o
                0x0000000008000000                g_pfnVectors
                0x00000000080001e4                . = ALIGN (0x4)

.text           0x00000000080001f0    0x113f0
                0x00000000080001f0                . = ALIGN (0x4)
 *(.text)
 .text          0x00000000080001f0       0x40 /opt/gcc-arm-none-eabi-9-2020-q2-update/bin/../lib/gcc/arm-none-eabi/9.3.1/thumb/v7-m/nofp/crtbegin.o
 .text          0x0000000008000230      0x21c /opt/gcc-arm-none-eabi-9-2020-q2-update/bin/../lib/gcc/arm-none-eabi/9.3.1/thumb/v7-m/nofp/libgcc.a(_arm_addsubsf3.o)
                0x0000000008000230                __aeabi_frsub
                0x0000000008000238                __subsf3
                0x0000000008000238                __aeabi_fsub
                0x000000000800023c                __aeabi_fadd
                0x000000000800023c                __addsf3
                0x000000000800039c                __aeabi_ui2f
                0x000000000800039c                __floatunsisf
                0x00000000080003a4                __aeabi_i2f
                0x00000000080003a4                __floatsisf
                0x00000000080003c0                __floatundisf
                0x00000000080003c0                __aeabi_ul2f
                0x00000000080003d0                __floatdisf
                0x00000000080003d0                __aeabi_l2f
 .text          0x000000000800044c      0x2a0 /opt/gcc-arm-none-eabi-9-2020-q2-update/bin/../lib/gcc/arm-none-eabi/9.3.1/thumb/v7-m/nofp/libgcc.a(_arm_muldivsf3.o)
                0x000000000800044c                __mulsf3
                0x000000000800044c                __aeabi_fmul
                0x00000000080005b4                __divsf3
                0x00000000080005b4                __aeabi_fdiv
 .text          0x00000000080006ec       0xec /opt/gcc-arm-none-eabi-9-2020-q2-update/bin/../lib/gcc/arm-none-eabi/9.3.1/thumb/v7-m/nofp/libgcc.a(_arm_cmpsf2.o)
                0x00000000080006ec                __gtsf2
                0x00000000080006ec                __gesf2
                0x00000000080006f4                __lesf2
                0x00000000080006f4                __ltsf2
                0x00000000080006fc                __nesf2
                0x00000000080006fc                __eqsf2
                0x00000000080006fc                __cmpsf2
                0x000000000800075c                __aeabi_cfrcmple
                0x0000000008000764                __aeabi_cfcmple
                0x0000000008000764                __aeabi_cfcmpeq
                0x0000000008000774                __aeabi_fcmpeq
                0x0000000008000788                __aeabi_fcmplt
                0x000000000800079c                __aeabi_fcmple
                0x00000000080007b0                __aeabi_fcmpge
                0x00000000080007c4                __aeabi_fcmpgt
 .text          0x00000000080007d8       0x4c /opt/gcc-arm-none-eabi-9-2020-q2-update/bin/../lib/gcc/arm-none-eabi/9.3.1/thumb/v7-m/nofp/libgcc.a(_arm_fixsfsi.o)
                0x00000000080007d8                __fixsfsi
                0x00000000080007d8                __aeabi_f2iz
 .text          0x0000000008000824       0x30 /opt/gcc-arm-none-eabi-9-2020-q2-update/bin/../lib/gcc/arm-none-eabi/9.3.1/thumb/v7-m/nofp/libgcc.a(_aeabi_uldivmod.o)
                0x0000000008000824                __aeabi_uldivmod
 .text          0x0000000008000854      0x2c4 /opt/gcc-arm-none-eabi-9-2020-q2-update/bin/../lib/gcc/arm-none-eabi/9.3.1/thumb/v7-m/nofp/libgcc.a(_udivmoddi4.o)
                0x0000000008000854                __udivmoddi4
 .text          0x0000000008000b18        0x4 /opt/gcc-arm-none-eabi-9-2020-q2-update/bin/../lib/gcc/arm-none-eabi/9.3.1/thumb/v7-m/nofp/libgcc.a(_dvmd_tls.o)
                0x0000000008000b18                __aeabi_ldiv0
                0x0000000008000b18                __aeabi_idiv0
 *(.text*)
 .text.MX_GPIO_Init
                0x0000000008000b1c      0x1cc build/main.o
 .text.MX_SPI1_Init
                0x0000000008000ce8       0x40 build/main.o
 .text.MX_SPI3_Init
                0x0000000008000d28       0x3c build/main.o
 .text.MX_RTC_Init
                0x0000000008000d64       0x6c build/main.o
 .text.MX_USART2_UART_Init
                0x0000000008000dd0       0x2c build/main.o
 .text.MX_CRC_Init
                0x0000000008000dfc       0x18 build/main.o
 .text.StartDefaultTask
                0x0000000008000e14       0xc0 build/main.o
                0x0000000008000e14                StartDefaultTask
 .text.SystemClock_Config
                0x0000000008000ed4       0xb8 build/main.o
                0x0000000008000ed4                SystemClock_Config
 .text.main     0x0000000008000f8c       0x50 build/main.o
                0x0000000008000f8c                main
 .text.HAL_TIM_PeriodElapsedCallback
                0x0000000008000fdc       0x12 build/main.o
                0x0000000008000fdc                HAL_TIM_PeriodElapsedCallback
 .text.Error_Handler
                0x0000000008000fee        0x2 build/main.o
                0x0000000008000fee                Error_Handler
 .text.NMI_Handler
                0x0000000008000ff0        0x2 build/stm32f1xx_it.o
                0x0000000008000ff0                NMI_Handler
 .text.HardFault_Handler
                0x0000000008000ff2        0x2 build/stm32f1xx_it.o
                0x0000000008000ff2                HardFault_Handler
 .text.MemManage_Handler
                0x0000000008000ff4        0x2 build/stm32f1xx_it.o
                0x0000000008000ff4                MemManage_Handler
 .text.BusFault_Handler
                0x0000000008000ff6        0x2 build/stm32f1xx_it.o
                0x0000000008000ff6                BusFault_Handler
 .text.UsageFault_Handler
                0x0000000008000ff8        0x2 build/stm32f1xx_it.o
                0x0000000008000ff8                UsageFault_Handler
 .text.DebugMon_Handler
                0x0000000008000ffa        0x2 build/stm32f1xx_it.o
                0x0000000008000ffa                DebugMon_Handler
 .text.TIM2_IRQHandler
                0x0000000008000ffc       0x10 build/stm32f1xx_it.o
                0x0000000008000ffc                TIM2_IRQHandler
 .text.OTG_FS_IRQHandler
                0x000000000800100c       0x10 build/stm32f1xx_it.o
                0x000000000800100c                OTG_FS_IRQHandler
 .text.HAL_MspInit
                0x000000000800101c       0x30 build/stm32f1xx_hal_msp.o
                0x000000000800101c                HAL_MspInit
 .text.HAL_CRC_MspInit
                0x000000000800104c       0x2c build/stm32f1xx_hal_msp.o
                0x000000000800104c                HAL_CRC_MspInit
 .text.HAL_RTC_MspInit
                0x0000000008001078       0x40 build/stm32f1xx_hal_msp.o
                0x0000000008001078                HAL_RTC_MspInit
 .text.HAL_SPI_MspInit
                0x00000000080010b8       0xe8 build/stm32f1xx_hal_msp.o
                0x00000000080010b8                HAL_SPI_MspInit
 .text.HAL_UART_MspInit
                0x00000000080011a0       0x88 build/stm32f1xx_hal_msp.o
                0x00000000080011a0                HAL_UART_MspInit
 .text.SPI3_WriteByte
                0x0000000008001228       0x24 build/GUI_X_Touch.o
                0x0000000008001228                SPI3_WriteByte
 .text.TPReadX  0x000000000800124c       0x50 build/GUI_X_Touch.o
                0x000000000800124c                TPReadX
 .text.TPReadY  0x000000000800129c       0x50 build/GUI_X_Touch.o
                0x000000000800129c                TPReadY
 .text.GUI_TOUCH_X_ActivateX
                0x00000000080012ec        0x2 build/GUI_X_Touch.o
                0x00000000080012ec                GUI_TOUCH_X_ActivateX
 .text.GUI_TOUCH_X_ActivateY
                0x00000000080012ee        0x2 build/GUI_X_Touch.o
                0x00000000080012ee                GUI_TOUCH_X_ActivateY
 .text.GUI_TOUCH_X_MeasureX
                0x00000000080012f0       0x9c build/GUI_X_Touch.o
                0x00000000080012f0                GUI_TOUCH_X_MeasureX
 .text.GUI_TOUCH_X_MeasureY
                0x000000000800138c       0x9c build/GUI_X_Touch.o
                0x000000000800138c                GUI_TOUCH_X_MeasureY
 .text.delay    0x0000000008001428       0x24 build/lcd_driver.o
 .text.Lcd_Shortdelay
                0x000000000800144c       0x1a build/lcd_driver.o
 *fill*         0x0000000008001466        0x2 
 .text.ili9320_WriteIndex
                0x0000000008001468       0x4c build/lcd_driver.o
                0x0000000008001468                ili9320_WriteIndex
 .text.ili9320_WriteData
                0x00000000080014b4       0x4c build/lcd_driver.o
                0x00000000080014b4                ili9320_WriteData
 .text.ili9320_ReadData
                0x0000000008001500       0x60 build/lcd_driver.o
                0x0000000008001500                ili9320_ReadData
 .text.ili9320_WriteRegister
                0x0000000008001560       0x70 build/lcd_driver.o
                0x0000000008001560                ili9320_WriteRegister
 .text.ili9320_Initializtion
                0x00000000080015d0     0x2148 build/lcd_driver.o
                0x00000000080015d0                ili9320_Initializtion
 .text.HAL_Init
                0x0000000008003718       0x24 build/stm32f1xx_hal.o
                0x0000000008003718                HAL_Init
 .text.HAL_IncTick
                0x000000000800373c       0x18 build/stm32f1xx_hal.o
                0x000000000800373c                HAL_IncTick
 .text.HAL_GetTick
                0x0000000008003754        0xc build/stm32f1xx_hal.o
                0x0000000008003754                HAL_GetTick
 .text.HAL_Delay
                0x0000000008003760       0x28 build/stm32f1xx_hal.o
                0x0000000008003760                HAL_Delay
 .text.RCC_Delay
                0x0000000008003788       0x2c build/stm32f1xx_hal_rcc.o
 .text.HAL_RCC_OscConfig
                0x00000000080037b4      0x4f8 build/stm32f1xx_hal_rcc.o
                0x00000000080037b4                HAL_RCC_OscConfig
 .text.HAL_RCC_MCOConfig
                0x0000000008003cac       0x4c build/stm32f1xx_hal_rcc.o
                0x0000000008003cac                HAL_RCC_MCOConfig
 .text.HAL_RCC_GetSysClockFreq
                0x0000000008003cf8       0xb8 build/stm32f1xx_hal_rcc.o
                0x0000000008003cf8                HAL_RCC_GetSysClockFreq
 .text.HAL_RCC_ClockConfig
                0x0000000008003db0      0x16c build/stm32f1xx_hal_rcc.o
                0x0000000008003db0                HAL_RCC_ClockConfig
 .text.HAL_RCC_GetHCLKFreq
                0x0000000008003f1c        0xc build/stm32f1xx_hal_rcc.o
                0x0000000008003f1c                HAL_RCC_GetHCLKFreq
 .text.HAL_RCC_GetPCLK1Freq
                0x0000000008003f28       0x20 build/stm32f1xx_hal_rcc.o
                0x0000000008003f28                HAL_RCC_GetPCLK1Freq
 .text.HAL_RCC_GetPCLK2Freq
                0x0000000008003f48       0x20 build/stm32f1xx_hal_rcc.o
                0x0000000008003f48                HAL_RCC_GetPCLK2Freq
 .text.HAL_RCC_GetClockConfig
                0x0000000008003f68       0x3c build/stm32f1xx_hal_rcc.o
                0x0000000008003f68                HAL_RCC_GetClockConfig
 .text.HAL_RCCEx_PeriphCLKConfig
                0x0000000008003fa4      0x1d4 build/stm32f1xx_hal_rcc_ex.o
                0x0000000008003fa4                HAL_RCCEx_PeriphCLKConfig
 .text.HAL_RCCEx_GetPeriphCLKFreq
                0x0000000008004178      0x1b4 build/stm32f1xx_hal_rcc_ex.o
                0x0000000008004178                HAL_RCCEx_GetPeriphCLKFreq
 .text.HAL_GPIO_Init
                0x000000000800432c      0x220 build/stm32f1xx_hal_gpio.o
                0x000000000800432c                HAL_GPIO_Init
 .text.HAL_GPIO_WritePin
                0x000000000800454c        0xc build/stm32f1xx_hal_gpio.o
                0x000000000800454c                HAL_GPIO_WritePin
 .text.HAL_GPIO_TogglePin
                0x0000000008004558       0x12 build/stm32f1xx_hal_gpio.o
                0x0000000008004558                HAL_GPIO_TogglePin
 *fill*         0x000000000800456a        0x2 
 .text.HAL_NVIC_SetPriorityGrouping
                0x000000000800456c       0x24 build/stm32f1xx_hal_cortex.o
                0x000000000800456c                HAL_NVIC_SetPriorityGrouping
 .text.HAL_NVIC_SetPriority
                0x0000000008004590       0x68 build/stm32f1xx_hal_cortex.o
                0x0000000008004590                HAL_NVIC_SetPriority
 .text.HAL_NVIC_EnableIRQ
                0x00000000080045f8       0x1c build/stm32f1xx_hal_cortex.o
                0x00000000080045f8                HAL_NVIC_EnableIRQ
 .text.HAL_PWR_EnableBkUpAccess
                0x0000000008004614        0xc build/stm32f1xx_hal_pwr.o
                0x0000000008004614                HAL_PWR_EnableBkUpAccess
 .text.HAL_TIM_Base_MspInit
                0x0000000008004620        0x2 build/stm32f1xx_hal_tim.o
                0x0000000008004620                HAL_TIM_Base_MspInit
 *fill*         0x0000000008004622        0x2 
 .text.HAL_TIM_Base_Start_IT
                0x0000000008004624       0x70 build/stm32f1xx_hal_tim.o
                0x0000000008004624                HAL_TIM_Base_Start_IT
 .text.HAL_TIM_OC_DelayElapsedCallback
                0x0000000008004694        0x2 build/stm32f1xx_hal_tim.o
                0x0000000008004694                HAL_TIM_OC_DelayElapsedCallback
 .text.HAL_TIM_IC_CaptureCallback
                0x0000000008004696        0x2 build/stm32f1xx_hal_tim.o
                0x0000000008004696                HAL_TIM_IC_CaptureCallback
 .text.HAL_TIM_PWM_PulseFinishedCallback
                0x0000000008004698        0x2 build/stm32f1xx_hal_tim.o
                0x0000000008004698                HAL_TIM_PWM_PulseFinishedCallback
 .text.HAL_TIM_TriggerCallback
                0x000000000800469a        0x2 build/stm32f1xx_hal_tim.o
                0x000000000800469a                HAL_TIM_TriggerCallback
 .text.HAL_TIM_IRQHandler
                0x000000000800469c      0x17a build/stm32f1xx_hal_tim.o
                0x000000000800469c                HAL_TIM_IRQHandler
 *fill*         0x0000000008004816        0x2 
 .text.TIM_Base_SetConfig
                0x0000000008004818       0x84 build/stm32f1xx_hal_tim.o
                0x0000000008004818                TIM_Base_SetConfig
 .text.HAL_TIM_Base_Init
                0x000000000800489c       0x58 build/stm32f1xx_hal_tim.o
                0x000000000800489c                HAL_TIM_Base_Init
 .text.HAL_TIMEx_CommutCallback
                0x00000000080048f4        0x2 build/stm32f1xx_hal_tim_ex.o
                0x00000000080048f4                HAL_TIMEx_CommutCallback
 .text.HAL_TIMEx_BreakCallback
                0x00000000080048f6        0x2 build/stm32f1xx_hal_tim_ex.o
                0x00000000080048f6                HAL_TIMEx_BreakCallback
 .text.SystemInit
                0x00000000080048f8        0x2 build/system_stm32f1xx.o
                0x00000000080048f8                SystemInit
 .text.HAL_HCD_MspInit
                0x00000000080048fa       0x3e build/usbh_conf.o
                0x00000000080048fa                HAL_HCD_MspInit
 .text.HAL_HCD_SOF_Callback
                0x0000000008004938        0xc build/usbh_conf.o
                0x0000000008004938                HAL_HCD_SOF_Callback
 .text.HAL_HCD_Connect_Callback
                0x0000000008004944        0xc build/usbh_conf.o
                0x0000000008004944                HAL_HCD_Connect_Callback
 .text.HAL_HCD_Disconnect_Callback
                0x0000000008004950        0xc build/usbh_conf.o
                0x0000000008004950                HAL_HCD_Disconnect_Callback
 .text.HAL_HCD_HC_NotifyURBChange_Callback
                0x000000000800495c        0xc build/usbh_conf.o
                0x000000000800495c                HAL_HCD_HC_NotifyURBChange_Callback
 .text.HAL_HCD_PortEnabled_Callback
                0x0000000008004968        0xc build/usbh_conf.o
                0x0000000008004968                HAL_HCD_PortEnabled_Callback
 .text.HAL_HCD_PortDisabled_Callback
                0x0000000008004974        0xc build/usbh_conf.o
                0x0000000008004974                HAL_HCD_PortDisabled_Callback
 .text.USBH_LL_Init
                0x0000000008004980       0x50 build/usbh_conf.o
                0x0000000008004980                USBH_LL_Init
 .text.USBH_LL_GetSpeed
                0x00000000080049d0       0x20 build/usbh_conf.o
                0x00000000080049d0                USBH_LL_GetSpeed
 .text.USBH_LL_GetLastXferSize
                0x00000000080049f0        0xc build/usbh_conf.o
                0x00000000080049f0                USBH_LL_GetLastXferSize
 .text.USBH_LL_GetURBState
                0x00000000080049fc        0xc build/usbh_conf.o
                0x00000000080049fc                USBH_LL_GetURBState
 .text.USBH_LL_DriverVBUS
                0x0000000008004a08       0x1c build/usbh_conf.o
                0x0000000008004a08                USBH_LL_DriverVBUS
 .text.USBH_LL_SetToggle
                0x0000000008004a24       0x30 build/usbh_conf.o
                0x0000000008004a24                USBH_LL_SetToggle
 .text.USBH_LL_GetToggle
                0x0000000008004a54       0x2e build/usbh_conf.o
                0x0000000008004a54                USBH_LL_GetToggle
 .text.USBH_Delay
                0x0000000008004a82        0x8 build/usbh_conf.o
                0x0000000008004a82                USBH_Delay
 .text.USBH_Get_USB_Status
                0x0000000008004a8a       0x14 build/usbh_conf.o
                0x0000000008004a8a                USBH_Get_USB_Status
 .text.USBH_LL_Start
                0x0000000008004a9e       0x10 build/usbh_conf.o
                0x0000000008004a9e                USBH_LL_Start
 .text.USBH_LL_Stop
                0x0000000008004aae       0x10 build/usbh_conf.o
                0x0000000008004aae                USBH_LL_Stop
 .text.USBH_LL_ResetPort
                0x0000000008004abe       0x10 build/usbh_conf.o
                0x0000000008004abe                USBH_LL_ResetPort
 .text.USBH_LL_OpenPipe
                0x0000000008004ace       0x26 build/usbh_conf.o
                0x0000000008004ace                USBH_LL_OpenPipe
 .text.USBH_LL_ClosePipe
                0x0000000008004af4       0x10 build/usbh_conf.o
                0x0000000008004af4                USBH_LL_ClosePipe
 .text.USBH_LL_SubmitURB
                0x0000000008004b04       0x2a build/usbh_conf.o
                0x0000000008004b04                USBH_LL_SubmitURB
 *fill*         0x0000000008004b2e        0x2 
 .text.USBH_UserProcess
                0x0000000008004b30       0x2c build/usb_host.o
 .text.MX_USB_HOST_Init
                0x0000000008004b5c       0x40 build/usb_host.o
                0x0000000008004b5c                MX_USB_HOST_Init
 .text.HCD_RXQLVL_IRQHandler
                0x0000000008004b9c       0x84 build/stm32f1xx_hal_hcd.o
 .text.HAL_HCD_HC_Init
                0x0000000008004c20       0x96 build/stm32f1xx_hal_hcd.o
                0x0000000008004c20                HAL_HCD_HC_Init
 .text.HAL_HCD_HC_Halt
                0x0000000008004cb6       0x24 build/stm32f1xx_hal_hcd.o
                0x0000000008004cb6                HAL_HCD_HC_Halt
 .text.HAL_HCD_Init
                0x0000000008004cda       0x94 build/stm32f1xx_hal_hcd.o
                0x0000000008004cda                HAL_HCD_Init
 .text.HAL_HCD_HC_SubmitRequest
                0x0000000008004d6e      0x190 build/stm32f1xx_hal_hcd.o
                0x0000000008004d6e                HAL_HCD_HC_SubmitRequest
 .text.HCD_Port_IRQHandler
                0x0000000008004efe       0xb0 build/stm32f1xx_hal_hcd.o
 .text.HCD_HC_IN_IRQHandler
                0x0000000008004fae      0x308 build/stm32f1xx_hal_hcd.o
 .text.HCD_HC_OUT_IRQHandler
                0x00000000080052b6      0x2aa build/stm32f1xx_hal_hcd.o
 .text.HAL_HCD_IRQHandler
                0x0000000008005560      0x146 build/stm32f1xx_hal_hcd.o
                0x0000000008005560                HAL_HCD_IRQHandler
 .text.HAL_HCD_Start
                0x00000000080056a6       0x2c build/stm32f1xx_hal_hcd.o
                0x00000000080056a6                HAL_HCD_Start
 .text.HAL_HCD_Stop
                0x00000000080056d2       0x24 build/stm32f1xx_hal_hcd.o
                0x00000000080056d2                HAL_HCD_Stop
 .text.HAL_HCD_ResetPort
                0x00000000080056f6        0xa build/stm32f1xx_hal_hcd.o
                0x00000000080056f6                HAL_HCD_ResetPort
 .text.HAL_HCD_HC_GetURBState
                0x0000000008005700        0xe build/stm32f1xx_hal_hcd.o
                0x0000000008005700                HAL_HCD_HC_GetURBState
 .text.HAL_HCD_HC_GetXferCount
                0x000000000800570e        0xc build/stm32f1xx_hal_hcd.o
                0x000000000800570e                HAL_HCD_HC_GetXferCount
 .text.HAL_HCD_GetCurrentFrame
                0x000000000800571a        0xa build/stm32f1xx_hal_hcd.o
                0x000000000800571a                HAL_HCD_GetCurrentFrame
 .text.HAL_HCD_GetCurrentSpeed
                0x0000000008005724        0xa build/stm32f1xx_hal_hcd.o
                0x0000000008005724                HAL_HCD_GetCurrentSpeed
 *fill*         0x000000000800572e        0x2 
 .text.USB_CoreReset
                0x0000000008005730       0x3c build/stm32f1xx_ll_usb.o
 .text.USB_CoreInit
                0x000000000800576c       0x64 build/stm32f1xx_ll_usb.o
                0x000000000800576c                USB_CoreInit
 .text.USB_EnableGlobalInt
                0x00000000080057d0        0xc build/stm32f1xx_ll_usb.o
                0x00000000080057d0                USB_EnableGlobalInt
 .text.USB_DisableGlobalInt
                0x00000000080057dc        0xc build/stm32f1xx_ll_usb.o
                0x00000000080057dc                USB_DisableGlobalInt
 .text.USB_SetCurrentMode
                0x00000000080057e8       0x30 build/stm32f1xx_ll_usb.o
                0x00000000080057e8                USB_SetCurrentMode
 .text.USB_FlushTxFifo
                0x0000000008005818       0x28 build/stm32f1xx_ll_usb.o
                0x0000000008005818                USB_FlushTxFifo
 .text.USB_FlushRxFifo
                0x0000000008005840       0x24 build/stm32f1xx_ll_usb.o
                0x0000000008005840                USB_FlushRxFifo
 .text.USB_WritePacket
                0x0000000008005864       0x24 build/stm32f1xx_ll_usb.o
                0x0000000008005864                USB_WritePacket
 .text.USB_ReadPacket
                0x0000000008005888       0x20 build/stm32f1xx_ll_usb.o
                0x0000000008005888                USB_ReadPacket
 .text.USB_ReadInterrupts
                0x00000000080058a8        0x8 build/stm32f1xx_ll_usb.o
                0x00000000080058a8                USB_ReadInterrupts
 .text.USB_GetMode
                0x00000000080058b0        0x8 build/stm32f1xx_ll_usb.o
                0x00000000080058b0                USB_GetMode
 .text.USB_InitFSLSPClkSel
                0x00000000080058b8       0x3e build/stm32f1xx_ll_usb.o
                0x00000000080058b8                USB_InitFSLSPClkSel
 .text.USB_ResetPort
                0x00000000080058f6       0x3e build/stm32f1xx_ll_usb.o
                0x00000000080058f6                USB_ResetPort
 .text.USB_DriveVbus
                0x0000000008005934       0x46 build/stm32f1xx_ll_usb.o
                0x0000000008005934                USB_DriveVbus
 *fill*         0x000000000800597a        0x2 
 .text.USB_HostInit
                0x000000000800597c       0xa4 build/stm32f1xx_ll_usb.o
                0x000000000800597c                USB_HostInit
 .text.USB_GetHostSpeed
                0x0000000008005a20       0x16 build/stm32f1xx_ll_usb.o
                0x0000000008005a20                USB_GetHostSpeed
 .text.USB_GetCurrentFrame
                0x0000000008005a36        0xa build/stm32f1xx_ll_usb.o
                0x0000000008005a36                USB_GetCurrentFrame
 .text.USB_HC_Init
                0x0000000008005a40       0xf4 build/stm32f1xx_ll_usb.o
                0x0000000008005a40                USB_HC_Init
 .text.USB_HC_StartXfer
                0x0000000008005b34      0x110 build/stm32f1xx_ll_usb.o
                0x0000000008005b34                USB_HC_StartXfer
 .text.USB_HC_ReadInterrupt
                0x0000000008005c44        0xa build/stm32f1xx_ll_usb.o
                0x0000000008005c44                USB_HC_ReadInterrupt
 .text.USB_HC_Halt
                0x0000000008005c4e       0xce build/stm32f1xx_ll_usb.o
                0x0000000008005c4e                USB_HC_Halt
 .text.USB_StopHost
                0x0000000008005d1c       0x7e build/stm32f1xx_ll_usb.o
                0x0000000008005d1c                USB_StopHost
 .text.RTC_ReadTimeCounter
                0x0000000008005d9a       0x26 build/stm32f1xx_hal_rtc.o
 .text.RTC_ReadAlarmCounter
                0x0000000008005dc0        0xe build/stm32f1xx_hal_rtc.o
 .text.RTC_Bcd2ToByte
                0x0000000008005dce       0x12 build/stm32f1xx_hal_rtc.o
 .text.RTC_WeekDayNum
                0x0000000008005de0       0x9c build/stm32f1xx_hal_rtc.o
 .text.RTC_EnterInitMode
                0x0000000008005e7c       0x30 build/stm32f1xx_hal_rtc.o
 .text.RTC_ExitInitMode
                0x0000000008005eac       0x32 build/stm32f1xx_hal_rtc.o
 .text.RTC_WriteTimeCounter
                0x0000000008005ede       0x2a build/stm32f1xx_hal_rtc.o
 .text.RTC_WriteAlarmCounter
                0x0000000008005f08       0x2a build/stm32f1xx_hal_rtc.o
 .text.HAL_RTC_SetTime
                0x0000000008005f32       0xc2 build/stm32f1xx_hal_rtc.o
                0x0000000008005f32                HAL_RTC_SetTime
 .text.HAL_RTC_SetDate
                0x0000000008005ff4       0xd4 build/stm32f1xx_hal_rtc.o
                0x0000000008005ff4                HAL_RTC_SetDate
 .text.HAL_RTC_WaitForSynchro
                0x00000000080060c8       0x38 build/stm32f1xx_hal_rtc.o
                0x00000000080060c8                HAL_RTC_WaitForSynchro
 .text.HAL_RTC_Init
                0x0000000008006100       0xbc build/stm32f1xx_hal_rtc.o
                0x0000000008006100                HAL_RTC_Init
 .text.SPI_WaitFlagStateUntilTimeout
                0x00000000080061bc       0xd0 build/stm32f1xx_hal_spi.o
 .text.SPI_EndRxTxTransaction
                0x000000000800628c       0x24 build/stm32f1xx_hal_spi.o
 .text.SPI_EndRxTransaction
                0x00000000080062b0       0x74 build/stm32f1xx_hal_spi.o
 .text.HAL_SPI_Init
                0x0000000008006324       0xb6 build/stm32f1xx_hal_spi.o
                0x0000000008006324                HAL_SPI_Init
 .text.HAL_SPI_Transmit
                0x00000000080063da      0x1ae build/stm32f1xx_hal_spi.o
                0x00000000080063da                HAL_SPI_Transmit
 .text.HAL_SPI_TransmitReceive
                0x0000000008006588      0x238 build/stm32f1xx_hal_spi.o
                0x0000000008006588                HAL_SPI_TransmitReceive
 .text.HAL_SPI_Receive
                0x00000000080067c0      0x174 build/stm32f1xx_hal_spi.o
                0x00000000080067c0                HAL_SPI_Receive
 .text.UART_SetConfig
                0x0000000008006934       0x90 build/stm32f1xx_hal_uart.o
 .text.HAL_UART_Init
                0x00000000080069c4       0x5e build/stm32f1xx_hal_uart.o
                0x00000000080069c4                HAL_UART_Init
 .text.DeInitStateMachine
                0x0000000008006a22       0x4e build/usbh_core.o
 .text.USBH_HandleSof
                0x0000000008006a70       0x1a build/usbh_core.o
 .text.USBH_HandleEnum
                0x0000000008006a8a      0x1aa build/usbh_core.o
 .text.USBH_Init
                0x0000000008006c34       0x7c build/usbh_core.o
                0x0000000008006c34                USBH_Init
 .text.USBH_RegisterClass
                0x0000000008006cb0       0x24 build/usbh_core.o
                0x0000000008006cb0                USBH_RegisterClass
 .text.USBH_SelectInterface
                0x0000000008006cd4       0x14 build/usbh_core.o
                0x0000000008006cd4                USBH_SelectInterface
 .text.USBH_FindInterface
                0x0000000008006ce8       0x50 build/usbh_core.o
                0x0000000008006ce8                USBH_FindInterface
 .text.USBH_Start
                0x0000000008006d38       0x14 build/usbh_core.o
                0x0000000008006d38                USBH_Start
 .text.USBH_Process
                0x0000000008006d4c      0x2a8 build/usbh_core.o
                0x0000000008006d4c                USBH_Process
 .text.USBH_Process_OS
                0x0000000008006ff4       0x24 build/usbh_core.o
 .text.USBH_LL_SetTimer
                0x0000000008007018        0x6 build/usbh_core.o
                0x0000000008007018                USBH_LL_SetTimer
 .text.USBH_LL_IncTimer
                0x000000000800701e       0x12 build/usbh_core.o
                0x000000000800701e                USBH_LL_IncTimer
 .text.USBH_LL_PortEnabled
                0x0000000008007030       0x18 build/usbh_core.o
                0x0000000008007030                USBH_LL_PortEnabled
 .text.USBH_LL_PortDisabled
                0x0000000008007048        0x8 build/usbh_core.o
                0x0000000008007048                USBH_LL_PortDisabled
 .text.USBH_LL_Connect
                0x0000000008007050       0x24 build/usbh_core.o
                0x0000000008007050                USBH_LL_Connect
 .text.USBH_LL_Disconnect
                0x0000000008007074       0x3c build/usbh_core.o
                0x0000000008007074                USBH_LL_Disconnect
 .text.USBH_LL_NotifyURBChange
                0x00000000080070b0       0x16 build/usbh_core.o
                0x00000000080070b0                USBH_LL_NotifyURBChange
 .text.USBH_ParseDevDesc
                0x00000000080070c6       0x5a build/usbh_ctlreq.o
 .text.USBH_ParseInterfaceDesc
                0x0000000008007120       0x26 build/usbh_ctlreq.o
 .text.USBH_ParseEPDesc
                0x0000000008007146       0x20 build/usbh_ctlreq.o
 .text.USBH_ParseStringDesc
                0x0000000008007166       0x3a build/usbh_ctlreq.o
 .text.USBH_HandleControl
                0x00000000080071a0      0x2c2 build/usbh_ctlreq.o
 .text.USBH_GetNextDesc
                0x0000000008007462        0xe build/usbh_ctlreq.o
                0x0000000008007462                USBH_GetNextDesc
 .text.USBH_ParseCfgDesc
                0x0000000008007470       0xc2 build/usbh_ctlreq.o
 .text.USBH_CtlReq
                0x0000000008007532       0x5c build/usbh_ctlreq.o
                0x0000000008007532                USBH_CtlReq
 .text.USBH_GetDescriptor
                0x000000000800758e       0x3e build/usbh_ctlreq.o
                0x000000000800758e                USBH_GetDescriptor
 .text.USBH_Get_DevDesc
                0x00000000080075cc       0x32 build/usbh_ctlreq.o
                0x00000000080075cc                USBH_Get_DevDesc
 .text.USBH_Get_CfgDesc
                0x00000000080075fe       0x32 build/usbh_ctlreq.o
                0x00000000080075fe                USBH_Get_CfgDesc
 .text.USBH_Get_StringDesc
                0x0000000008007630       0x30 build/usbh_ctlreq.o
                0x0000000008007630                USBH_Get_StringDesc
 .text.USBH_SetAddress
                0x0000000008007660       0x22 build/usbh_ctlreq.o
                0x0000000008007660                USBH_SetAddress
 .text.USBH_SetCfg
                0x0000000008007682       0x22 build/usbh_ctlreq.o
                0x0000000008007682                USBH_SetCfg
 .text.USBH_SetFeature
                0x00000000080076a4       0x22 build/usbh_ctlreq.o
                0x00000000080076a4                USBH_SetFeature
 .text.USBH_ClrFeature
                0x00000000080076c6       0x24 build/usbh_ctlreq.o
                0x00000000080076c6                USBH_ClrFeature
 .text.USBH_CtlSendSetup
                0x00000000080076ea       0x22 build/usbh_ioreq.o
                0x00000000080076ea                USBH_CtlSendSetup
 .text.USBH_CtlSendData
                0x000000000800770c       0x2c build/usbh_ioreq.o
                0x000000000800770c                USBH_CtlSendData
 .text.USBH_CtlReceiveData
                0x0000000008007738       0x20 build/usbh_ioreq.o
                0x0000000008007738                USBH_CtlReceiveData
 .text.USBH_BulkSendData
                0x0000000008007758       0x2c build/usbh_ioreq.o
                0x0000000008007758                USBH_BulkSendData
 .text.USBH_BulkReceiveData
                0x0000000008007784       0x20 build/usbh_ioreq.o
                0x0000000008007784                USBH_BulkReceiveData
 .text.USBH_GetFreePipe
                0x00000000080077a4       0x24 build/usbh_pipes.o
 .text.USBH_OpenPipe
                0x00000000080077c8       0x20 build/usbh_pipes.o
                0x00000000080077c8                USBH_OpenPipe
 .text.USBH_ClosePipe
                0x00000000080077e8        0xa build/usbh_pipes.o
                0x00000000080077e8                USBH_ClosePipe
 .text.USBH_AllocPipe
                0x00000000080077f2       0x24 build/usbh_pipes.o
                0x00000000080077f2                USBH_AllocPipe
 .text.USBH_FreePipe
                0x0000000008007816       0x16 build/usbh_pipes.o
                0x0000000008007816                USBH_FreePipe
 .text.USBH_MSC_SOFProcess
                0x000000000800782c        0x4 build/usbh_msc.o
 .text.USBH_MSC_Process
                0x0000000008007830      0x2a8 build/usbh_msc.o
 .text.USBH_MSC_ClassRequest
                0x0000000008007ad8       0x6c build/usbh_msc.o
 .text.USBH_MSC_InterfaceDeInit
                0x0000000008007b44       0x50 build/usbh_msc.o
 .text.USBH_MSC_InterfaceInit
                0x0000000008007b94      0x138 build/usbh_msc.o
 .text.USBH_MSC_DecodeCSW
                0x0000000008007ccc       0x48 build/usbh_msc_bot.o
 .text.USBH_MSC_BOT_Abort
                0x0000000008007d14       0x22 build/usbh_msc_bot.o
 .text.USBH_MSC_BOT_REQ_Reset
                0x0000000008007d36       0x1a build/usbh_msc_bot.o
                0x0000000008007d36                USBH_MSC_BOT_REQ_Reset
 .text.USBH_MSC_BOT_REQ_GetMaxLUN
                0x0000000008007d50       0x1a build/usbh_msc_bot.o
                0x0000000008007d50                USBH_MSC_BOT_REQ_GetMaxLUN
 *fill*         0x0000000008007d6a        0x2 
 .text.USBH_MSC_BOT_Init
                0x0000000008007d6c       0x24 build/usbh_msc_bot.o
                0x0000000008007d6c                USBH_MSC_BOT_Init
 .text.USBH_MSC_BOT_Process
                0x0000000008007d90      0x2f2 build/usbh_msc_bot.o
                0x0000000008007d90                USBH_MSC_BOT_Process
 .text.USBH_MSC_SCSI_TestUnitReady
                0x0000000008008082       0x52 build/usbh_msc_scsi.o
                0x0000000008008082                USBH_MSC_SCSI_TestUnitReady
 .text.USBH_MSC_SCSI_ReadCapacity
                0x00000000080080d4       0x8e build/usbh_msc_scsi.o
                0x00000000080080d4                USBH_MSC_SCSI_ReadCapacity
 .text.USBH_MSC_SCSI_Inquiry
                0x0000000008008162       0xd8 build/usbh_msc_scsi.o
                0x0000000008008162                USBH_MSC_SCSI_Inquiry
 .text.USBH_MSC_SCSI_RequestSense
                0x000000000800823a       0x94 build/usbh_msc_scsi.o
                0x000000000800823a                USBH_MSC_SCSI_RequestSense
 *fill*         0x00000000080082ce        0x2 
 .text.vApplicationGetIdleTaskMemory
                0x00000000080082d0       0x18 build/freertos.o
                0x00000000080082d0                vApplicationGetIdleTaskMemory
 .text.HAL_InitTick
                0x00000000080082e8       0x78 build/stm32f1xx_hal_timebase_tim.o
                0x00000000080082e8                HAL_InitTick
 .text.MX_DriverVbusFS
                0x0000000008008360       0x1c build/usbh_platform.o
                0x0000000008008360                MX_DriverVbusFS
 .text.HAL_CRC_Init
                0x000000000800837c       0x1e build/stm32f1xx_hal_crc.o
                0x000000000800837c                HAL_CRC_Init
 .text.vListInitialise
                0x000000000800839a       0x16 build/list.o
                0x000000000800839a                vListInitialise
 .text.vListInitialiseItem
                0x00000000080083b0        0x6 build/list.o
                0x00000000080083b0                vListInitialiseItem
 .text.vListInsertEnd
                0x00000000080083b6       0x16 build/list.o
                0x00000000080083b6                vListInsertEnd
 .text.vListInsert
                0x00000000080083cc       0x32 build/list.o
                0x00000000080083cc                vListInsert
 .text.uxListRemove
                0x00000000080083fe       0x26 build/list.o
                0x00000000080083fe                uxListRemove
 .text.prvGetDisinheritPriorityAfterTimeout
                0x0000000008008424       0x10 build/queue.o
 .text.prvIsQueueFull
                0x0000000008008434       0x1e build/queue.o
 .text.prvIsQueueEmpty
                0x0000000008008452       0x1a build/queue.o
 .text.prvCopyDataToQueue
                0x000000000800846c       0x76 build/queue.o
 .text.prvCopyDataFromQueue
                0x00000000080084e2       0x24 build/queue.o
 .text.prvUnlockQueue
                0x0000000008008506       0x6e build/queue.o
 .text.xQueueGenericReset
                0x0000000008008574       0x84 build/queue.o
                0x0000000008008574                xQueueGenericReset
 .text.prvInitialiseNewQueue
                0x00000000080085f8       0x1c build/queue.o
 .text.xQueueGenericCreateStatic
                0x0000000008008614       0x92 build/queue.o
                0x0000000008008614                xQueueGenericCreateStatic
 .text.xQueueGenericCreate
                0x00000000080086a6       0x4e build/queue.o
                0x00000000080086a6                xQueueGenericCreate
 .text.xQueueGenericSend
                0x00000000080086f4      0x180 build/queue.o
                0x00000000080086f4                xQueueGenericSend
 .text.prvInitialiseMutex
                0x0000000008008874       0x18 build/queue.o
 .text.xQueueCreateMutex
                0x000000000800888c       0x16 build/queue.o
                0x000000000800888c                xQueueCreateMutex
 .text.xQueueCreateMutexStatic
                0x00000000080088a2       0x1e build/queue.o
                0x00000000080088a2                xQueueCreateMutexStatic
 .text.xQueueGenericSendFromISR
                0x00000000080088c0       0xce build/queue.o
                0x00000000080088c0                xQueueGenericSendFromISR
 .text.xQueueGiveFromISR
                0x000000000800898e       0xb2 build/queue.o
                0x000000000800898e                xQueueGiveFromISR
 .text.xQueueReceive
                0x0000000008008a40      0x15c build/queue.o
                0x0000000008008a40                xQueueReceive
 .text.xQueueSemaphoreTake
                0x0000000008008b9c      0x1a4 build/queue.o
                0x0000000008008b9c                xQueueSemaphoreTake
 .text.xQueueReceiveFromISR
                0x0000000008008d40       0xac build/queue.o
                0x0000000008008d40                xQueueReceiveFromISR
 .text.prvResetNextTaskUnblockTime
                0x0000000008008dec       0x2c build/tasks.o
 .text.prvInitialiseNewTask
                0x0000000008008e18       0x88 build/tasks.o
 .text.prvInitialiseTaskLists
                0x0000000008008ea0       0x68 build/tasks.o
 .text.prvAddNewTaskToReadyList
                0x0000000008008f08       0xa8 build/tasks.o
 .text.prvDeleteTCB
                0x0000000008008fb0       0x38 build/tasks.o
 .text.prvCheckTasksWaitingTermination
                0x0000000008008fe8       0x4c build/tasks.o
 .text.prvIdleTask
                0x0000000008009034       0x28 build/tasks.o
 .text.prvAddCurrentTaskToDelayedList
                0x000000000800905c       0x98 build/tasks.o
 .text.xTaskCreateStatic
                0x00000000080090f4       0x72 build/tasks.o
                0x00000000080090f4                xTaskCreateStatic
 .text.xTaskCreate
                0x0000000008009166       0x68 build/tasks.o
                0x0000000008009166                xTaskCreate
 *fill*         0x00000000080091ce        0x2 
 .text.vTaskStartScheduler
                0x00000000080091d0       0x6c build/tasks.o
                0x00000000080091d0                vTaskStartScheduler
 .text.vTaskSuspendAll
                0x000000000800923c       0x10 build/tasks.o
                0x000000000800923c                vTaskSuspendAll
 .text.xTaskIncrementTick
                0x000000000800924c      0x118 build/tasks.o
                0x000000000800924c                xTaskIncrementTick
 .text.xTaskResumeAll
                0x0000000008009364       0xf8 build/tasks.o
                0x0000000008009364                xTaskResumeAll
 .text.vTaskDelay
                0x000000000800945c       0x4c build/tasks.o
                0x000000000800945c                vTaskDelay
 .text.vTaskSwitchContext
                0x00000000080094a8       0x98 build/tasks.o
                0x00000000080094a8                vTaskSwitchContext
 .text.vTaskPlaceOnEventList
                0x0000000008009540       0x30 build/tasks.o
                0x0000000008009540                vTaskPlaceOnEventList
 .text.xTaskRemoveFromEventList
                0x0000000008009570       0x8c build/tasks.o
                0x0000000008009570                xTaskRemoveFromEventList
 .text.vTaskInternalSetTimeOutState
                0x00000000080095fc       0x18 build/tasks.o
                0x00000000080095fc                vTaskInternalSetTimeOutState
 .text.xTaskCheckForTimeOut
                0x0000000008009614       0x84 build/tasks.o
                0x0000000008009614                xTaskCheckForTimeOut
 .text.vTaskMissedYield
                0x0000000008009698        0xc build/tasks.o
                0x0000000008009698                vTaskMissedYield
 .text.xTaskGetCurrentTaskHandle
                0x00000000080096a4        0xc build/tasks.o
                0x00000000080096a4                xTaskGetCurrentTaskHandle
 .text.xTaskGetSchedulerState
                0x00000000080096b0       0x20 build/tasks.o
                0x00000000080096b0                xTaskGetSchedulerState
 .text.xTaskPriorityInherit
                0x00000000080096d0       0xbc build/tasks.o
                0x00000000080096d0                xTaskPriorityInherit
 .text.xTaskPriorityDisinherit
                0x000000000800978c       0xb4 build/tasks.o
                0x000000000800978c                xTaskPriorityDisinherit
 .text.vTaskPriorityDisinheritAfterTimeout
                0x0000000008009840       0xc4 build/tasks.o
                0x0000000008009840                vTaskPriorityDisinheritAfterTimeout
 .text.pvTaskIncrementMutexHeldCount
                0x0000000008009904       0x1c build/tasks.o
                0x0000000008009904                pvTaskIncrementMutexHeldCount
 .text.makeFreeRtosPriority
                0x0000000008009920        0xc build/cmsis_os.o
 .text.inHandlerMode
                0x000000000800992c        0xc build/cmsis_os.o
 .text.osKernelStart
                0x0000000008009938        0xa build/cmsis_os.o
                0x0000000008009938                osKernelStart
 .text.osThreadCreate
                0x0000000008009942       0x6a build/cmsis_os.o
                0x0000000008009942                osThreadCreate
 .text.osThreadGetId
                0x00000000080099ac        0x8 build/cmsis_os.o
                0x00000000080099ac                osThreadGetId
 .text.osDelay  0x00000000080099b4        0xe build/cmsis_os.o
                0x00000000080099b4                osDelay
 .text.osMutexCreate
                0x00000000080099c2       0x16 build/cmsis_os.o
                0x00000000080099c2                osMutexCreate
 .text.osMutexWait
                0x00000000080099d8       0x60 build/cmsis_os.o
                0x00000000080099d8                osMutexWait
 .text.osMutexRelease
                0x0000000008009a38       0x5c build/cmsis_os.o
                0x0000000008009a38                osMutexRelease
 .text.osSemaphoreCreate
                0x0000000008009a94       0x48 build/cmsis_os.o
                0x0000000008009a94                osSemaphoreCreate
 .text.osMessageCreate
                0x0000000008009adc       0x2a build/cmsis_os.o
                0x0000000008009adc                osMessageCreate
 *fill*         0x0000000008009b06        0x2 
 .text.osMessagePut
                0x0000000008009b08       0x68 build/cmsis_os.o
                0x0000000008009b08                osMessagePut
 .text.osMessageGet
                0x0000000008009b70       0x88 build/cmsis_os.o
                0x0000000008009b70                osMessageGet
 .text.prvHeapInit
                0x0000000008009bf8       0x64 build/heap_4.o
 .text.prvInsertBlockIntoFreeList
                0x0000000008009c5c       0x54 build/heap_4.o
 .text.pvPortMalloc
                0x0000000008009cb0       0xf0 build/heap_4.o
                0x0000000008009cb0                pvPortMalloc
 .text.vPortFree
                0x0000000008009da0       0x70 build/heap_4.o
                0x0000000008009da0                vPortFree
 .text.prvTaskExitError
                0x0000000008009e10       0x40 build/port.o
 .text.prvPortStartFirstTask
                0x0000000008009e50       0x20 build/port.o
 .text.pxPortInitialiseStack
                0x0000000008009e70       0x24 build/port.o
                0x0000000008009e70                pxPortInitialiseStack
 *fill*         0x0000000008009e94        0xc 
 .text.SVC_Handler
                0x0000000008009ea0       0x24 build/port.o
                0x0000000008009ea0                SVC_Handler
 .text.vPortEnterCritical
                0x0000000008009ec4       0x44 build/port.o
                0x0000000008009ec4                vPortEnterCritical
 .text.vPortExitCritical
                0x0000000008009f08       0x2c build/port.o
                0x0000000008009f08                vPortExitCritical
 *fill*         0x0000000008009f34        0xc 
 .text.PendSV_Handler
                0x0000000008009f40       0x44 build/port.o
                0x0000000008009f40                PendSV_Handler
 .text.SysTick_Handler
                0x0000000008009f84       0x2c build/port.o
                0x0000000008009f84                SysTick_Handler
 .text.vPortSetupTimerInterrupt
                0x0000000008009fb0       0x38 build/port.o
                0x0000000008009fb0                vPortSetupTimerInterrupt
 .text.xPortStartScheduler
                0x0000000008009fe8       0xb8 build/port.o
                0x0000000008009fe8                xPortStartScheduler
 .text.vPortValidateInterruptPriority
                0x000000000800a0a0       0x5c build/port.o
                0x000000000800a0a0                vPortValidateInterruptPriority
 .text.GUI_X_Init
                0x000000000800a0fc        0x2 build/GUI_X_OS.o
                0x000000000800a0fc                GUI_X_Init
 *fill*         0x000000000800a0fe        0x2 
 .text.GUI_X_InitOS
                0x000000000800a100       0x30 build/GUI_X_OS.o
                0x000000000800a100                GUI_X_InitOS
 .text.GUI_X_Unlock
                0x000000000800a130       0x10 build/GUI_X_OS.o
                0x000000000800a130                GUI_X_Unlock
 .text.GUI_X_Lock
                0x000000000800a140       0x14 build/GUI_X_OS.o
                0x000000000800a140                GUI_X_Lock
 .text.GUI_X_GetTaskId
                0x000000000800a154        0x8 build/GUI_X_OS.o
                0x000000000800a154                GUI_X_GetTaskId
 .text.GUI_X_Config
                0x000000000800a15c       0x1c build/GUIConf.o
                0x000000000800a15c                GUI_X_Config
 .text.LcdReadDataMultiple
                0x000000000800a178       0x34 build/LCDConf_FlexColor_Template.o
 .text.LcdWriteDataMultiple
                0x000000000800a1ac       0x34 build/LCDConf_FlexColor_Template.o
 .text.LcdWriteData
                0x000000000800a1e0       0x2c build/LCDConf_FlexColor_Template.o
 .text.LcdWriteReg
                0x000000000800a20c       0x2c build/LCDConf_FlexColor_Template.o
 .text.LCD_X_Config
                0x000000000800a238       0xbc build/LCDConf_FlexColor_Template.o
                0x000000000800a238                LCD_X_Config
 .text.LCD_X_DisplayDriver
                0x000000000800a2f4       0x14 build/LCDConf_FlexColor_Template.o
                0x000000000800a2f4                LCD_X_DisplayDriver
 .text.Reset_Handler
                0x000000000800a308       0x48 build/startup_stm32f107xc.o
                0x000000000800a308                Reset_Handler
 .text.Default_Handler
                0x000000000800a350        0x2 build/startup_stm32f107xc.o
                0x000000000800a350                RTC_Alarm_IRQHandler
                0x000000000800a350                EXTI2_IRQHandler
                0x000000000800a350                TIM1_CC_IRQHandler
                0x000000000800a350                TIM6_IRQHandler
                0x000000000800a350                PVD_IRQHandler
                0x000000000800a350                CAN2_RX1_IRQHandler
                0x000000000800a350                EXTI3_IRQHandler
                0x000000000800a350                EXTI0_IRQHandler
                0x000000000800a350                I2C2_EV_IRQHandler
                0x000000000800a350                CAN1_RX0_IRQHandler
                0x000000000800a350                CAN2_SCE_IRQHandler
                0x000000000800a350                ADC1_2_IRQHandler
                0x000000000800a350                SPI1_IRQHandler
                0x000000000800a350                TAMPER_IRQHandler
                0x000000000800a350                CAN2_RX0_IRQHandler
                0x000000000800a350                DMA2_Channel2_IRQHandler
                0x000000000800a350                DMA1_Channel4_IRQHandler
                0x000000000800a350                USART3_IRQHandler
                0x000000000800a350                RTC_IRQHandler
                0x000000000800a350                DMA1_Channel7_IRQHandler
                0x000000000800a350                CAN1_RX1_IRQHandler
                0x000000000800a350                UART5_IRQHandler
                0x000000000800a350                TIM4_IRQHandler
                0x000000000800a350                DMA2_Channel1_IRQHandler
                0x000000000800a350                I2C1_EV_IRQHandler
                0x000000000800a350                DMA1_Channel6_IRQHandler
                0x000000000800a350                UART4_IRQHandler
                0x000000000800a350                DMA2_Channel4_IRQHandler
                0x000000000800a350                TIM3_IRQHandler
                0x000000000800a350                RCC_IRQHandler
                0x000000000800a350                TIM1_TRG_COM_IRQHandler
                0x000000000800a350                DMA1_Channel1_IRQHandler
                0x000000000800a350                Default_Handler
                0x000000000800a350                EXTI15_10_IRQHandler
                0x000000000800a350                TIM7_IRQHandler
                0x000000000800a350                CAN2_TX_IRQHandler
                0x000000000800a350                TIM5_IRQHandler
                0x000000000800a350                EXTI9_5_IRQHandler
                0x000000000800a350                ETH_WKUP_IRQHandler
                0x000000000800a350                SPI2_IRQHandler
                0x000000000800a350                CAN1_TX_IRQHandler
                0x000000000800a350                DMA2_Channel5_IRQHandler
                0x000000000800a350                DMA1_Channel5_IRQHandler
                0x000000000800a350                EXTI4_IRQHandler
                0x000000000800a350                DMA1_Channel3_IRQHandler
                0x000000000800a350                ETH_IRQHandler
                0x000000000800a350                TIM1_UP_IRQHandler
                0x000000000800a350                WWDG_IRQHandler
                0x000000000800a350                OTG_FS_WKUP_IRQHandler
                0x000000000800a350                TIM1_BRK_IRQHandler
                0x000000000800a350                EXTI1_IRQHandler
                0x000000000800a350                USART2_IRQHandler
                0x000000000800a350                I2C2_ER_IRQHandler
                0x000000000800a350                DMA1_Channel2_IRQHandler
                0x000000000800a350                CAN1_SCE_IRQHandler
                0x000000000800a350                FLASH_IRQHandler
                0x000000000800a350                USART1_IRQHandler
                0x000000000800a350                SPI3_IRQHandler
                0x000000000800a350                I2C1_ER_IRQHandler
                0x000000000800a350                DMA2_Channel3_IRQHandler
 *fill*         0x000000000800a352        0x2 
 .text.__libc_init_array
                0x000000000800a354       0x48 /opt/gcc-arm-none-eabi-9-2020-q2-update/bin/../lib/gcc/arm-none-eabi/9.3.1/../../../../arm-none-eabi/lib/thumb/v7-m/nofp/libc_nano.a(lib_a-init.o)
                0x000000000800a354                __libc_init_array
 .text.malloc   0x000000000800a39c       0x10 /opt/gcc-arm-none-eabi-9-2020-q2-update/bin/../lib/gcc/arm-none-eabi/9.3.1/../../../../arm-none-eabi/lib/thumb/v7-m/nofp/libc_nano.a(lib_a-malloc.o)
                0x000000000800a39c                malloc
 .text.free     0x000000000800a3ac       0x10 /opt/gcc-arm-none-eabi-9-2020-q2-update/bin/../lib/gcc/arm-none-eabi/9.3.1/../../../../arm-none-eabi/lib/thumb/v7-m/nofp/libc_nano.a(lib_a-malloc.o)
                0x000000000800a3ac                free
 .text.memcpy   0x000000000800a3bc       0x1c /opt/gcc-arm-none-eabi-9-2020-q2-update/bin/../lib/gcc/arm-none-eabi/9.3.1/../../../../arm-none-eabi/lib/thumb/v7-m/nofp/libc_nano.a(lib_a-memcpy-stub.o)
                0x000000000800a3bc                memcpy
 .text.memset   0x000000000800a3d8       0x10 /opt/gcc-arm-none-eabi-9-2020-q2-update/bin/../lib/gcc/arm-none-eabi/9.3.1/../../../../arm-none-eabi/lib/thumb/v7-m/nofp/libc_nano.a(lib_a-memset.o)
                0x000000000800a3d8                memset
 .text._free_r  0x000000000800a3e8       0x98 /opt/gcc-arm-none-eabi-9-2020-q2-update/bin/../lib/gcc/arm-none-eabi/9.3.1/../../../../arm-none-eabi/lib/thumb/v7-m/nofp/libc_nano.a(lib_a-nano-freer.o)
                0x000000000800a3e8                _free_r
 .text._malloc_r
                0x000000000800a480       0xb4 /opt/gcc-arm-none-eabi-9-2020-q2-update/bin/../lib/gcc/arm-none-eabi/9.3.1/../../../../arm-none-eabi/lib/thumb/v7-m/nofp/libc_nano.a(lib_a-nano-mallocr.o)
                0x000000000800a480                _malloc_r
 .text._sbrk_r  0x000000000800a534       0x20 /opt/gcc-arm-none-eabi-9-2020-q2-update/bin/../lib/gcc/arm-none-eabi/9.3.1/../../../../arm-none-eabi/lib/thumb/v7-m/nofp/libc_nano.a(lib_a-sbrkr.o)
                0x000000000800a534                _sbrk_r
 .text.__malloc_lock
                0x000000000800a554        0xc /opt/gcc-arm-none-eabi-9-2020-q2-update/bin/../lib/gcc/arm-none-eabi/9.3.1/../../../../arm-none-eabi/lib/thumb/v7-m/nofp/libc_nano.a(lib_a-mlock.o)
                0x000000000800a554                __malloc_lock
 .text.__malloc_unlock
                0x000000000800a560        0xc /opt/gcc-arm-none-eabi-9-2020-q2-update/bin/../lib/gcc/arm-none-eabi/9.3.1/../../../../arm-none-eabi/lib/thumb/v7-m/nofp/libc_nano.a(lib_a-mlock.o)
                0x000000000800a560                __malloc_unlock
 .text.__retarget_lock_acquire_recursive
                0x000000000800a56c        0x2 /opt/gcc-arm-none-eabi-9-2020-q2-update/bin/../lib/gcc/arm-none-eabi/9.3.1/../../../../arm-none-eabi/lib/thumb/v7-m/nofp/libc_nano.a(lib_a-lock.o)
                0x000000000800a56c                __retarget_lock_acquire_recursive
 .text.__retarget_lock_release_recursive
                0x000000000800a56e        0x2 /opt/gcc-arm-none-eabi-9-2020-q2-update/bin/../lib/gcc/arm-none-eabi/9.3.1/../../../../arm-none-eabi/lib/thumb/v7-m/nofp/libc_nano.a(lib_a-lock.o)
                0x000000000800a56e                __retarget_lock_release_recursive
 .text._sbrk    0x000000000800a570       0x1c /opt/gcc-arm-none-eabi-9-2020-q2-update/bin/../lib/gcc/arm-none-eabi/9.3.1/../../../../arm-none-eabi/lib/thumb/v7-m/nofp/libnosys.a(sbrk.o)
                0x000000000800a570                _sbrk
 .text.LCD_Index2Color_565
                0x000000000800a58c       0x28 Middlewares/ST/STemWin/Lib/STemWin_CM3_OS_wc32.a(GUICC_565.o)
                0x000000000800a58c                LCD_Index2Color_565
 .text._Color2Index_565
                0x000000000800a5b4       0x28 Middlewares/ST/STemWin/Lib/STemWin_CM3_OS_wc32.a(GUICC_565.o)
 .text._GetIndexMask_565
                0x000000000800a5dc        0x6 Middlewares/ST/STemWin/Lib/STemWin_CM3_OS_wc32.a(GUICC_565.o)
 *fill*         0x000000000800a5e2        0x2 
 .text._Color2IndexBulk
                0x000000000800a5e4       0x3c Middlewares/ST/STemWin/Lib/STemWin_CM3_OS_wc32.a(GUICC_565.o)
 .text._Index2ColorBulk
                0x000000000800a620       0x4c Middlewares/ST/STemWin/Lib/STemWin_CM3_OS_wc32.a(GUICC_565.o)
 .text._PushFreeBlock
                0x000000000800a66c       0x24 Middlewares/ST/STemWin/Lib/STemWin_CM3_OS_wc32.a(GUI_Alloc.o)
 .text._RemoveFreeBlock
                0x000000000800a690       0x40 Middlewares/ST/STemWin/Lib/STemWin_CM3_OS_wc32.a(GUI_Alloc.o)
 .text._AddFreeMemory
                0x000000000800a6d0       0xa4 Middlewares/ST/STemWin/Lib/STemWin_CM3_OS_wc32.a(GUI_Alloc.o)
 .text._RemoveHoles
                0x000000000800a774       0x98 Middlewares/ST/STemWin/Lib/STemWin_CM3_OS_wc32.a(GUI_Alloc.o)
 .text.GUI_ALLOC_FreeFixedBlock
                0x000000000800a80c       0x14 Middlewares/ST/STemWin/Lib/STemWin_CM3_OS_wc32.a(GUI_Alloc.o)
                0x000000000800a80c                GUI_ALLOC_FreeFixedBlock
 .text.GUI_ALLOC_h2p
                0x000000000800a820       0x14 Middlewares/ST/STemWin/Lib/STemWin_CM3_OS_wc32.a(GUI_Alloc.o)
                0x000000000800a820                GUI_ALLOC_h2p
 .text.GUI_ALLOC_LockH
                0x000000000800a834       0x1c Middlewares/ST/STemWin/Lib/STemWin_CM3_OS_wc32.a(GUI_Alloc.o)
                0x000000000800a834                GUI_ALLOC_LockH
 .text.GUI_ALLOC_UnlockH
                0x000000000800a850       0x30 Middlewares/ST/STemWin/Lib/STemWin_CM3_OS_wc32.a(GUI_Alloc.o)
                0x000000000800a850                GUI_ALLOC_UnlockH
 .text.GUI_ALLOC_AssignMemory
                0x000000000800a880       0x10 Middlewares/ST/STemWin/Lib/STemWin_CM3_OS_wc32.a(GUI_Alloc.o)
                0x000000000800a880                GUI_ALLOC_AssignMemory
 .text.GUI_ALLOC_Free
                0x000000000800a890       0x30 Middlewares/ST/STemWin/Lib/STemWin_CM3_OS_wc32.a(GUI_Alloc.o)
                0x000000000800a890                GUI_ALLOC_Free
 .text._EnlargeBlocks
                0x000000000800a8c0       0x9c Middlewares/ST/STemWin/Lib/STemWin_CM3_OS_wc32.a(GUI_Alloc.o)
 .text._InitOnce
                0x000000000800a95c       0x68 Middlewares/ST/STemWin/Lib/STemWin_CM3_OS_wc32.a(GUI_Alloc.o)
 .text.GUI_ALLOC_GetFixedBlock
                0x000000000800a9c4       0xa4 Middlewares/ST/STemWin/Lib/STemWin_CM3_OS_wc32.a(GUI_Alloc.o)
                0x000000000800a9c4                GUI_ALLOC_GetFixedBlock
 .text.GUI_ALLOC_GetMaxSize
                0x000000000800aa68       0x3c Middlewares/ST/STemWin/Lib/STemWin_CM3_OS_wc32.a(GUI_Alloc.o)
                0x000000000800aa68                GUI_ALLOC_GetMaxSize
 .text._Alloc   0x000000000800aaa4       0xf0 Middlewares/ST/STemWin/Lib/STemWin_CM3_OS_wc32.a(GUI_Alloc.o)
 .text.GUI_ALLOC_AllocNoInit
                0x000000000800ab94       0x1a Middlewares/ST/STemWin/Lib/STemWin_CM3_OS_wc32.a(GUI_Alloc.o)
                0x000000000800ab94                GUI_ALLOC_AllocNoInit
 *fill*         0x000000000800abae        0x2 
 .text.GUI_ALLOC_AllocZero
                0x000000000800abb0       0x3c Middlewares/ST/STemWin/Lib/STemWin_CM3_OS_wc32.a(GUI_Alloc.o)
                0x000000000800abb0                GUI_ALLOC_AllocZero
 .text.GUI_AddDecShift
                0x000000000800abec       0xa4 Middlewares/ST/STemWin/Lib/STemWin_CM3_OS_wc32.a(GUI_Common.o)
                0x000000000800abec                GUI_AddDecShift
 .text.GUI_CalcColorDist
                0x000000000800ac90       0x4e Middlewares/ST/STemWin/Lib/STemWin_CM3_OS_wc32.a(GUI_Common.o)
                0x000000000800ac90                GUI_CalcColorDist
 *fill*         0x000000000800acde        0x2 
 .text.GUI_GetDispPosY
                0x000000000800ace0       0x1c Middlewares/ST/STemWin/Lib/STemWin_CM3_OS_wc32.a(GUI_Common.o)
                0x000000000800ace0                GUI_GetDispPosY
 .text.GUI_GetVersionString
                0x000000000800acfc       0x18 Middlewares/ST/STemWin/Lib/STemWin_CM3_OS_wc32.a(GUI_Common.o)
                0x000000000800acfc                GUI_GetVersionString
 .text.GUI_MergeRect
                0x000000000800ad14       0x56 Middlewares/ST/STemWin/Lib/STemWin_CM3_OS_wc32.a(GUI_Common.o)
                0x000000000800ad14                GUI_MergeRect
 .text.GUI_MoveRect
                0x000000000800ad6a       0x20 Middlewares/ST/STemWin/Lib/STemWin_CM3_OS_wc32.a(GUI_Common.o)
                0x000000000800ad6a                GUI_MoveRect
 .text.GUI_GetBitmapPixelIndexEx
                0x000000000800ad8a       0x88 Middlewares/ST/STemWin/Lib/STemWin_CM3_OS_wc32.a(GUI_Common.o)
                0x000000000800ad8a                GUI_GetBitmapPixelIndexEx
 .text.GUI_GetBitmapPixelIndex
                0x000000000800ae12       0x18 Middlewares/ST/STemWin/Lib/STemWin_CM3_OS_wc32.a(GUI_Common.o)
                0x000000000800ae12                GUI_GetBitmapPixelIndex
 *fill*         0x000000000800ae2a        0x2 
 .text.GUI_GotoY
                0x000000000800ae2c       0x1c Middlewares/ST/STemWin/Lib/STemWin_CM3_OS_wc32.a(GUI_Common.o)
                0x000000000800ae2c                GUI_GotoY
 .text.GUI_GotoXY
                0x000000000800ae48       0x20 Middlewares/ST/STemWin/Lib/STemWin_CM3_OS_wc32.a(GUI_Common.o)
                0x000000000800ae48                GUI_GotoXY
 .text.GUI_RectsIntersect
                0x000000000800ae68       0x3a Middlewares/ST/STemWin/Lib/STemWin_CM3_OS_wc32.a(GUI_Common.o)
                0x000000000800ae68                GUI_RectsIntersect
 .text.GUI_SelectLCD
                0x000000000800aea2       0x1a Middlewares/ST/STemWin/Lib/STemWin_CM3_OS_wc32.a(GUI_Common.o)
                0x000000000800aea2                GUI_SelectLCD
 .text.GUI_SetBkColor
                0x000000000800aebc       0x16 Middlewares/ST/STemWin/Lib/STemWin_CM3_OS_wc32.a(GUI_Common.o)
                0x000000000800aebc                GUI_SetBkColor
 .text.GUI_SetColor
                0x000000000800aed2       0x16 Middlewares/ST/STemWin/Lib/STemWin_CM3_OS_wc32.a(GUI_Common.o)
                0x000000000800aed2                GUI_SetColor
 .text.GUI_SetOrg
                0x000000000800aee8       0x40 Middlewares/ST/STemWin/Lib/STemWin_CM3_OS_wc32.a(GUI_Common.o)
                0x000000000800aee8                GUI_SetOrg
 .text._InitContext
                0x000000000800af28       0x84 Middlewares/ST/STemWin/Lib/STemWin_CM3_OS_wc32.a(GUI_Core.o)
 .text._OnExit  0x000000000800afac       0x48 Middlewares/ST/STemWin/Lib/STemWin_CM3_OS_wc32.a(GUI_Core.o)
 .text.GUI_SetDefaultFont
                0x000000000800aff4        0xc Middlewares/ST/STemWin/Lib/STemWin_CM3_OS_wc32.a(GUI_Core.o)
                0x000000000800aff4                GUI_SetDefaultFont
 .text.GUI_ClearRect
                0x000000000800b000       0x6c Middlewares/ST/STemWin/Lib/STemWin_CM3_OS_wc32.a(GUI_Core.o)
                0x000000000800b000                GUI_ClearRect
 .text.GUI_Clear
                0x000000000800b06c       0x20 Middlewares/ST/STemWin/Lib/STemWin_CM3_OS_wc32.a(GUI_Core.o)
                0x000000000800b06c                GUI_Clear
 .text.GUI__Config
                0x000000000800b08c       0x98 Middlewares/ST/STemWin/Lib/STemWin_CM3_OS_wc32.a(GUI_Core.o)
                0x000000000800b08c                GUI__Config
 .text.GUI_Init
                0x000000000800b124       0xfc Middlewares/ST/STemWin/Lib/STemWin_CM3_OS_wc32.a(GUI_Core.o)
                0x000000000800b124                GUI_Init
 .text.GUI__RegisterExit
                0x000000000800b220       0x24 Middlewares/ST/STemWin/Lib/STemWin_CM3_OS_wc32.a(GUI_Core.o)
                0x000000000800b220                GUI__RegisterExit
 .text.GUI_DEVICE__GetpDriver
                0x000000000800b244       0x20 Middlewares/ST/STemWin/Lib/STemWin_CM3_OS_wc32.a(GUI_Device.o)
                0x000000000800b244                GUI_DEVICE__GetpDriver
 .text.GUI_DEVICE_Delete
                0x000000000800b264        0x4 Middlewares/ST/STemWin/Lib/STemWin_CM3_OS_wc32.a(GUI_Device.o)
                0x000000000800b264                GUI_DEVICE_Delete
 .text.GUI_DEVICE_Create
                0x000000000800b268       0x4c Middlewares/ST/STemWin/Lib/STemWin_CM3_OS_wc32.a(GUI_Device.o)
                0x000000000800b268                GUI_DEVICE_Create
 .text.GUI_DEVICE_Unlink
                0x000000000800b2b4       0x30 Middlewares/ST/STemWin/Lib/STemWin_CM3_OS_wc32.a(GUI_Device.o)
                0x000000000800b2b4                GUI_DEVICE_Unlink
 .text.GUI_DEVICE_Link
                0x000000000800b2e4       0x84 Middlewares/ST/STemWin/Lib/STemWin_CM3_OS_wc32.a(GUI_Device.o)
                0x000000000800b2e4                GUI_DEVICE_Link
 .text.GUI_DEVICE_CreateAndLink
                0x000000000800b368       0x28 Middlewares/ST/STemWin/Lib/STemWin_CM3_OS_wc32.a(GUI_Device.o)
                0x000000000800b368                GUI_DEVICE_CreateAndLink
 .text.GUI_DEVICE_UnlinkTaskDevices
                0x000000000800b390        0x4 Middlewares/ST/STemWin/Lib/STemWin_CM3_OS_wc32.a(GUI_Device.o)
                0x000000000800b390                GUI_DEVICE_UnlinkTaskDevices
 .text.GUI_DEVICE_LinkDevices
                0x000000000800b394       0x10 Middlewares/ST/STemWin/Lib/STemWin_CM3_OS_wc32.a(GUI_Device.o)
                0x000000000800b394                GUI_DEVICE_LinkDevices
 .text.GUI_DispString
                0x000000000800b3a4      0x120 Middlewares/ST/STemWin/Lib/STemWin_CM3_OS_wc32.a(GUI_DispString.o)
                0x000000000800b3a4                GUI_DispString
 .text.GUI_DispStringAt
                0x000000000800b4c4       0x28 Middlewares/ST/STemWin/Lib/STemWin_CM3_OS_wc32.a(GUI_DispString.o)
                0x000000000800b4c4                GUI_DispStringAt
 .text.GUI_StoreKey
                0x000000000800b4ec       0x10 Middlewares/ST/STemWin/Lib/STemWin_CM3_OS_wc32.a(GUI_OnKey.o)
                0x000000000800b4ec                GUI_StoreKey
 .text.GUI_TOUCH_GetState
                0x000000000800b4fc       0x1c Middlewares/ST/STemWin/Lib/STemWin_CM3_OS_wc32.a(GUI_TOUCH.o)
                0x000000000800b4fc                GUI_TOUCH_GetState
 .text.GUI_TOUCH_StoreStateEx
                0x000000000800b518       0x50 Middlewares/ST/STemWin/Lib/STemWin_CM3_OS_wc32.a(GUI_TOUCH.o)
                0x000000000800b518                GUI_TOUCH_StoreStateEx
 .text.GUI_TOUCH_GetxPhys
                0x000000000800b568        0xc Middlewares/ST/STemWin/Lib/STemWin_CM3_OS_wc32.a(GUI_TOUCH_DriverAnalog.o)
                0x000000000800b568                GUI_TOUCH_GetxPhys
 .text.GUI_TOUCH_GetyPhys
                0x000000000800b574        0xc Middlewares/ST/STemWin/Lib/STemWin_CM3_OS_wc32.a(GUI_TOUCH_DriverAnalog.o)
                0x000000000800b574                GUI_TOUCH_GetyPhys
 .text.GUI_TOUCH_Calibrate
                0x000000000800b580       0xbc Middlewares/ST/STemWin/Lib/STemWin_CM3_OS_wc32.a(GUI_TOUCH_DriverAnalog.o)
                0x000000000800b580                GUI_TOUCH_Calibrate
 .text.GUI_TOUCH_Exec
                0x000000000800b63c       0xa8 Middlewares/ST/STemWin/Lib/STemWin_CM3_OS_wc32.a(GUI_TOUCH_DriverAnalog.o)
                0x000000000800b63c                GUI_TOUCH_Exec
 .text.GUI_TOUCH_GetLayer
                0x000000000800b6e4        0xc Middlewares/ST/STemWin/Lib/STemWin_CM3_OS_wc32.a(GUI_TOUCH_StoreState.o)
                0x000000000800b6e4                GUI_TOUCH_GetLayer
 .text._GetTaskNo
                0x000000000800b6f0       0x3c Middlewares/ST/STemWin/Lib/STemWin_CM3_OS_wc32.a(GUI_Task.o)
 .text._OnExit  0x000000000800b72c       0x14 Middlewares/ST/STemWin/Lib/STemWin_CM3_OS_wc32.a(GUI_Task.o)
 .text.GUI_Unlock
                0x000000000800b740       0x14 Middlewares/ST/STemWin/Lib/STemWin_CM3_OS_wc32.a(GUI_Task.o)
                0x000000000800b740                GUI_Unlock
 .text.GUI_Lock
                0x000000000800b754       0x78 Middlewares/ST/STemWin/Lib/STemWin_CM3_OS_wc32.a(GUI_Task.o)
                0x000000000800b754                GUI_Lock
 .text.GUITASK_Init
                0x000000000800b7cc       0x4c Middlewares/ST/STemWin/Lib/STemWin_CM3_OS_wc32.a(GUI_Task.o)
                0x000000000800b7cc                GUITASK_Init
 .text.GUITASK_CopyContext
                0x000000000800b818       0x70 Middlewares/ST/STemWin/Lib/STemWin_CM3_OS_wc32.a(GUI_Task.o)
                0x000000000800b818                GUITASK_CopyContext
 .text.GUI_UC__GetCharCodeInc
                0x000000000800b888       0x28 Middlewares/ST/STemWin/Lib/STemWin_CM3_OS_wc32.a(GUI_UC.o)
                0x000000000800b888                GUI_UC__GetCharCodeInc
 .text.GUI_UC__NumChars2NumBytes
                0x000000000800b8b0       0x24 Middlewares/ST/STemWin/Lib/STemWin_CM3_OS_wc32.a(GUI_UC.o)
                0x000000000800b8b0                GUI_UC__NumChars2NumBytes
 .text._GetCharCode
                0x000000000800b8d4        0x4 Middlewares/ST/STemWin/Lib/STemWin_CM3_OS_wc32.a(GUI_UC_EncodeNone.o)
 .text._GetCharSize
                0x000000000800b8d8        0x4 Middlewares/ST/STemWin/Lib/STemWin_CM3_OS_wc32.a(GUI_UC_EncodeNone.o)
 .text._CalcSizeOfChar
                0x000000000800b8dc        0x4 Middlewares/ST/STemWin/Lib/STemWin_CM3_OS_wc32.a(GUI_UC_EncodeNone.o)
 .text._Encode  0x000000000800b8e0        0x6 Middlewares/ST/STemWin/Lib/STemWin_CM3_OS_wc32.a(GUI_UC_EncodeNone.o)
 .text.GUI_DispDecShift
                0x000000000800b8e6       0x18 Middlewares/ST/STemWin/Lib/STemWin_CM3_OS_wc32.a(GUI_Val.o)
                0x000000000800b8e6                GUI_DispDecShift
 .text.GUI_DispDec
                0x000000000800b8fe        0x6 Middlewares/ST/STemWin/Lib/STemWin_CM3_OS_wc32.a(GUI_Val.o)
                0x000000000800b8fe                GUI_DispDec
 .text.GUI_SignalEvent
                0x000000000800b904       0x10 Middlewares/ST/STemWin/Lib/STemWin_CM3_OS_wc32.a(GUI_WaitEvent.o)
                0x000000000800b904                GUI_SignalEvent
 .text.GUI__IntersectRect
                0x000000000800b914       0x3a Middlewares/ST/STemWin/Lib/STemWin_CM3_OS_wc32.a(GUI__Private.o)
                0x000000000800b914                GUI__IntersectRect
 .text.GUI__IntersectRects
                0x000000000800b94e       0x56 Middlewares/ST/STemWin/Lib/STemWin_CM3_OS_wc32.a(GUI__Private.o)
                0x000000000800b94e                GUI__IntersectRects
 .text.GUI__memset16
                0x000000000800b9a4       0x64 Middlewares/ST/STemWin/Lib/STemWin_CM3_OS_wc32.a(GUI__Private.o)
                0x000000000800b9a4                GUI__memset16
 .text._SetDrawMode
                0x000000000800ba08       0x28 Middlewares/ST/STemWin/Lib/STemWin_CM3_OS_wc32.a(LCD.o)
 .text.LCD_SetDrawMode
                0x000000000800ba30        0xc Middlewares/ST/STemWin/Lib/STemWin_CM3_OS_wc32.a(LCD.o)
                0x000000000800ba30                LCD_SetDrawMode
 .text.LCD_DrawPixel
                0x000000000800ba3c       0x60 Middlewares/ST/STemWin/Lib/STemWin_CM3_OS_wc32.a(LCD.o)
                0x000000000800ba3c                LCD_DrawPixel
 .text.LCD_DrawHLine
                0x000000000800ba9c       0x50 Middlewares/ST/STemWin/Lib/STemWin_CM3_OS_wc32.a(LCD.o)
                0x000000000800ba9c                LCD_DrawHLine
 .text.LCD_FillRect
                0x000000000800baec       0x58 Middlewares/ST/STemWin/Lib/STemWin_CM3_OS_wc32.a(LCD.o)
                0x000000000800baec                LCD_FillRect
 .text.LCD__DrawBitmap_1bpp
                0x000000000800bb44      0x1d8 Middlewares/ST/STemWin/Lib/STemWin_CM3_OS_wc32.a(LCD.o)
                0x000000000800bb44                LCD__DrawBitmap_1bpp
 .text.LCD_DrawBitmap
                0x000000000800bd1c      0x224 Middlewares/ST/STemWin/Lib/STemWin_CM3_OS_wc32.a(LCD.o)
                0x000000000800bd1c                LCD_DrawBitmap
 .text.LCD_SetClipRectMax
                0x000000000800bf40       0x1c Middlewares/ST/STemWin/Lib/STemWin_CM3_OS_wc32.a(LCD.o)
                0x000000000800bf40                LCD_SetClipRectMax
 .text.emWin_LCD_Init
                0x000000000800bf5c       0xa4 Middlewares/ST/STemWin/Lib/STemWin_CM3_OS_wc32.a(LCD.o)
                0x000000000800bf5c                emWin_LCD_Init
 .text.LCD_Color2Index
                0x000000000800c000       0x1c Middlewares/ST/STemWin/Lib/STemWin_CM3_OS_wc32.a(LCD.o)
                0x000000000800c000                LCD_Color2Index
 .text.LCD_Index2Color
                0x000000000800c01c       0x1c Middlewares/ST/STemWin/Lib/STemWin_CM3_OS_wc32.a(LCD.o)
                0x000000000800c01c                LCD_Index2Color
 .text.LCD_SetColorIndex
                0x000000000800c038       0x18 Middlewares/ST/STemWin/Lib/STemWin_CM3_OS_wc32.a(LCD.o)
                0x000000000800c038                LCD_SetColorIndex
 .text._SetColor
                0x000000000800c050       0x20 Middlewares/ST/STemWin/Lib/STemWin_CM3_OS_wc32.a(LCD.o)
 .text.LCD_SetBkColorIndex
                0x000000000800c070       0x18 Middlewares/ST/STemWin/Lib/STemWin_CM3_OS_wc32.a(LCD.o)
                0x000000000800c070                LCD_SetBkColorIndex
 .text._SetBkColor
                0x000000000800c088       0x20 Middlewares/ST/STemWin/Lib/STemWin_CM3_OS_wc32.a(LCD.o)
 .text.LCD_SetBkColor
                0x000000000800c0a8        0xc Middlewares/ST/STemWin/Lib/STemWin_CM3_OS_wc32.a(LCD.o)
                0x000000000800c0a8                LCD_SetBkColor
 .text.LCD_SetColor
                0x000000000800c0b4        0xc Middlewares/ST/STemWin/Lib/STemWin_CM3_OS_wc32.a(LCD.o)
                0x000000000800c0b4                LCD_SetColor
 .text._OnExit  0x000000000800c0c0       0x1c Middlewares/ST/STemWin/Lib/STemWin_CM3_OS_wc32.a(LCD_Color.o)
 .text.LCD_InitColors
                0x000000000800c0dc       0x3c Middlewares/ST/STemWin/Lib/STemWin_CM3_OS_wc32.a(LCD_Color.o)
                0x000000000800c0dc                LCD_InitColors
 .text.LCD_GetpPalConvTableUncached
                0x000000000800c118       0x6c Middlewares/ST/STemWin/Lib/STemWin_CM3_OS_wc32.a(LCD_Color.o)
                0x000000000800c118                LCD_GetpPalConvTableUncached
 .text.LCD_GetpPalConvTableBM
                0x000000000800c184        0x4 Middlewares/ST/STemWin/Lib/STemWin_CM3_OS_wc32.a(LCD_Color.o)
                0x000000000800c184                LCD_GetpPalConvTableBM
 .text.LCD_InitLUT
                0x000000000800c188       0x88 Middlewares/ST/STemWin/Lib/STemWin_CM3_OS_wc32.a(LCD_Color.o)
                0x000000000800c188                LCD_InitLUT
 .text._GetDevProp
                0x000000000800c210       0x1e Middlewares/ST/STemWin/Lib/STemWin_CM3_OS_wc32.a(LCD_GetEx.o)
 .text._GetMaxValue
                0x000000000800c22e       0x22 Middlewares/ST/STemWin/Lib/STemWin_CM3_OS_wc32.a(LCD_GetEx.o)
 .text.LCD_GetXSizeEx
                0x000000000800c250        0x6 Middlewares/ST/STemWin/Lib/STemWin_CM3_OS_wc32.a(LCD_GetEx.o)
                0x000000000800c250                LCD_GetXSizeEx
 .text.LCD_GetYSizeEx
                0x000000000800c256        0x6 Middlewares/ST/STemWin/Lib/STemWin_CM3_OS_wc32.a(LCD_GetEx.o)
                0x000000000800c256                LCD_GetYSizeEx
 .text.LCD_GetBitsPerPixelEx
                0x000000000800c25c        0x6 Middlewares/ST/STemWin/Lib/STemWin_CM3_OS_wc32.a(LCD_GetEx.o)
                0x000000000800c25c                LCD_GetBitsPerPixelEx
 .text.LCD_GetNumColorsEx
                0x000000000800c262        0x6 Middlewares/ST/STemWin/Lib/STemWin_CM3_OS_wc32.a(LCD_GetEx.o)
                0x000000000800c262                LCD_GetNumColorsEx
 .text.LCD_GetNumColors
                0x000000000800c268       0x10 Middlewares/ST/STemWin/Lib/STemWin_CM3_OS_wc32.a(LCD_GetEx.o)
                0x000000000800c268                LCD_GetNumColors
 .text.GUI_GetBitsPerPixelEx
                0x000000000800c278       0x14 Middlewares/ST/STemWin/Lib/STemWin_CM3_OS_wc32.a(LCD_GetEx.o)
                0x000000000800c278                GUI_GetBitsPerPixelEx
 .text.LCD_GetPaletteEx
                0x000000000800c28c       0x16 Middlewares/ST/STemWin/Lib/STemWin_CM3_OS_wc32.a(LCD_GetEx.o)
                0x000000000800c28c                LCD_GetPaletteEx
 *fill*         0x000000000800c2a2        0x2 
 .text.LCD_GetPalette
                0x000000000800c2a4       0x10 Middlewares/ST/STemWin/Lib/STemWin_CM3_OS_wc32.a(LCD_GetEx.o)
                0x000000000800c2a4                LCD_GetPalette
 .text.GUI_GetpfIndex2ColorEx
                0x000000000800c2b4       0x10 Middlewares/ST/STemWin/Lib/STemWin_CM3_OS_wc32.a(LCD_GetEx.o)
                0x000000000800c2b4                GUI_GetpfIndex2ColorEx
 .text.GUI_GetpfColor2IndexEx
                0x000000000800c2c4       0x10 Middlewares/ST/STemWin/Lib/STemWin_CM3_OS_wc32.a(LCD_GetEx.o)
                0x000000000800c2c4                GUI_GetpfColor2IndexEx
 .text.LCD_GetXSizeMax
                0x000000000800c2d4        0x6 Middlewares/ST/STemWin/Lib/STemWin_CM3_OS_wc32.a(LCD_GetEx.o)
                0x000000000800c2d4                LCD_GetXSizeMax
 .text.LCD_GetYSizeMax
                0x000000000800c2da        0x6 Middlewares/ST/STemWin/Lib/STemWin_CM3_OS_wc32.a(LCD_GetEx.o)
                0x000000000800c2da                LCD_GetYSizeMax
 .text.LCD_SetDisplaySize
                0x000000000800c2e0        0xc Middlewares/ST/STemWin/Lib/STemWin_CM3_OS_wc32.a(LCD_GetEx.o)
                0x000000000800c2e0                LCD_SetDisplaySize
 .text.LCD_GetXSizeDisplay
                0x000000000800c2ec        0xc Middlewares/ST/STemWin/Lib/STemWin_CM3_OS_wc32.a(LCD_GetEx.o)
                0x000000000800c2ec                LCD_GetXSizeDisplay
 .text.LCD_GetYSizeDisplay
                0x000000000800c2f8        0xc Middlewares/ST/STemWin/Lib/STemWin_CM3_OS_wc32.a(LCD_GetEx.o)
                0x000000000800c2f8                LCD_GetYSizeDisplay
 .text.LCD__GetBPP
                0x000000000800c304       0x7e Middlewares/ST/STemWin/Lib/STemWin_CM3_OS_wc32.a(LCD_GetEx.o)
                0x000000000800c304                LCD__GetBPP
 .text.LCD__GetBPPDevice
                0x000000000800c382       0x2c Middlewares/ST/STemWin/Lib/STemWin_CM3_OS_wc32.a(LCD_GetEx.o)
                0x000000000800c382                LCD__GetBPPDevice
 .text.LCD_GetNumLayers
                0x000000000800c3ae       0x1e Middlewares/ST/STemWin/Lib/STemWin_CM3_OS_wc32.a(LCD_GetNumDisplays.o)
                0x000000000800c3ae                LCD_GetNumLayers
 .text.LCD_SelectLCD
                0x000000000800c3cc       0x40 Middlewares/ST/STemWin/Lib/STemWin_CM3_OS_wc32.a(LCD_SelectLCD.o)
                0x000000000800c3cc                LCD_SelectLCD
 .text.LCD_GetPosEx
                0x000000000800c40c       0x32 Middlewares/ST/STemWin/Lib/STemWin_CM3_OS_wc32.a(LCD_Set.o)
                0x000000000800c40c                LCD_GetPosEx
 .text.LCD_SetLUTEntryEx
                0x000000000800c43e       0x30 Middlewares/ST/STemWin/Lib/STemWin_CM3_OS_wc32.a(LCD_Set.o)
                0x000000000800c43e                LCD_SetLUTEntryEx
 .text.LCD_SetPosEx
                0x000000000800c46e       0x30 Middlewares/ST/STemWin/Lib/STemWin_CM3_OS_wc32.a(LCD_Set.o)
                0x000000000800c46e                LCD_SetPosEx
 .text.LCD_SetSizeEx
                0x000000000800c49e       0x30 Middlewares/ST/STemWin/Lib/STemWin_CM3_OS_wc32.a(LCD_Set.o)
                0x000000000800c49e                LCD_SetSizeEx
 .text.LCD_SetVSizeEx
                0x000000000800c4ce       0x30 Middlewares/ST/STemWin/Lib/STemWin_CM3_OS_wc32.a(LCD_Set.o)
                0x000000000800c4ce                LCD_SetVSizeEx
 *fill*         0x000000000800c4fe        0x2 
 .text.LCD_UpdateColorIndices
                0x000000000800c500       0x24 Middlewares/ST/STemWin/Lib/STemWin_CM3_OS_wc32.a(LCD_UpdateColorIndices.o)
                0x000000000800c500                LCD_UpdateColorIndices
 .text._Log2PhysY_X1Y0S0
                0x000000000800c524        0x4 Middlewares/ST/STemWin/Lib/STemWin_CM3_OS_wc32.a(GUIDRV_FlexColor.o)
 .text._Log2PhysY_X1Y1S0
                0x000000000800c528        0x8 Middlewares/ST/STemWin/Lib/STemWin_CM3_OS_wc32.a(GUIDRV_FlexColor.o)
 .text._Log2PhysY_X1Y0S1
                0x000000000800c530        0x4 Middlewares/ST/STemWin/Lib/STemWin_CM3_OS_wc32.a(GUIDRV_FlexColor.o)
 .text._Log2PhysY_X1Y1S1
                0x000000000800c534        0x8 Middlewares/ST/STemWin/Lib/STemWin_CM3_OS_wc32.a(GUIDRV_FlexColor.o)
 .text._SetPixelIndex
                0x000000000800c53c        0xe Middlewares/ST/STemWin/Lib/STemWin_CM3_OS_wc32.a(GUIDRV_FlexColor.o)
 .text._GetPixelIndex
                0x000000000800c54a        0x8 Middlewares/ST/STemWin/Lib/STemWin_CM3_OS_wc32.a(GUIDRV_FlexColor.o)
 .text._XorPixel
                0x000000000800c552       0x24 Middlewares/ST/STemWin/Lib/STemWin_CM3_OS_wc32.a(GUIDRV_FlexColor.o)
 .text._DrawHLine
                0x000000000800c576       0x10 Middlewares/ST/STemWin/Lib/STemWin_CM3_OS_wc32.a(GUIDRV_FlexColor.o)
 .text._DrawVLine
                0x000000000800c586       0x12 Middlewares/ST/STemWin/Lib/STemWin_CM3_OS_wc32.a(GUIDRV_FlexColor.o)
 .text._FillRect
                0x000000000800c598        0xe Middlewares/ST/STemWin/Lib/STemWin_CM3_OS_wc32.a(GUIDRV_FlexColor.o)
 .text._DrawBitmap
                0x000000000800c5a6        0xe Middlewares/ST/STemWin/Lib/STemWin_CM3_OS_wc32.a(GUIDRV_FlexColor.o)
 .text._GetDevFunc_SetRect
                0x000000000800c5b4        0x2 Middlewares/ST/STemWin/Lib/STemWin_CM3_OS_wc32.a(GUIDRV_FlexColor.o)
 *fill*         0x000000000800c5b6        0x2 
 .text._GetDevFunc_SetRectOutside
                0x000000000800c5b8       0x40 Middlewares/ST/STemWin/Lib/STemWin_CM3_OS_wc32.a(GUIDRV_FlexColor.o)
 .text._ReadPixelCust_16bpp
                0x000000000800c5f8        0xa Middlewares/ST/STemWin/Lib/STemWin_CM3_OS_wc32.a(GUIDRV_FlexColor.o)
 .text._ReadPixelCust_18bpp
                0x000000000800c602        0xa Middlewares/ST/STemWin/Lib/STemWin_CM3_OS_wc32.a(GUIDRV_FlexColor.o)
 .text._ReadRectCust_16bpp
                0x000000000800c60c       0x3a Middlewares/ST/STemWin/Lib/STemWin_CM3_OS_wc32.a(GUIDRV_FlexColor.o)
 .text._ReadRectCust_18bpp
                0x000000000800c646       0x3a Middlewares/ST/STemWin/Lib/STemWin_CM3_OS_wc32.a(GUIDRV_FlexColor.o)
 .text._GetDevFunc
                0x000000000800c680       0x7c Middlewares/ST/STemWin/Lib/STemWin_CM3_OS_wc32.a(GUIDRV_FlexColor.o)
 .text._GetDevProp
                0x000000000800c6fc       0x5a Middlewares/ST/STemWin/Lib/STemWin_CM3_OS_wc32.a(GUIDRV_FlexColor.o)
 .text._GetDevData
                0x000000000800c756        0xc Middlewares/ST/STemWin/Lib/STemWin_CM3_OS_wc32.a(GUIDRV_FlexColor.o)
 .text._GetRect
                0x000000000800c762       0x16 Middlewares/ST/STemWin/Lib/STemWin_CM3_OS_wc32.a(GUIDRV_FlexColor.o)
 .text.GUIDRV_FlexColor__SetLog2Phys
                0x000000000800c778       0x48 Middlewares/ST/STemWin/Lib/STemWin_CM3_OS_wc32.a(GUIDRV_FlexColor.o)
                0x000000000800c778                GUIDRV_FlexColor__SetLog2Phys
 .text._SetOrg  0x000000000800c7c0       0x16 Middlewares/ST/STemWin/Lib/STemWin_CM3_OS_wc32.a(GUIDRV_FlexColor.o)
 .text._Log2PhysY_X0Y0S1
                0x000000000800c7d6        0x4 Middlewares/ST/STemWin/Lib/STemWin_CM3_OS_wc32.a(GUIDRV_FlexColor.o)
 .text._Log2PhysX_X0Y0S0
                0x000000000800c7da        0x4 Middlewares/ST/STemWin/Lib/STemWin_CM3_OS_wc32.a(GUIDRV_FlexColor.o)
 .text._Log2PhysX_X0Y1S0
                0x000000000800c7de        0x4 Middlewares/ST/STemWin/Lib/STemWin_CM3_OS_wc32.a(GUIDRV_FlexColor.o)
 .text._Log2PhysX_X0Y0S1
                0x000000000800c7e2        0x4 Middlewares/ST/STemWin/Lib/STemWin_CM3_OS_wc32.a(GUIDRV_FlexColor.o)
 .text._Log2PhysX_X0Y1S1
                0x000000000800c7e6        0x4 Middlewares/ST/STemWin/Lib/STemWin_CM3_OS_wc32.a(GUIDRV_FlexColor.o)
 .text._Log2PhysY_X0Y0S0
                0x000000000800c7ea        0x4 Middlewares/ST/STemWin/Lib/STemWin_CM3_OS_wc32.a(GUIDRV_FlexColor.o)
 .text._Log2PhysY_X0Y1S0
                0x000000000800c7ee        0x8 Middlewares/ST/STemWin/Lib/STemWin_CM3_OS_wc32.a(GUIDRV_FlexColor.o)
 .text._Log2PhysX_X1Y0S0
                0x000000000800c7f6        0x8 Middlewares/ST/STemWin/Lib/STemWin_CM3_OS_wc32.a(GUIDRV_FlexColor.o)
 .text._Log2PhysX_X1Y1S0
                0x000000000800c7fe        0x8 Middlewares/ST/STemWin/Lib/STemWin_CM3_OS_wc32.a(GUIDRV_FlexColor.o)
 .text._Log2PhysX_X1Y0S1
                0x000000000800c806        0x8 Middlewares/ST/STemWin/Lib/STemWin_CM3_OS_wc32.a(GUIDRV_FlexColor.o)
 .text._Log2PhysX_X1Y1S1
                0x000000000800c80e        0x8 Middlewares/ST/STemWin/Lib/STemWin_CM3_OS_wc32.a(GUIDRV_FlexColor.o)
 .text._Log2PhysY_X0Y1S1
                0x000000000800c816        0x8 Middlewares/ST/STemWin/Lib/STemWin_CM3_OS_wc32.a(GUIDRV_FlexColor.o)
 .text.GUIDRV_FlexColor__SetPixelIndexNoCache
                0x000000000800c81e       0x88 Middlewares/ST/STemWin/Lib/STemWin_CM3_OS_wc32.a(GUIDRV_FlexColor.o)
                0x000000000800c81e                GUIDRV_FlexColor__SetPixelIndexNoCache
 .text.GUIDRV_FlexColor__GetPixelIndexNoCache
                0x000000000800c8a6       0xb2 Middlewares/ST/STemWin/Lib/STemWin_CM3_OS_wc32.a(GUIDRV_FlexColor.o)
                0x000000000800c8a6                GUIDRV_FlexColor__GetPixelIndexNoCache
 .text.GUIDRV_FlexColor__InitOnce
                0x000000000800c958       0x3c Middlewares/ST/STemWin/Lib/STemWin_CM3_OS_wc32.a(GUIDRV_FlexColor.o)
                0x000000000800c958                GUIDRV_FlexColor__InitOnce
 .text._SetDevFunc
                0x000000000800c994       0x9c Middlewares/ST/STemWin/Lib/STemWin_CM3_OS_wc32.a(GUIDRV_FlexColor.o)
 .text._GetDevFunc_Init
                0x000000000800ca30       0x4a Middlewares/ST/STemWin/Lib/STemWin_CM3_OS_wc32.a(GUIDRV_FlexColor.o)
 .text._GetDevFunc_SetSize
                0x000000000800ca7a       0x14 Middlewares/ST/STemWin/Lib/STemWin_CM3_OS_wc32.a(GUIDRV_FlexColor.o)
 .text._GetDevFunc_SetVSize
                0x000000000800ca8e       0x14 Middlewares/ST/STemWin/Lib/STemWin_CM3_OS_wc32.a(GUIDRV_FlexColor.o)
 .text._GetDevFunc_Off
                0x000000000800caa2       0x16 Middlewares/ST/STemWin/Lib/STemWin_CM3_OS_wc32.a(GUIDRV_FlexColor.o)
 .text._GetDevFunc_On
                0x000000000800cab8       0x16 Middlewares/ST/STemWin/Lib/STemWin_CM3_OS_wc32.a(GUIDRV_FlexColor.o)
 .text.GUIDRV_FlexColor_Config
                0x000000000800cace       0x3c Middlewares/ST/STemWin/Lib/STemWin_CM3_OS_wc32.a(GUIDRV_FlexColor.o)
                0x000000000800cace                GUIDRV_FlexColor_Config
 .text.GUIDRV_FlexColor_SetFunc
                0x000000000800cb0a       0x32 Middlewares/ST/STemWin/Lib/STemWin_CM3_OS_wc32.a(GUIDRV_FlexColor.o)
                0x000000000800cb0a                GUIDRV_FlexColor_SetFunc
 .text._ReadData
                0x000000000800cb3c        0xa Middlewares/ST/STemWin/Lib/STemWin_CM3_OS_wc32.a(GUIDRV_FlexColor_16bpp_C0B16.o)
 .text._WriteData
                0x000000000800cb46        0x8 Middlewares/ST/STemWin/Lib/STemWin_CM3_OS_wc32.a(GUIDRV_FlexColor_16bpp_C0B16.o)
 *fill*         0x000000000800cb4e        0x2 
 .text._FillRect
                0x000000000800cb50       0xf0 Middlewares/ST/STemWin/Lib/STemWin_CM3_OS_wc32.a(GUIDRV_FlexColor_16bpp_C0B16.o)
 .text._DrawBitmap
                0x000000000800cc40      0x538 Middlewares/ST/STemWin/Lib/STemWin_CM3_OS_wc32.a(GUIDRV_FlexColor_16bpp_C0B16.o)
 .text.GUIDRV_FlexColor_SetMode16bppC0B16
                0x000000000800d178       0x68 Middlewares/ST/STemWin/Lib/STemWin_CM3_OS_wc32.a(GUIDRV_FlexColor_16bpp_C0B16.o)
                0x000000000800d178                GUIDRV_FlexColor_SetMode16bppC0B16
 .text._SetPhysRAMAddr
                0x000000000800d1e0       0xa0 Middlewares/ST/STemWin/Lib/STemWin_CM3_OS_wc32.a(GUIDRV_FlexColor_Func66708.o)
 .text._SetRect
                0x000000000800d280      0x1a6 Middlewares/ST/STemWin/Lib/STemWin_CM3_OS_wc32.a(GUIDRV_FlexColor_Func66708.o)
 *fill*         0x000000000800d426        0x2 
 .text._SetOrientation
                0x000000000800d428       0x40 Middlewares/ST/STemWin/Lib/STemWin_CM3_OS_wc32.a(GUIDRV_FlexColor_Func66708.o)
 .text._ReadPixel_16bpp_B8
                0x000000000800d468       0x24 Middlewares/ST/STemWin/Lib/STemWin_CM3_OS_wc32.a(GUIDRV_FlexColor_Func66708.o)
 .text._ReadPixel_16bpp_B16
                0x000000000800d48c       0x20 Middlewares/ST/STemWin/Lib/STemWin_CM3_OS_wc32.a(GUIDRV_FlexColor_Func66708.o)
 .text._SetReg_B8
                0x000000000800d4ac       0x1a Middlewares/ST/STemWin/Lib/STemWin_CM3_OS_wc32.a(GUIDRV_FlexColor_Func66708.o)
 .text._WritePara_B8
                0x000000000800d4c6       0x1a Middlewares/ST/STemWin/Lib/STemWin_CM3_OS_wc32.a(GUIDRV_FlexColor_Func66708.o)
 .text._SetReg_B16
                0x000000000800d4e0        0x8 Middlewares/ST/STemWin/Lib/STemWin_CM3_OS_wc32.a(GUIDRV_FlexColor_Func66708.o)
 .text._WritePara_B16
                0x000000000800d4e8        0x8 Middlewares/ST/STemWin/Lib/STemWin_CM3_OS_wc32.a(GUIDRV_FlexColor_Func66708.o)
 .text._SetInterface
                0x000000000800d4f0       0x34 Middlewares/ST/STemWin/Lib/STemWin_CM3_OS_wc32.a(GUIDRV_FlexColor_Func66708.o)
 .text.GUIDRV_FlexColor_SetFunc66708
                0x000000000800d524       0x50 Middlewares/ST/STemWin/Lib/STemWin_CM3_OS_wc32.a(GUIDRV_FlexColor_Func66708.o)
                0x000000000800d524                GUIDRV_FlexColor_SetFunc66708
 .text._GetDevData
                0x000000000800d574       0x10 Middlewares/ST/STemWin/Lib/STemWin_CM3_OS_wc32.a(GUIDEV_16.o)
 .text._GetDevFunc
                0x000000000800d584       0x10 Middlewares/ST/STemWin/Lib/STemWin_CM3_OS_wc32.a(GUIDEV_16.o)