Archive member included to satisfy reference by file (symbol)

/opt/gcc-arm-none-eabi-9-2020-q2-update/bin/../lib/gcc/arm-none-eabi/9.3.1/../../../../arm-none-eabi/lib/thumb/v7-m/nofp/libc_nano.a(lib_a-exit.o)
                              /opt/gcc-arm-none-eabi-9-2020-q2-update/bin/../lib/gcc/arm-none-eabi/9.3.1/../../../../arm-none-eabi/lib/thumb/v7-m/nofp/crt0.o (exit)
/opt/gcc-arm-none-eabi-9-2020-q2-update/bin/../lib/gcc/arm-none-eabi/9.3.1/../../../../arm-none-eabi/lib/thumb/v7-m/nofp/libc_nano.a(lib_a-impure.o)
                              /opt/gcc-arm-none-eabi-9-2020-q2-update/bin/../lib/gcc/arm-none-eabi/9.3.1/../../../../arm-none-eabi/lib/thumb/v7-m/nofp/libc_nano.a(lib_a-exit.o) (_global_impure_ptr)
/opt/gcc-arm-none-eabi-9-2020-q2-update/bin/../lib/gcc/arm-none-eabi/9.3.1/../../../../arm-none-eabi/lib/thumb/v7-m/nofp/libc_nano.a(lib_a-init.o)
                              /opt/gcc-arm-none-eabi-9-2020-q2-update/bin/../lib/gcc/arm-none-eabi/9.3.1/../../../../arm-none-eabi/lib/thumb/v7-m/nofp/crt0.o (__libc_init_array)
/opt/gcc-arm-none-eabi-9-2020-q2-update/bin/../lib/gcc/arm-none-eabi/9.3.1/../../../../arm-none-eabi/lib/thumb/v7-m/nofp/libc_nano.a(lib_a-malloc.o)
                              build/usbh_msc.o (malloc)
/opt/gcc-arm-none-eabi-9-2020-q2-update/bin/../lib/gcc/arm-none-eabi/9.3.1/../../../../arm-none-eabi/lib/thumb/v7-m/nofp/libc_nano.a(lib_a-memcpy-stub.o)
                              build/queue.o (memcpy)
/opt/gcc-arm-none-eabi-9-2020-q2-update/bin/../lib/gcc/arm-none-eabi/9.3.1/../../../../arm-none-eabi/lib/thumb/v7-m/nofp/libc_nano.a(lib_a-memset.o)
                              /opt/gcc-arm-none-eabi-9-2020-q2-update/bin/../lib/gcc/arm-none-eabi/9.3.1/../../../../arm-none-eabi/lib/thumb/v7-m/nofp/crt0.o (memset)
/opt/gcc-arm-none-eabi-9-2020-q2-update/bin/../lib/gcc/arm-none-eabi/9.3.1/../../../../arm-none-eabi/lib/thumb/v7-m/nofp/libc_nano.a(lib_a-nano-freer.o)
                              /opt/gcc-arm-none-eabi-9-2020-q2-update/bin/../lib/gcc/arm-none-eabi/9.3.1/../../../../arm-none-eabi/lib/thumb/v7-m/nofp/libc_nano.a(lib_a-malloc.o) (_free_r)
/opt/gcc-arm-none-eabi-9-2020-q2-update/bin/../lib/gcc/arm-none-eabi/9.3.1/../../../../arm-none-eabi/lib/thumb/v7-m/nofp/libc_nano.a(lib_a-nano-mallocr.o)
                              /opt/gcc-arm-none-eabi-9-2020-q2-update/bin/../lib/gcc/arm-none-eabi/9.3.1/../../../../arm-none-eabi/lib/thumb/v7-m/nofp/libc_nano.a(lib_a-malloc.o) (_malloc_r)
/opt/gcc-arm-none-eabi-9-2020-q2-update/bin/../lib/gcc/arm-none-eabi/9.3.1/../../../../arm-none-eabi/lib/thumb/v7-m/nofp/libc_nano.a(lib_a-sbrkr.o)
                              /opt/gcc-arm-none-eabi-9-2020-q2-update/bin/../lib/gcc/arm-none-eabi/9.3.1/../../../../arm-none-eabi/lib/thumb/v7-m/nofp/libc_nano.a(lib_a-nano-mallocr.o) (_sbrk_r)
/opt/gcc-arm-none-eabi-9-2020-q2-update/bin/../lib/gcc/arm-none-eabi/9.3.1/../../../../arm-none-eabi/lib/thumb/v7-m/nofp/libc_nano.a(lib_a-mlock.o)
                              /opt/gcc-arm-none-eabi-9-2020-q2-update/bin/../lib/gcc/arm-none-eabi/9.3.1/../../../../arm-none-eabi/lib/thumb/v7-m/nofp/libc_nano.a(lib_a-nano-freer.o) (__malloc_lock)
/opt/gcc-arm-none-eabi-9-2020-q2-update/bin/../lib/gcc/arm-none-eabi/9.3.1/../../../../arm-none-eabi/lib/thumb/v7-m/nofp/libc_nano.a(lib_a-reent.o)
                              /opt/gcc-arm-none-eabi-9-2020-q2-update/bin/../lib/gcc/arm-none-eabi/9.3.1/../../../../arm-none-eabi/lib/thumb/v7-m/nofp/libc_nano.a(lib_a-sbrkr.o) (errno)
/opt/gcc-arm-none-eabi-9-2020-q2-update/bin/../lib/gcc/arm-none-eabi/9.3.1/../../../../arm-none-eabi/lib/thumb/v7-m/nofp/libc_nano.a(lib_a-lock.o)
                              /opt/gcc-arm-none-eabi-9-2020-q2-update/bin/../lib/gcc/arm-none-eabi/9.3.1/../../../../arm-none-eabi/lib/thumb/v7-m/nofp/libc_nano.a(lib_a-mlock.o) (__retarget_lock_acquire_recursive)
/opt/gcc-arm-none-eabi-9-2020-q2-update/bin/../lib/gcc/arm-none-eabi/9.3.1/../../../../arm-none-eabi/lib/thumb/v7-m/nofp/libnosys.a(sbrk.o)
                              /opt/gcc-arm-none-eabi-9-2020-q2-update/bin/../lib/gcc/arm-none-eabi/9.3.1/../../../../arm-none-eabi/lib/thumb/v7-m/nofp/libc_nano.a(lib_a-sbrkr.o) (_sbrk)
/opt/gcc-arm-none-eabi-9-2020-q2-update/bin/../lib/gcc/arm-none-eabi/9.3.1/../../../../arm-none-eabi/lib/thumb/v7-m/nofp/libnosys.a(_exit.o)
                              /opt/gcc-arm-none-eabi-9-2020-q2-update/bin/../lib/gcc/arm-none-eabi/9.3.1/../../../../arm-none-eabi/lib/thumb/v7-m/nofp/libc_nano.a(lib_a-exit.o) (_exit)
Middlewares/ST/STemWin/Lib/STemWin_CM3_OS_wc32.a(GUICC_565.o)
                              build/LCDConf_FlexColor_Template.o (LCD_API_ColorConv_565)
Middlewares/ST/STemWin/Lib/STemWin_CM3_OS_wc32.a(GUI_Alloc.o)
                              build/GUIConf.o (GUI_ALLOC_AssignMemory)
Middlewares/ST/STemWin/Lib/STemWin_CM3_OS_wc32.a(GUI_Common.o)
                              build/main.o (GUI_SetPenSize)
Middlewares/ST/STemWin/Lib/STemWin_CM3_OS_wc32.a(GUI_Core.o)
[...]
Memory Configuration

Name             Origin             Length             Attributes
RAM              0x0000000020000000 0x0000000000010000 xrw
FLASH            0x0000000008000000 0x0000000000040000 xr
*default*        0x0000000000000000 0xffffffffffffffff

Linker script and memory map

LOAD /opt/gcc-arm-none-eabi-9-2020-q2-update/bin/../lib/gcc/arm-none-eabi/9.3.1/thumb/v7-m/nofp/crti.o
LOAD /opt/gcc-arm-none-eabi-9-2020-q2-update/bin/../lib/gcc/arm-none-eabi/9.3.1/thumb/v7-m/nofp/crtbegin.o
LOAD /opt/gcc-arm-none-eabi-9-2020-q2-update/bin/../lib/gcc/arm-none-eabi/9.3.1/../../../../arm-none-eabi/lib/thumb/v7-m/nofp/crt0.o
LOAD build/main.o
LOAD build/stm32f1xx_it.o
LOAD build/stm32f1xx_hal_msp.o
LOAD build/pro.o
LOAD build/lcd_driver.o
LOAD build/stm32f1xx_hal_gpio_ex.o
LOAD build/stm32f1xx_hal.o
LOAD build/stm32f1xx_hal_rcc.o
LOAD build/stm32f1xx_hal_rcc_ex.o
LOAD build/stm32f1xx_hal_gpio.o
LOAD build/stm32f1xx_hal_dma.o
LOAD build/stm32f1xx_hal_cortex.o
LOAD build/stm32f1xx_hal_pwr.o
LOAD build/stm32f1xx_hal_flash.o
LOAD build/stm32f1xx_hal_flash_ex.o
LOAD build/stm32f1xx_hal_exti.o
LOAD build/stm32f1xx_hal_tim.o
LOAD build/stm32f1xx_hal_tim_ex.o
LOAD build/system_stm32f1xx.o
LOAD build/usbh_conf.o
LOAD build/usb_host.o
LOAD build/stm32f1xx_hal_hcd.o
LOAD build/stm32f1xx_ll_usb.o
LOAD build/stm32f1xx_hal_i2c.o
LOAD build/stm32f1xx_hal_rtc.o
LOAD build/stm32f1xx_hal_rtc_ex.o
LOAD build/stm32f1xx_hal_spi.o
LOAD build/stm32f1xx_hal_uart.o
LOAD build/usbh_core.o
LOAD build/usbh_ctlreq.o
LOAD build/usbh_ioreq.o
LOAD build/usbh_pipes.o
LOAD build/usbh_msc.o
LOAD build/usbh_msc_bot.o
LOAD build/usbh_msc_scsi.o
LOAD build/freertos.o
LOAD build/stm32f1xx_hal_timebase_tim.o
LOAD build/usbh_platform.o
LOAD build/stm32f1xx_hal_crc.o
LOAD build/croutine.o
LOAD build/event_groups.o
LOAD build/list.o
LOAD build/queue.o
LOAD build/stream_buffer.o
LOAD build/tasks.o
LOAD build/timers.o
LOAD build/cmsis_os.o
LOAD build/heap_4.o
LOAD build/port.o
LOAD build/GUI_X_OS.o
LOAD build/GUIConf.o
LOAD build/LCDConf_FlexColor_Template.o
LOAD build/GUIDRV_Template.o
LOAD build/startup_stm32f107xc.o
LOAD /opt/gcc-arm-none-eabi-9-2020-q2-update/bin/../lib/gcc/arm-none-eabi/9.3.1/../../../../arm-none-eabi/lib/thumb/v7-m/nofp/libc_nano.a
LOAD /opt/gcc-arm-none-eabi-9-2020-q2-update/bin/../lib/gcc/arm-none-eabi/9.3.1/../../../../arm-none-eabi/lib/thumb/v7-m/nofp/libm.a
LOAD /opt/gcc-arm-none-eabi-9-2020-q2-update/bin/../lib/gcc/arm-none-eabi/9.3.1/../../../../arm-none-eabi/lib/thumb/v7-m/nofp/libnosys.a
LOAD Middlewares/ST/STemWin/Lib/STemWin_CM3_OS_wc32.a
START GROUP
LOAD /opt/gcc-arm-none-eabi-9-2020-q2-update/bin/../lib/gcc/arm-none-eabi/9.3.1/thumb/v7-m/nofp/libgcc.a
LOAD /opt/gcc-arm-none-eabi-9-2020-q2-update/bin/../lib/gcc/arm-none-eabi/9.3.1/../../../../arm-none-eabi/lib/thumb/v7-m/nofp/libc_nano.a
END GROUP
START GROUP
LOAD /opt/gcc-arm-none-eabi-9-2020-q2-update/bin/../lib/gcc/arm-none-eabi/9.3.1/thumb/v7-m/nofp/libgcc.a
LOAD /opt/gcc-arm-none-eabi-9-2020-q2-update/bin/../lib/gcc/arm-none-eabi/9.3.1/../../../../arm-none-eabi/lib/thumb/v7-m/nofp/libc_nano.a
END GROUP
LOAD /opt/gcc-arm-none-eabi-9-2020-q2-update/bin/../lib/gcc/arm-none-eabi/9.3.1/thumb/v7-m/nofp/crtend.o
LOAD /opt/gcc-arm-none-eabi-9-2020-q2-update/bin/../lib/gcc/arm-none-eabi/9.3.1/thumb/v7-m/nofp/crtn.o
                0x0000000020010000                _estack = 0x20010000
                0x0000000000001000                _Min_Heap_Size = 0x1000
                0x0000000000001000                _Min_Stack_Size = 0x1000

.isr_vector     0x0000000008000000      0x1e4
                0x0000000008000000                . = ALIGN (0x4)
 *(.isr_vector)
 .isr_vector    0x0000000008000000      0x1e4 build/startup_stm32f107xc.o
                0x0000000008000000                g_pfnVectors
                0x00000000080001e4                . = ALIGN (0x4)

.text           0x00000000080001f0     0xf818
                0x00000000080001f0                . = ALIGN (0x4)
 *(.text)
 .text          0x00000000080001f0       0x40 /opt/gcc-arm-none-eabi-9-2020-q2-update/bin/../lib/gcc/arm-none-eabi/9.3.1/thumb/v7-m/nofp/crtbegin.o
 .text          0x0000000008000230       0x30 /opt/gcc-arm-none-eabi-9-2020-q2-update/bin/../lib/gcc/arm-none-eabi/9.3.1/thumb/v7-m/nofp/libgcc.a(_aeabi_uldivmod.o)
                0x0000000008000230                __aeabi_uldivmod
 .text          0x0000000008000260      0x2c4 /opt/gcc-arm-none-eabi-9-2020-q2-update/bin/../lib/gcc/arm-none-eabi/9.3.1/thumb/v7-m/nofp/libgcc.a(_udivmoddi4.o)
                0x0000000008000260                __udivmoddi4
 .text          0x0000000008000524        0x4 /opt/gcc-arm-none-eabi-9-2020-q2-update/bin/../lib/gcc/arm-none-eabi/9.3.1/thumb/v7-m/nofp/libgcc.a(_dvmd_tls.o)
                0x0000000008000524                __aeabi_ldiv0
                0x0000000008000524                __aeabi_idiv0
 *(.text*)
 .text.MX_GPIO_Init
                0x0000000008000528      0x1cc build/main.o
 .text.MX_SPI1_Init
                0x00000000080006f4       0x40 build/main.o
 .text.MX_SPI3_Init
                0x0000000008000734       0x3c build/main.o
 .text.MX_RTC_Init
                0x0000000008000770       0x6c build/main.o
 .text.MX_USART2_UART_Init
                0x00000000080007dc       0x2c build/main.o
 .text.MX_CRC_Init
                0x0000000008000808       0x18 build/main.o
 .text.StartDefaultTask
                0x0000000008000820      0x12c build/main.o
                0x0000000008000820                StartDefaultTask
 .text.SystemClock_Config
                0x000000000800094c       0xb8 build/main.o
                0x000000000800094c                SystemClock_Config
 .text.main     0x0000000008000a04       0x50 build/main.o
                0x0000000008000a04                main
 .text.HAL_TIM_PeriodElapsedCallback
                0x0000000008000a54       0x12 build/main.o
                0x0000000008000a54                HAL_TIM_PeriodElapsedCallback
 .text.Error_Handler
                0x0000000008000a66        0x2 build/main.o
                0x0000000008000a66                Error_Handler
 .text.NMI_Handler
                0x0000000008000a68        0x2 build/stm32f1xx_it.o
                0x0000000008000a68                NMI_Handler
 .text.HardFault_Handler
                0x0000000008000a6a        0x2 build/stm32f1xx_it.o
                0x0000000008000a6a                HardFault_Handler
 .text.MemManage_Handler
                0x0000000008000a6c        0x2 build/stm32f1xx_it.o
                0x0000000008000a6c                MemManage_Handler
 .text.BusFault_Handler
                0x0000000008000a6e        0x2 build/stm32f1xx_it.o
                0x0000000008000a6e                BusFault_Handler
 .text.UsageFault_Handler
                0x0000000008000a70        0x2 build/stm32f1xx_it.o
                0x0000000008000a70                UsageFault_Handler
 .text.DebugMon_Handler
                0x0000000008000a72        0x2 build/stm32f1xx_it.o
                0x0000000008000a72                DebugMon_Handler
 .text.TIM2_IRQHandler
                0x0000000008000a74       0x10 build/stm32f1xx_it.o
                0x0000000008000a74                TIM2_IRQHandler
 .text.OTG_FS_IRQHandler
                0x0000000008000a84       0x10 build/stm32f1xx_it.o
                0x0000000008000a84                OTG_FS_IRQHandler
 .text.HAL_MspInit
                0x0000000008000a94       0x30 build/stm32f1xx_hal_msp.o
                0x0000000008000a94                HAL_MspInit
 .text.HAL_CRC_MspInit
                0x0000000008000ac4       0x2c build/stm32f1xx_hal_msp.o
                0x0000000008000ac4                HAL_CRC_MspInit
 .text.HAL_RTC_MspInit
                0x0000000008000af0       0x40 build/stm32f1xx_hal_msp.o
                0x0000000008000af0                HAL_RTC_MspInit
 .text.HAL_SPI_MspInit
                0x0000000008000b30       0xe8 build/stm32f1xx_hal_msp.o
                0x0000000008000b30                HAL_SPI_MspInit
 .text.HAL_UART_MspInit
                0x0000000008000c18       0x88 build/stm32f1xx_hal_msp.o
                0x0000000008000c18                HAL_UART_MspInit
 .text.delay    0x0000000008000ca0       0x24 build/lcd_driver.o
 .text.Lcd_Shortdelay
                0x0000000008000cc4       0x1a build/lcd_driver.o
 *fill*         0x0000000008000cde        0x2 
 .text.ili9320_WriteIndex
                0x0000000008000ce0       0x4c build/lcd_driver.o
                0x0000000008000ce0                ili9320_WriteIndex
 .text.ili9320_WriteData
                0x0000000008000d2c       0x4c build/lcd_driver.o
                0x0000000008000d2c                ili9320_WriteData
 .text.ili9320_SetPoint
                0x0000000008000d78      0x398 build/lcd_driver.o
                0x0000000008000d78                ili9320_SetPoint
 .text.ili9320_ReadData
                0x0000000008001110       0x60 build/lcd_driver.o
                0x0000000008001110                ili9320_ReadData
 .text.ili9320_WriteRegister
                0x0000000008001170       0x70 build/lcd_driver.o
                0x0000000008001170                ili9320_WriteRegister
 .text.GUI_Line
                0x00000000080011e0      0x1ce build/lcd_driver.o
                0x00000000080011e0                GUI_Line
 *fill*         0x00000000080013ae        0x2 
 .text.ili9320_Initializtion
                0x00000000080013b0     0x210c build/lcd_driver.o
                0x00000000080013b0                ili9320_Initializtion
 .text.HAL_Init
                0x00000000080034bc       0x24 build/stm32f1xx_hal.o
                0x00000000080034bc                HAL_Init
 .text.HAL_IncTick
                0x00000000080034e0       0x18 build/stm32f1xx_hal.o
                0x00000000080034e0                HAL_IncTick
 .text.HAL_GetTick
                0x00000000080034f8        0xc build/stm32f1xx_hal.o
                0x00000000080034f8                HAL_GetTick
 .text.HAL_Delay
                0x0000000008003504       0x28 build/stm32f1xx_hal.o
                0x0000000008003504                HAL_Delay
 .text.RCC_Delay
                0x000000000800352c       0x2c build/stm32f1xx_hal_rcc.o
 .text.HAL_RCC_OscConfig
                0x0000000008003558      0x4f8 build/stm32f1xx_hal_rcc.o
                0x0000000008003558                HAL_RCC_OscConfig
 .text.HAL_RCC_MCOConfig
                0x0000000008003a50       0x4c build/stm32f1xx_hal_rcc.o
                0x0000000008003a50                HAL_RCC_MCOConfig
 .text.HAL_RCC_GetSysClockFreq
                0x0000000008003a9c       0xb8 build/stm32f1xx_hal_rcc.o
                0x0000000008003a9c                HAL_RCC_GetSysClockFreq
 .text.HAL_RCC_ClockConfig
                0x0000000008003b54      0x16c build/stm32f1xx_hal_rcc.o
                0x0000000008003b54                HAL_RCC_ClockConfig
 .text.HAL_RCC_GetHCLKFreq
                0x0000000008003cc0        0xc build/stm32f1xx_hal_rcc.o
                0x0000000008003cc0                HAL_RCC_GetHCLKFreq
 .text.HAL_RCC_GetPCLK1Freq
                0x0000000008003ccc       0x20 build/stm32f1xx_hal_rcc.o
                0x0000000008003ccc                HAL_RCC_GetPCLK1Freq
 .text.HAL_RCC_GetPCLK2Freq
                0x0000000008003cec       0x20 build/stm32f1xx_hal_rcc.o
                0x0000000008003cec                HAL_RCC_GetPCLK2Freq
 .text.HAL_RCC_GetClockConfig
                0x0000000008003d0c       0x3c build/stm32f1xx_hal_rcc.o
                0x0000000008003d0c                HAL_RCC_GetClockConfig
 .text.HAL_RCCEx_PeriphCLKConfig
                0x0000000008003d48      0x1d4 build/stm32f1xx_hal_rcc_ex.o
                0x0000000008003d48                HAL_RCCEx_PeriphCLKConfig
 .text.HAL_RCCEx_GetPeriphCLKFreq
                0x0000000008003f1c      0x1b4 build/stm32f1xx_hal_rcc_ex.o
                0x0000000008003f1c                HAL_RCCEx_GetPeriphCLKFreq
 .text.HAL_GPIO_Init
                0x00000000080040d0      0x220 build/stm32f1xx_hal_gpio.o
                0x00000000080040d0                HAL_GPIO_Init
 .text.HAL_GPIO_WritePin
                0x00000000080042f0        0xc build/stm32f1xx_hal_gpio.o
                0x00000000080042f0                HAL_GPIO_WritePin
 .text.HAL_GPIO_TogglePin
                0x00000000080042fc       0x12 build/stm32f1xx_hal_gpio.o
                0x00000000080042fc                HAL_GPIO_TogglePin
 *fill*         0x000000000800430e        0x2 
 .text.HAL_NVIC_SetPriorityGrouping
                0x0000000008004310       0x24 build/stm32f1xx_hal_cortex.o
                0x0000000008004310                HAL_NVIC_SetPriorityGrouping
 .text.HAL_NVIC_SetPriority
                0x0000000008004334       0x68 build/stm32f1xx_hal_cortex.o
                0x0000000008004334                HAL_NVIC_SetPriority
 .text.HAL_NVIC_EnableIRQ
                0x000000000800439c       0x1c build/stm32f1xx_hal_cortex.o
                0x000000000800439c                HAL_NVIC_EnableIRQ
 .text.HAL_PWR_EnableBkUpAccess
                0x00000000080043b8        0xc build/stm32f1xx_hal_pwr.o
                0x00000000080043b8                HAL_PWR_EnableBkUpAccess
 .text.HAL_TIM_Base_MspInit
                0x00000000080043c4        0x2 build/stm32f1xx_hal_tim.o
                0x00000000080043c4                HAL_TIM_Base_MspInit
 *fill*         0x00000000080043c6        0x2 
 .text.HAL_TIM_Base_Start_IT
                0x00000000080043c8       0x70 build/stm32f1xx_hal_tim.o
                0x00000000080043c8                HAL_TIM_Base_Start_IT
 .text.HAL_TIM_OC_DelayElapsedCallback
                0x0000000008004438        0x2 build/stm32f1xx_hal_tim.o
                0x0000000008004438                HAL_TIM_OC_DelayElapsedCallback
 .text.HAL_TIM_IC_CaptureCallback
                0x000000000800443a        0x2 build/stm32f1xx_hal_tim.o
                0x000000000800443a                HAL_TIM_IC_CaptureCallback
 .text.HAL_TIM_PWM_PulseFinishedCallback
                0x000000000800443c        0x2 build/stm32f1xx_hal_tim.o
                0x000000000800443c                HAL_TIM_PWM_PulseFinishedCallback
 .text.HAL_TIM_TriggerCallback
                0x000000000800443e        0x2 build/stm32f1xx_hal_tim.o
                0x000000000800443e                HAL_TIM_TriggerCallback
 .text.HAL_TIM_IRQHandler
                0x0000000008004440      0x17a build/stm32f1xx_hal_tim.o
                0x0000000008004440                HAL_TIM_IRQHandler
 *fill*         0x00000000080045ba        0x2 
 .text.TIM_Base_SetConfig
                0x00000000080045bc       0x84 build/stm32f1xx_hal_tim.o
                0x00000000080045bc                TIM_Base_SetConfig
 .text.HAL_TIM_Base_Init
                0x0000000008004640       0x58 build/stm32f1xx_hal_tim.o
                0x0000000008004640                HAL_TIM_Base_Init
 .text.HAL_TIMEx_CommutCallback
                0x0000000008004698        0x2 build/stm32f1xx_hal_tim_ex.o
                0x0000000008004698                HAL_TIMEx_CommutCallback
 .text.HAL_TIMEx_BreakCallback
                0x000000000800469a        0x2 build/stm32f1xx_hal_tim_ex.o
                0x000000000800469a                HAL_TIMEx_BreakCallback
 .text.SystemInit
                0x000000000800469c        0x2 build/system_stm32f1xx.o
                0x000000000800469c                SystemInit
 .text.HAL_HCD_MspInit
                0x000000000800469e       0x3e build/usbh_conf.o
                0x000000000800469e                HAL_HCD_MspInit
 .text.HAL_HCD_SOF_Callback
                0x00000000080046dc        0xc build/usbh_conf.o
                0x00000000080046dc                HAL_HCD_SOF_Callback
 .text.HAL_HCD_Connect_Callback
                0x00000000080046e8        0xc build/usbh_conf.o
                0x00000000080046e8                HAL_HCD_Connect_Callback
 .text.HAL_HCD_Disconnect_Callback
                0x00000000080046f4        0xc build/usbh_conf.o
                0x00000000080046f4                HAL_HCD_Disconnect_Callback
 .text.HAL_HCD_HC_NotifyURBChange_Callback
                0x0000000008004700        0xc build/usbh_conf.o
                0x0000000008004700                HAL_HCD_HC_NotifyURBChange_Callback
 .text.HAL_HCD_PortEnabled_Callback
                0x000000000800470c        0xc build/usbh_conf.o
                0x000000000800470c                HAL_HCD_PortEnabled_Callback
 .text.HAL_HCD_PortDisabled_Callback
                0x0000000008004718        0xc build/usbh_conf.o
                0x0000000008004718                HAL_HCD_PortDisabled_Callback
 .text.USBH_LL_Init
                0x0000000008004724       0x50 build/usbh_conf.o
                0x0000000008004724                USBH_LL_Init
 .text.USBH_LL_GetSpeed
                0x0000000008004774       0x20 build/usbh_conf.o
                0x0000000008004774                USBH_LL_GetSpeed
 .text.USBH_LL_GetLastXferSize
                0x0000000008004794        0xc build/usbh_conf.o
                0x0000000008004794                USBH_LL_GetLastXferSize
 .text.USBH_LL_GetURBState
                0x00000000080047a0        0xc build/usbh_conf.o
                0x00000000080047a0                USBH_LL_GetURBState
 .text.USBH_LL_DriverVBUS
                0x00000000080047ac       0x1c build/usbh_conf.o
                0x00000000080047ac                USBH_LL_DriverVBUS
 .text.USBH_LL_SetToggle
                0x00000000080047c8       0x30 build/usbh_conf.o
                0x00000000080047c8                USBH_LL_SetToggle
 .text.USBH_LL_GetToggle
                0x00000000080047f8       0x2e build/usbh_conf.o
                0x00000000080047f8                USBH_LL_GetToggle
 .text.USBH_Delay
                0x0000000008004826        0x8 build/usbh_conf.o
                0x0000000008004826                USBH_Delay
 .text.USBH_Get_USB_Status
                0x000000000800482e       0x14 build/usbh_conf.o
                0x000000000800482e                USBH_Get_USB_Status
 .text.USBH_LL_Start
                0x0000000008004842       0x10 build/usbh_conf.o
                0x0000000008004842                USBH_LL_Start
 .text.USBH_LL_Stop
                0x0000000008004852       0x10 build/usbh_conf.o
                0x0000000008004852                USBH_LL_Stop
 .text.USBH_LL_ResetPort
                0x0000000008004862       0x10 build/usbh_conf.o
                0x0000000008004862                USBH_LL_ResetPort
 .text.USBH_LL_OpenPipe
                0x0000000008004872       0x26 build/usbh_conf.o
                0x0000000008004872                USBH_LL_OpenPipe
 .text.USBH_LL_ClosePipe
                0x0000000008004898       0x10 build/usbh_conf.o
                0x0000000008004898                USBH_LL_ClosePipe
 .text.USBH_LL_SubmitURB
                0x00000000080048a8       0x2a build/usbh_conf.o
                0x00000000080048a8                USBH_LL_SubmitURB
 *fill*         0x00000000080048d2        0x2 
 .text.USBH_UserProcess
                0x00000000080048d4       0x2c build/usb_host.o
 .text.MX_USB_HOST_Init
                0x0000000008004900       0x40 build/usb_host.o
                0x0000000008004900                MX_USB_HOST_Init
 .text.HCD_RXQLVL_IRQHandler
                0x0000000008004940       0x84 build/stm32f1xx_hal_hcd.o
 .text.HAL_HCD_HC_Init
                0x00000000080049c4       0x96 build/stm32f1xx_hal_hcd.o
                0x00000000080049c4                HAL_HCD_HC_Init
 .text.HAL_HCD_HC_Halt
                0x0000000008004a5a       0x24 build/stm32f1xx_hal_hcd.o
                0x0000000008004a5a                HAL_HCD_HC_Halt
 .text.HAL_HCD_Init
                0x0000000008004a7e       0x94 build/stm32f1xx_hal_hcd.o
                0x0000000008004a7e                HAL_HCD_Init
 .text.HAL_HCD_HC_SubmitRequest
                0x0000000008004b12      0x190 build/stm32f1xx_hal_hcd.o
                0x0000000008004b12                HAL_HCD_HC_SubmitRequest
 .text.HCD_Port_IRQHandler
                0x0000000008004ca2       0xb0 build/stm32f1xx_hal_hcd.o
 .text.HCD_HC_IN_IRQHandler
                0x0000000008004d52      0x308 build/stm32f1xx_hal_hcd.o
 .text.HCD_HC_OUT_IRQHandler
                0x000000000800505a      0x2aa build/stm32f1xx_hal_hcd.o
 .text.HAL_HCD_IRQHandler
                0x0000000008005304      0x146 build/stm32f1xx_hal_hcd.o
                0x0000000008005304                HAL_HCD_IRQHandler
 .text.HAL_HCD_Start
                0x000000000800544a       0x2c build/stm32f1xx_hal_hcd.o
                0x000000000800544a                HAL_HCD_Start
 .text.HAL_HCD_Stop
                0x0000000008005476       0x24 build/stm32f1xx_hal_hcd.o
                0x0000000008005476                HAL_HCD_Stop
 .text.HAL_HCD_ResetPort
                0x000000000800549a        0xa build/stm32f1xx_hal_hcd.o
                0x000000000800549a                HAL_HCD_ResetPort
 .text.HAL_HCD_HC_GetURBState
                0x00000000080054a4        0xe build/stm32f1xx_hal_hcd.o
                0x00000000080054a4                HAL_HCD_HC_GetURBState
 .text.HAL_HCD_HC_GetXferCount
                0x00000000080054b2        0xc build/stm32f1xx_hal_hcd.o
                0x00000000080054b2                HAL_HCD_HC_GetXferCount
 .text.HAL_HCD_GetCurrentFrame
                0x00000000080054be        0xa build/stm32f1xx_hal_hcd.o
                0x00000000080054be                HAL_HCD_GetCurrentFrame
 .text.HAL_HCD_GetCurrentSpeed
                0x00000000080054c8        0xa build/stm32f1xx_hal_hcd.o
                0x00000000080054c8                HAL_HCD_GetCurrentSpeed
 *fill*         0x00000000080054d2        0x2 
 .text.USB_CoreReset
                0x00000000080054d4       0x3c build/stm32f1xx_ll_usb.o
 .text.USB_CoreInit
                0x0000000008005510       0x64 build/stm32f1xx_ll_usb.o
                0x0000000008005510                USB_CoreInit
 .text.USB_EnableGlobalInt
                0x0000000008005574        0xc build/stm32f1xx_ll_usb.o
                0x0000000008005574                USB_EnableGlobalInt
 .text.USB_DisableGlobalInt
                0x0000000008005580        0xc build/stm32f1xx_ll_usb.o
                0x0000000008005580                USB_DisableGlobalInt
 .text.USB_SetCurrentMode
                0x000000000800558c       0x30 build/stm32f1xx_ll_usb.o
                0x000000000800558c                USB_SetCurrentMode
 .text.USB_FlushTxFifo
                0x00000000080055bc       0x28 build/stm32f1xx_ll_usb.o
                0x00000000080055bc                USB_FlushTxFifo
 .text.USB_FlushRxFifo
                0x00000000080055e4       0x24 build/stm32f1xx_ll_usb.o
                0x00000000080055e4                USB_FlushRxFifo
 .text.USB_WritePacket
                0x0000000008005608       0x24 build/stm32f1xx_ll_usb.o
                0x0000000008005608                USB_WritePacket
 .text.USB_ReadPacket
                0x000000000800562c       0x20 build/stm32f1xx_ll_usb.o
                0x000000000800562c                USB_ReadPacket
 .text.USB_ReadInterrupts
                0x000000000800564c        0x8 build/stm32f1xx_ll_usb.o
                0x000000000800564c                USB_ReadInterrupts
 .text.USB_GetMode
                0x0000000008005654        0x8 build/stm32f1xx_ll_usb.o
                0x0000000008005654                USB_GetMode
 .text.USB_InitFSLSPClkSel
                0x000000000800565c       0x3e build/stm32f1xx_ll_usb.o
                0x000000000800565c                USB_InitFSLSPClkSel
 .text.USB_ResetPort
                0x000000000800569a       0x3e build/stm32f1xx_ll_usb.o
                0x000000000800569a                USB_ResetPort
 .text.USB_DriveVbus
                0x00000000080056d8       0x46 build/stm32f1xx_ll_usb.o
                0x00000000080056d8                USB_DriveVbus
 *fill*         0x000000000800571e        0x2 
 .text.USB_HostInit
                0x0000000008005720       0xa4 build/stm32f1xx_ll_usb.o
                0x0000000008005720                USB_HostInit
 .text.USB_GetHostSpeed
                0x00000000080057c4       0x16 build/stm32f1xx_ll_usb.o
                0x00000000080057c4                USB_GetHostSpeed
 .text.USB_GetCurrentFrame
                0x00000000080057da        0xa build/stm32f1xx_ll_usb.o
                0x00000000080057da                USB_GetCurrentFrame
 .text.USB_HC_Init
                0x00000000080057e4       0xf4 build/stm32f1xx_ll_usb.o
                0x00000000080057e4                USB_HC_Init
 .text.USB_HC_StartXfer
                0x00000000080058d8      0x110 build/stm32f1xx_ll_usb.o
                0x00000000080058d8                USB_HC_StartXfer
 .text.USB_HC_ReadInterrupt
                0x00000000080059e8        0xa build/stm32f1xx_ll_usb.o
                0x00000000080059e8                USB_HC_ReadInterrupt
 .text.USB_HC_Halt
                0x00000000080059f2       0xce build/stm32f1xx_ll_usb.o
                0x00000000080059f2                USB_HC_Halt
 .text.USB_StopHost
                0x0000000008005ac0       0x7e build/stm32f1xx_ll_usb.o
                0x0000000008005ac0                USB_StopHost
 .text.RTC_ReadTimeCounter
                0x0000000008005b3e       0x26 build/stm32f1xx_hal_rtc.o
 .text.RTC_ReadAlarmCounter
                0x0000000008005b64        0xe build/stm32f1xx_hal_rtc.o
 .text.RTC_Bcd2ToByte
                0x0000000008005b72       0x12 build/stm32f1xx_hal_rtc.o
 .text.RTC_WeekDayNum
                0x0000000008005b84       0x9c build/stm32f1xx_hal_rtc.o
 .text.RTC_EnterInitMode
                0x0000000008005c20       0x30 build/stm32f1xx_hal_rtc.o
 .text.RTC_ExitInitMode
                0x0000000008005c50       0x32 build/stm32f1xx_hal_rtc.o
 .text.RTC_WriteTimeCounter
                0x0000000008005c82       0x2a build/stm32f1xx_hal_rtc.o
 .text.RTC_WriteAlarmCounter
                0x0000000008005cac       0x2a build/stm32f1xx_hal_rtc.o
 .text.HAL_RTC_SetTime
                0x0000000008005cd6       0xc2 build/stm32f1xx_hal_rtc.o
                0x0000000008005cd6                HAL_RTC_SetTime
 .text.HAL_RTC_SetDate
                0x0000000008005d98       0xd4 build/stm32f1xx_hal_rtc.o
                0x0000000008005d98                HAL_RTC_SetDate
 .text.HAL_RTC_WaitForSynchro
                0x0000000008005e6c       0x38 build/stm32f1xx_hal_rtc.o
                0x0000000008005e6c                HAL_RTC_WaitForSynchro
 .text.HAL_RTC_Init
                0x0000000008005ea4       0xbc build/stm32f1xx_hal_rtc.o
                0x0000000008005ea4                HAL_RTC_Init
 .text.HAL_SPI_Init
                0x0000000008005f60       0xb6 build/stm32f1xx_hal_spi.o
                0x0000000008005f60                HAL_SPI_Init
 *fill*         0x0000000008006016        0x2 
 .text.UART_SetConfig
                0x0000000008006018       0x90 build/stm32f1xx_hal_uart.o
 .text.HAL_UART_Init
                0x00000000080060a8       0x5e build/stm32f1xx_hal_uart.o
                0x00000000080060a8                HAL_UART_Init
 .text.DeInitStateMachine
                0x0000000008006106       0x4e build/usbh_core.o
 .text.USBH_HandleSof
                0x0000000008006154       0x1a build/usbh_core.o
 .text.USBH_HandleEnum
                0x000000000800616e      0x1aa build/usbh_core.o
 .text.USBH_Init
                0x0000000008006318       0x7c build/usbh_core.o
                0x0000000008006318                USBH_Init
 .text.USBH_RegisterClass
                0x0000000008006394       0x24 build/usbh_core.o
                0x0000000008006394                USBH_RegisterClass
 .text.USBH_SelectInterface
                0x00000000080063b8       0x14 build/usbh_core.o
                0x00000000080063b8                USBH_SelectInterface
 .text.USBH_FindInterface
                0x00000000080063cc       0x50 build/usbh_core.o
                0x00000000080063cc                USBH_FindInterface
 .text.USBH_Start
                0x000000000800641c       0x14 build/usbh_core.o
                0x000000000800641c                USBH_Start
 .text.USBH_Process
                0x0000000008006430      0x2a8 build/usbh_core.o
                0x0000000008006430                USBH_Process
 .text.USBH_Process_OS
                0x00000000080066d8       0x24 build/usbh_core.o
 .text.USBH_LL_SetTimer
                0x00000000080066fc        0x6 build/usbh_core.o
                0x00000000080066fc                USBH_LL_SetTimer
 .text.USBH_LL_IncTimer
                0x0000000008006702       0x12 build/usbh_core.o
                0x0000000008006702                USBH_LL_IncTimer
 .text.USBH_LL_PortEnabled
                0x0000000008006714       0x18 build/usbh_core.o
                0x0000000008006714                USBH_LL_PortEnabled
 .text.USBH_LL_PortDisabled
                0x000000000800672c        0x8 build/usbh_core.o
                0x000000000800672c                USBH_LL_PortDisabled
 .text.USBH_LL_Connect
                0x0000000008006734       0x24 build/usbh_core.o
                0x0000000008006734                USBH_LL_Connect
 .text.USBH_LL_Disconnect
                0x0000000008006758       0x3c build/usbh_core.o
                0x0000000008006758                USBH_LL_Disconnect
 .text.USBH_LL_NotifyURBChange
                0x0000000008006794       0x16 build/usbh_core.o
                0x0000000008006794                USBH_LL_NotifyURBChange
 .text.USBH_ParseDevDesc
                0x00000000080067aa       0x5a build/usbh_ctlreq.o
 .text.USBH_ParseInterfaceDesc
                0x0000000008006804       0x26 build/usbh_ctlreq.o
 .text.USBH_ParseEPDesc
                0x000000000800682a       0x20 build/usbh_ctlreq.o
 .text.USBH_ParseStringDesc
                0x000000000800684a       0x3a build/usbh_ctlreq.o
 .text.USBH_HandleControl
                0x0000000008006884      0x2c2 build/usbh_ctlreq.o
 .text.USBH_GetNextDesc
                0x0000000008006b46        0xe build/usbh_ctlreq.o
                0x0000000008006b46                USBH_GetNextDesc
 .text.USBH_ParseCfgDesc
                0x0000000008006b54       0xc2 build/usbh_ctlreq.o
 .text.USBH_CtlReq
                0x0000000008006c16       0x5c build/usbh_ctlreq.o
                0x0000000008006c16                USBH_CtlReq
 .text.USBH_GetDescriptor
                0x0000000008006c72       0x3e build/usbh_ctlreq.o
                0x0000000008006c72                USBH_GetDescriptor
 .text.USBH_Get_DevDesc
                0x0000000008006cb0       0x32 build/usbh_ctlreq.o
                0x0000000008006cb0                USBH_Get_DevDesc
 .text.USBH_Get_CfgDesc
                0x0000000008006ce2       0x32 build/usbh_ctlreq.o
                0x0000000008006ce2                USBH_Get_CfgDesc
 .text.USBH_Get_StringDesc
                0x0000000008006d14       0x30 build/usbh_ctlreq.o
                0x0000000008006d14                USBH_Get_StringDesc
 .text.USBH_SetAddress
                0x0000000008006d44       0x22 build/usbh_ctlreq.o
                0x0000000008006d44                USBH_SetAddress
 .text.USBH_SetCfg
                0x0000000008006d66       0x22 build/usbh_ctlreq.o
                0x0000000008006d66                USBH_SetCfg
 .text.USBH_SetFeature
                0x0000000008006d88       0x22 build/usbh_ctlreq.o
                0x0000000008006d88                USBH_SetFeature
 .text.USBH_ClrFeature
                0x0000000008006daa       0x24 build/usbh_ctlreq.o
                0x0000000008006daa                USBH_ClrFeature
 .text.USBH_CtlSendSetup
                0x0000000008006dce       0x22 build/usbh_ioreq.o
                0x0000000008006dce                USBH_CtlSendSetup
 .text.USBH_CtlSendData
                0x0000000008006df0       0x2c build/usbh_ioreq.o
                0x0000000008006df0                USBH_CtlSendData
 .text.USBH_CtlReceiveData
                0x0000000008006e1c       0x20 build/usbh_ioreq.o
                0x0000000008006e1c                USBH_CtlReceiveData
 .text.USBH_BulkSendData
                0x0000000008006e3c       0x2c build/usbh_ioreq.o
                0x0000000008006e3c                USBH_BulkSendData
 .text.USBH_BulkReceiveData
                0x0000000008006e68       0x20 build/usbh_ioreq.o
                0x0000000008006e68                USBH_BulkReceiveData
 .text.USBH_GetFreePipe
                0x0000000008006e88       0x24 build/usbh_pipes.o
 .text.USBH_OpenPipe
                0x0000000008006eac       0x20 build/usbh_pipes.o
                0x0000000008006eac                USBH_OpenPipe
 .text.USBH_ClosePipe
                0x0000000008006ecc        0xa build/usbh_pipes.o
                0x0000000008006ecc                USBH_ClosePipe
 .text.USBH_AllocPipe
                0x0000000008006ed6       0x24 build/usbh_pipes.o
                0x0000000008006ed6                USBH_AllocPipe
 .text.USBH_FreePipe
                0x0000000008006efa       0x16 build/usbh_pipes.o
                0x0000000008006efa                USBH_FreePipe
 .text.USBH_MSC_SOFProcess
                0x0000000008006f10        0x4 build/usbh_msc.o
 .text.USBH_MSC_Process
                0x0000000008006f14      0x2a8 build/usbh_msc.o
 .text.USBH_MSC_ClassRequest
                0x00000000080071bc       0x6c build/usbh_msc.o
 .text.USBH_MSC_InterfaceDeInit
                0x0000000008007228       0x50 build/usbh_msc.o
 .text.USBH_MSC_InterfaceInit
                0x0000000008007278      0x138 build/usbh_msc.o
 .text.USBH_MSC_DecodeCSW
                0x00000000080073b0       0x48 build/usbh_msc_bot.o
 .text.USBH_MSC_BOT_Abort
                0x00000000080073f8       0x22 build/usbh_msc_bot.o
 .text.USBH_MSC_BOT_REQ_Reset
                0x000000000800741a       0x1a build/usbh_msc_bot.o
                0x000000000800741a                USBH_MSC_BOT_REQ_Reset
 .text.USBH_MSC_BOT_REQ_GetMaxLUN
                0x0000000008007434       0x1a build/usbh_msc_bot.o
                0x0000000008007434                USBH_MSC_BOT_REQ_GetMaxLUN
 *fill*         0x000000000800744e        0x2 
 .text.USBH_MSC_BOT_Init
                0x0000000008007450       0x24 build/usbh_msc_bot.o
                0x0000000008007450                USBH_MSC_BOT_Init
 .text.USBH_MSC_BOT_Process
                0x0000000008007474      0x2f2 build/usbh_msc_bot.o
                0x0000000008007474                USBH_MSC_BOT_Process
 .text.USBH_MSC_SCSI_TestUnitReady
                0x0000000008007766       0x52 build/usbh_msc_scsi.o
                0x0000000008007766                USBH_MSC_SCSI_TestUnitReady
 .text.USBH_MSC_SCSI_ReadCapacity
                0x00000000080077b8       0x8e build/usbh_msc_scsi.o
                0x00000000080077b8                USBH_MSC_SCSI_ReadCapacity
 .text.USBH_MSC_SCSI_Inquiry
                0x0000000008007846       0xd8 build/usbh_msc_scsi.o
                0x0000000008007846                USBH_MSC_SCSI_Inquiry
 .text.USBH_MSC_SCSI_RequestSense
                0x000000000800791e       0x94 build/usbh_msc_scsi.o
                0x000000000800791e                USBH_MSC_SCSI_RequestSense
 *fill*         0x00000000080079b2        0x2 
 .text.vApplicationGetIdleTaskMemory
                0x00000000080079b4       0x18 build/freertos.o
                0x00000000080079b4                vApplicationGetIdleTaskMemory
 .text.HAL_InitTick
                0x00000000080079cc       0x78 build/stm32f1xx_hal_timebase_tim.o
                0x00000000080079cc                HAL_InitTick
 .text.MX_DriverVbusFS
                0x0000000008007a44       0x1c build/usbh_platform.o
                0x0000000008007a44                MX_DriverVbusFS
 .text.HAL_CRC_Init
                0x0000000008007a60       0x1e build/stm32f1xx_hal_crc.o
                0x0000000008007a60                HAL_CRC_Init
 .text.vListInitialise
                0x0000000008007a7e       0x16 build/list.o
                0x0000000008007a7e                vListInitialise
 .text.vListInitialiseItem
                0x0000000008007a94        0x6 build/list.o
                0x0000000008007a94                vListInitialiseItem
 .text.vListInsertEnd
                0x0000000008007a9a       0x16 build/list.o
                0x0000000008007a9a                vListInsertEnd
 .text.vListInsert
                0x0000000008007ab0       0x32 build/list.o
                0x0000000008007ab0                vListInsert
 .text.uxListRemove
                0x0000000008007ae2       0x26 build/list.o
                0x0000000008007ae2                uxListRemove
 .text.prvGetDisinheritPriorityAfterTimeout
                0x0000000008007b08       0x10 build/queue.o
 .text.prvIsQueueFull
                0x0000000008007b18       0x1e build/queue.o
 .text.prvIsQueueEmpty
                0x0000000008007b36       0x1a build/queue.o
 .text.prvCopyDataToQueue
                0x0000000008007b50       0x76 build/queue.o
 .text.prvCopyDataFromQueue
                0x0000000008007bc6       0x24 build/queue.o
 .text.prvUnlockQueue
                0x0000000008007bea       0x6e build/queue.o
 .text.xQueueGenericReset
                0x0000000008007c58       0x84 build/queue.o
                0x0000000008007c58                xQueueGenericReset
 .text.prvInitialiseNewQueue
                0x0000000008007cdc       0x1c build/queue.o
 .text.xQueueGenericCreateStatic
                0x0000000008007cf8       0x92 build/queue.o
                0x0000000008007cf8                xQueueGenericCreateStatic
 .text.xQueueGenericCreate
                0x0000000008007d8a       0x4e build/queue.o
                0x0000000008007d8a                xQueueGenericCreate
 .text.xQueueGenericSend
                0x0000000008007dd8      0x180 build/queue.o
                0x0000000008007dd8                xQueueGenericSend
 .text.prvInitialiseMutex
                0x0000000008007f58       0x18 build/queue.o
 .text.xQueueCreateMutex
                0x0000000008007f70       0x16 build/queue.o
                0x0000000008007f70                xQueueCreateMutex
 .text.xQueueCreateMutexStatic
                0x0000000008007f86       0x1e build/queue.o
                0x0000000008007f86                xQueueCreateMutexStatic
 .text.xQueueGenericSendFromISR
                0x0000000008007fa4       0xce build/queue.o
                0x0000000008007fa4                xQueueGenericSendFromISR
 .text.xQueueGiveFromISR
                0x0000000008008072       0xb2 build/queue.o
                0x0000000008008072                xQueueGiveFromISR
 .text.xQueueReceive
                0x0000000008008124      0x15c build/queue.o
                0x0000000008008124                xQueueReceive
 .text.xQueueSemaphoreTake
                0x0000000008008280      0x1a4 build/queue.o
                0x0000000008008280                xQueueSemaphoreTake
 .text.xQueueReceiveFromISR
                0x0000000008008424       0xac build/queue.o
                0x0000000008008424                xQueueReceiveFromISR
 .text.prvResetNextTaskUnblockTime
                0x00000000080084d0       0x2c build/tasks.o
 .text.prvInitialiseNewTask
                0x00000000080084fc       0x88 build/tasks.o
 .text.prvInitialiseTaskLists
                0x0000000008008584       0x68 build/tasks.o
 .text.prvAddNewTaskToReadyList
                0x00000000080085ec       0xa8 build/tasks.o
 .text.prvDeleteTCB
                0x0000000008008694       0x38 build/tasks.o
 .text.prvCheckTasksWaitingTermination
                0x00000000080086cc       0x4c build/tasks.o
 .text.prvIdleTask
                0x0000000008008718       0x28 build/tasks.o
 .text.prvAddCurrentTaskToDelayedList
                0x0000000008008740       0x98 build/tasks.o
 .text.xTaskCreateStatic
                0x00000000080087d8       0x72 build/tasks.o
                0x00000000080087d8                xTaskCreateStatic
 .text.xTaskCreate
                0x000000000800884a       0x68 build/tasks.o
                0x000000000800884a                xTaskCreate
 *fill*         0x00000000080088b2        0x2 
 .text.vTaskStartScheduler
                0x00000000080088b4       0x6c build/tasks.o
                0x00000000080088b4                vTaskStartScheduler
 .text.vTaskSuspendAll
                0x0000000008008920       0x10 build/tasks.o
                0x0000000008008920                vTaskSuspendAll
 .text.xTaskIncrementTick
                0x0000000008008930      0x118 build/tasks.o
                0x0000000008008930                xTaskIncrementTick
 .text.xTaskResumeAll
                0x0000000008008a48       0xf8 build/tasks.o
                0x0000000008008a48                xTaskResumeAll
 .text.vTaskDelay
                0x0000000008008b40       0x4c build/tasks.o
                0x0000000008008b40                vTaskDelay
 .text.vTaskSwitchContext
                0x0000000008008b8c       0x98 build/tasks.o
                0x0000000008008b8c                vTaskSwitchContext
 .text.vTaskPlaceOnEventList
                0x0000000008008c24       0x30 build/tasks.o
                0x0000000008008c24                vTaskPlaceOnEventList
 .text.xTaskRemoveFromEventList
                0x0000000008008c54       0x8c build/tasks.o
                0x0000000008008c54                xTaskRemoveFromEventList
 .text.vTaskInternalSetTimeOutState
                0x0000000008008ce0       0x18 build/tasks.o
                0x0000000008008ce0                vTaskInternalSetTimeOutState
 .text.xTaskCheckForTimeOut
                0x0000000008008cf8       0x84 build/tasks.o
                0x0000000008008cf8                xTaskCheckForTimeOut
 .text.vTaskMissedYield
                0x0000000008008d7c        0xc build/tasks.o
                0x0000000008008d7c                vTaskMissedYield
 .text.xTaskGetCurrentTaskHandle
                0x0000000008008d88        0xc build/tasks.o
                0x0000000008008d88                xTaskGetCurrentTaskHandle
 .text.xTaskGetSchedulerState
                0x0000000008008d94       0x20 build/tasks.o
                0x0000000008008d94                xTaskGetSchedulerState
 .text.xTaskPriorityInherit
                0x0000000008008db4       0xbc build/tasks.o
                0x0000000008008db4                xTaskPriorityInherit
 .text.xTaskPriorityDisinherit
                0x0000000008008e70       0xb4 build/tasks.o
                0x0000000008008e70                xTaskPriorityDisinherit
 .text.vTaskPriorityDisinheritAfterTimeout
                0x0000000008008f24       0xc4 build/tasks.o
                0x0000000008008f24                vTaskPriorityDisinheritAfterTimeout
 .text.pvTaskIncrementMutexHeldCount
                0x0000000008008fe8       0x1c build/tasks.o
                0x0000000008008fe8                pvTaskIncrementMutexHeldCount
 .text.makeFreeRtosPriority
                0x0000000008009004        0xc build/cmsis_os.o
 .text.inHandlerMode
                0x0000000008009010        0xc build/cmsis_os.o
 .text.osKernelStart
                0x000000000800901c        0xa build/cmsis_os.o
                0x000000000800901c                osKernelStart
 .text.osThreadCreate
                0x0000000008009026       0x6a build/cmsis_os.o
                0x0000000008009026                osThreadCreate
 .text.osThreadGetId
                0x0000000008009090        0x8 build/cmsis_os.o
                0x0000000008009090                osThreadGetId
 .text.osDelay  0x0000000008009098        0xe build/cmsis_os.o
                0x0000000008009098                osDelay
 .text.osMutexCreate
                0x00000000080090a6       0x16 build/cmsis_os.o
                0x00000000080090a6                osMutexCreate
 .text.osMutexWait
                0x00000000080090bc       0x60 build/cmsis_os.o
                0x00000000080090bc                osMutexWait
 .text.osMutexRelease
                0x000000000800911c       0x5c build/cmsis_os.o
                0x000000000800911c                osMutexRelease
 .text.osSemaphoreCreate
                0x0000000008009178       0x48 build/cmsis_os.o
                0x0000000008009178                osSemaphoreCreate
 .text.osMessageCreate
                0x00000000080091c0       0x2a build/cmsis_os.o
                0x00000000080091c0                osMessageCreate
 *fill*         0x00000000080091ea        0x2 
 .text.osMessagePut
                0x00000000080091ec       0x68 build/cmsis_os.o
                0x00000000080091ec                osMessagePut
 .text.osMessageGet
                0x0000000008009254       0x88 build/cmsis_os.o
                0x0000000008009254                osMessageGet
 .text.prvHeapInit
                0x00000000080092dc       0x64 build/heap_4.o
 .text.prvInsertBlockIntoFreeList
                0x0000000008009340       0x54 build/heap_4.o
 .text.pvPortMalloc
                0x0000000008009394       0xf0 build/heap_4.o
                0x0000000008009394                pvPortMalloc
 .text.vPortFree
                0x0000000008009484       0x70 build/heap_4.o
                0x0000000008009484                vPortFree
 .text.prvTaskExitError
                0x00000000080094f4       0x40 build/port.o
 .text.prvPortStartFirstTask
                0x0000000008009534       0x20 build/port.o
 .text.pxPortInitialiseStack
                0x0000000008009554       0x24 build/port.o
                0x0000000008009554                pxPortInitialiseStack
 *fill*         0x0000000008009578        0x8 
 .text.SVC_Handler
                0x0000000008009580       0x24 build/port.o
                0x0000000008009580                SVC_Handler
 .text.vPortEnterCritical
                0x00000000080095a4       0x44 build/port.o
                0x00000000080095a4                vPortEnterCritical
 .text.vPortExitCritical
                0x00000000080095e8       0x2c build/port.o
                0x00000000080095e8                vPortExitCritical
 *fill*         0x0000000008009614        0xc 
 .text.PendSV_Handler
                0x0000000008009620       0x44 build/port.o
                0x0000000008009620                PendSV_Handler
 .text.SysTick_Handler
                0x0000000008009664       0x2c build/port.o
                0x0000000008009664                SysTick_Handler
 .text.vPortSetupTimerInterrupt
                0x0000000008009690       0x38 build/port.o
                0x0000000008009690                vPortSetupTimerInterrupt
 .text.xPortStartScheduler
                0x00000000080096c8       0xb8 build/port.o
                0x00000000080096c8                xPortStartScheduler
 .text.vPortValidateInterruptPriority
                0x0000000008009780       0x5c build/port.o
                0x0000000008009780                vPortValidateInterruptPriority
 .text.GUI_X_Init
                0x00000000080097dc        0x2 build/GUI_X_OS.o
                0x00000000080097dc                GUI_X_Init
 *fill*         0x00000000080097de        0x2 
 .text.GUI_X_InitOS
                0x00000000080097e0       0x30 build/GUI_X_OS.o
                0x00000000080097e0                GUI_X_InitOS
 .text.GUI_X_Unlock
                0x0000000008009810       0x10 build/GUI_X_OS.o
                0x0000000008009810                GUI_X_Unlock
 .text.GUI_X_Lock
                0x0000000008009820       0x14 build/GUI_X_OS.o
                0x0000000008009820                GUI_X_Lock
 .text.GUI_X_GetTaskId
                0x0000000008009834        0x8 build/GUI_X_OS.o
                0x0000000008009834                GUI_X_GetTaskId
 .text.GUI_X_Config
                0x000000000800983c       0x1c build/GUIConf.o
                0x000000000800983c                GUI_X_Config
 .text.LcdReadDataMultiple
                0x0000000008009858       0x34 build/LCDConf_FlexColor_Template.o
 .text.LcdWriteDataMultiple
                0x000000000800988c       0x34 build/LCDConf_FlexColor_Template.o
 .text.LcdWriteData
                0x00000000080098c0       0x2c build/LCDConf_FlexColor_Template.o
 .text.LcdWriteReg
                0x00000000080098ec       0x2c build/LCDConf_FlexColor_Template.o
 .text.LCD_X_Config
                0x0000000008009918       0x90 build/LCDConf_FlexColor_Template.o
                0x0000000008009918                LCD_X_Config
 .text.LCD_X_DisplayDriver
                0x00000000080099a8       0x14 build/LCDConf_FlexColor_Template.o
                0x00000000080099a8                LCD_X_DisplayDriver
 .text.Reset_Handler
                0x00000000080099bc       0x48 build/startup_stm32f107xc.o
                0x00000000080099bc                Reset_Handler
 .text.Default_Handler
                0x0000000008009a04        0x2 build/startup_stm32f107xc.o
                0x0000000008009a04                RTC_Alarm_IRQHandler
                0x0000000008009a04                EXTI2_IRQHandler
                0x0000000008009a04                TIM1_CC_IRQHandler
                0x0000000008009a04                TIM6_IRQHandler
                0x0000000008009a04                PVD_IRQHandler
                0x0000000008009a04                CAN2_RX1_IRQHandler
                0x0000000008009a04                EXTI3_IRQHandler
                0x0000000008009a04                EXTI0_IRQHandler
                0x0000000008009a04                I2C2_EV_IRQHandler
                0x0000000008009a04                CAN1_RX0_IRQHandler
                0x0000000008009a04                CAN2_SCE_IRQHandler
                0x0000000008009a04                ADC1_2_IRQHandler
                0x0000000008009a04                SPI1_IRQHandler
                0x0000000008009a04                TAMPER_IRQHandler
                0x0000000008009a04                CAN2_RX0_IRQHandler
                0x0000000008009a04                DMA2_Channel2_IRQHandler
                0x0000000008009a04                DMA1_Channel4_IRQHandler
                0x0000000008009a04                USART3_IRQHandler
                0x0000000008009a04                RTC_IRQHandler
                0x0000000008009a04                DMA1_Channel7_IRQHandler
                0x0000000008009a04                CAN1_RX1_IRQHandler
                0x0000000008009a04                UART5_IRQHandler
                0x0000000008009a04                TIM4_IRQHandler
                0x0000000008009a04                DMA2_Channel1_IRQHandler
                0x0000000008009a04                I2C1_EV_IRQHandler
                0x0000000008009a04                DMA1_Channel6_IRQHandler
                0x0000000008009a04                UART4_IRQHandler
                0x0000000008009a04                DMA2_Channel4_IRQHandler
                0x0000000008009a04                TIM3_IRQHandler
                0x0000000008009a04                RCC_IRQHandler
                0x0000000008009a04                TIM1_TRG_COM_IRQHandler
                0x0000000008009a04                DMA1_Channel1_IRQHandler
                0x0000000008009a04                Default_Handler
                0x0000000008009a04                EXTI15_10_IRQHandler
                0x0000000008009a04                TIM7_IRQHandler
                0x0000000008009a04                CAN2_TX_IRQHandler
                0x0000000008009a04                TIM5_IRQHandler
                0x0000000008009a04                EXTI9_5_IRQHandler
                0x0000000008009a04                ETH_WKUP_IRQHandler
                0x0000000008009a04                SPI2_IRQHandler
                0x0000000008009a04                CAN1_TX_IRQHandler
                0x0000000008009a04                DMA2_Channel5_IRQHandler
                0x0000000008009a04                DMA1_Channel5_IRQHandler
                0x0000000008009a04                EXTI4_IRQHandler
                0x0000000008009a04                DMA1_Channel3_IRQHandler
                0x0000000008009a04                ETH_IRQHandler
                0x0000000008009a04                TIM1_UP_IRQHandler
                0x0000000008009a04                WWDG_IRQHandler
                0x0000000008009a04                OTG_FS_WKUP_IRQHandler
                0x0000000008009a04                TIM1_BRK_IRQHandler
                0x0000000008009a04                EXTI1_IRQHandler
                0x0000000008009a04                USART2_IRQHandler
                0x0000000008009a04                I2C2_ER_IRQHandler
                0x0000000008009a04                DMA1_Channel2_IRQHandler
                0x0000000008009a04                CAN1_SCE_IRQHandler
                0x0000000008009a04                FLASH_IRQHandler
                0x0000000008009a04                USART1_IRQHandler
                0x0000000008009a04                SPI3_IRQHandler
                0x0000000008009a04                I2C1_ER_IRQHandler
                0x0000000008009a04                DMA2_Channel3_IRQHandler
 *fill*         0x0000000008009a06        0x2 
 .text.__libc_init_array
                0x0000000008009a08       0x48 /opt/gcc-arm-none-eabi-9-2020-q2-update/bin/../lib/gcc/arm-none-eabi/9.3.1/../../../../arm-none-eabi/lib/thumb/v7-m/nofp/libc_nano.a(lib_a-init.o)
                0x0000000008009a08                __libc_init_array
 .text.malloc   0x0000000008009a50       0x10 /opt/gcc-arm-none-eabi-9-2020-q2-update/bin/../lib/gcc/arm-none-eabi/9.3.1/../../../../arm-none-eabi/lib/thumb/v7-m/nofp/libc_nano.a(lib_a-malloc.o)
                0x0000000008009a50                malloc
 .text.free     0x0000000008009a60       0x10 /opt/gcc-arm-none-eabi-9-2020-q2-update/bin/../lib/gcc/arm-none-eabi/9.3.1/../../../../arm-none-eabi/lib/thumb/v7-m/nofp/libc_nano.a(lib_a-malloc.o)
                0x0000000008009a60                free
 .text.memcpy   0x0000000008009a70       0x1c /opt/gcc-arm-none-eabi-9-2020-q2-update/bin/../lib/gcc/arm-none-eabi/9.3.1/../../../../arm-none-eabi/lib/thumb/v7-m/nofp/libc_nano.a(lib_a-memcpy-stub.o)
                0x0000000008009a70                memcpy
 .text.memset   0x0000000008009a8c       0x10 /opt/gcc-arm-none-eabi-9-2020-q2-update/bin/../lib/gcc/arm-none-eabi/9.3.1/../../../../arm-none-eabi/lib/thumb/v7-m/nofp/libc_nano.a(lib_a-memset.o)
                0x0000000008009a8c                memset
 .text._free_r  0x0000000008009a9c       0x98 /opt/gcc-arm-none-eabi-9-2020-q2-update/bin/../lib/gcc/arm-none-eabi/9.3.1/../../../../arm-none-eabi/lib/thumb/v7-m/nofp/libc_nano.a(lib_a-nano-freer.o)
                0x0000000008009a9c                _free_r
 .text._malloc_r
                0x0000000008009b34       0xb4 /opt/gcc-arm-none-eabi-9-2020-q2-update/bin/../lib/gcc/arm-none-eabi/9.3.1/../../../../arm-none-eabi/lib/thumb/v7-m/nofp/libc_nano.a(lib_a-nano-mallocr.o)
                0x0000000008009b34                _malloc_r
 .text._sbrk_r  0x0000000008009be8       0x20 /opt/gcc-arm-none-eabi-9-2020-q2-update/bin/../lib/gcc/arm-none-eabi/9.3.1/../../../../arm-none-eabi/lib/thumb/v7-m/nofp/libc_nano.a(lib_a-sbrkr.o)
                0x0000000008009be8                _sbrk_r
 .text.__malloc_lock
                0x0000000008009c08        0xc /opt/gcc-arm-none-eabi-9-2020-q2-update/bin/../lib/gcc/arm-none-eabi/9.3.1/../../../../arm-none-eabi/lib/thumb/v7-m/nofp/libc_nano.a(lib_a-mlock.o)
                0x0000000008009c08                __malloc_lock
 .text.__malloc_unlock
                0x0000000008009c14        0xc /opt/gcc-arm-none-eabi-9-2020-q2-update/bin/../lib/gcc/arm-none-eabi/9.3.1/../../../../arm-none-eabi/lib/thumb/v7-m/nofp/libc_nano.a(lib_a-mlock.o)
                0x0000000008009c14                __malloc_unlock
 .text.__retarget_lock_acquire_recursive
                0x0000000008009c20        0x2 /opt/gcc-arm-none-eabi-9-2020-q2-update/bin/../lib/gcc/arm-none-eabi/9.3.1/../../../../arm-none-eabi/lib/thumb/v7-m/nofp/libc_nano.a(lib_a-lock.o)
                0x0000000008009c20                __retarget_lock_acquire_recursive
 .text.__retarget_lock_release_recursive
                0x0000000008009c22        0x2 /opt/gcc-arm-none-eabi-9-2020-q2-update/bin/../lib/gcc/arm-none-eabi/9.3.1/../../../../arm-none-eabi/lib/thumb/v7-m/nofp/libc_nano.a(lib_a-lock.o)
                0x0000000008009c22                __retarget_lock_release_recursive
 .text._sbrk    0x0000000008009c24       0x1c /opt/gcc-arm-none-eabi-9-2020-q2-update/bin/../lib/gcc/arm-none-eabi/9.3.1/../../../../arm-none-eabi/lib/thumb/v7-m/nofp/libnosys.a(sbrk.o)
                0x0000000008009c24                _sbrk
 .text.LCD_Index2Color_565
                0x0000000008009c40       0x28 Middlewares/ST/STemWin/Lib/STemWin_CM3_OS_wc32.a(GUICC_565.o)
                0x0000000008009c40                LCD_Index2Color_565
 .text._Color2Index_565
                0x0000000008009c68       0x28 Middlewares/ST/STemWin/Lib/STemWin_CM3_OS_wc32.a(GUICC_565.o)
 .text._GetIndexMask_565
                0x0000000008009c90        0x6 Middlewares/ST/STemWin/Lib/STemWin_CM3_OS_wc32.a(GUICC_565.o)
 *fill*         0x0000000008009c96        0x2 
 .text._Color2IndexBulk
                0x0000000008009c98       0x3c Middlewares/ST/STemWin/Lib/STemWin_CM3_OS_wc32.a(GUICC_565.o)
 .text._Index2ColorBulk
                0x0000000008009cd4       0x4c Middlewares/ST/STemWin/Lib/STemWin_CM3_OS_wc32.a(GUICC_565.o)
 .text._PushFreeBlock
                0x0000000008009d20       0x24 Middlewares/ST/STemWin/Lib/STemWin_CM3_OS_wc32.a(GUI_Alloc.o)
 .text._RemoveFreeBlock
                0x0000000008009d44       0x40 Middlewares/ST/STemWin/Lib/STemWin_CM3_OS_wc32.a(GUI_Alloc.o)
 .text._AddFreeMemory
                0x0000000008009d84       0xa4 Middlewares/ST/STemWin/Lib/STemWin_CM3_OS_wc32.a(GUI_Alloc.o)
 .text._RemoveHoles
                0x0000000008009e28       0x98 Middlewares/ST/STemWin/Lib/STemWin_CM3_OS_wc32.a(GUI_Alloc.o)
 .text.GUI_ALLOC_FreeFixedBlock
                0x0000000008009ec0       0x14 Middlewares/ST/STemWin/Lib/STemWin_CM3_OS_wc32.a(GUI_Alloc.o)
                0x0000000008009ec0                GUI_ALLOC_FreeFixedBlock
 .text.GUI_ALLOC_h2p
                0x0000000008009ed4       0x14 Middlewares/ST/STemWin/Lib/STemWin_CM3_OS_wc32.a(GUI_Alloc.o)
                0x0000000008009ed4                GUI_ALLOC_h2p
 .text.GUI_ALLOC_LockH
                0x0000000008009ee8       0x1c Middlewares/ST/STemWin/Lib/STemWin_CM3_OS_wc32.a(GUI_Alloc.o)
                0x0000000008009ee8                GUI_ALLOC_LockH
 .text.GUI_ALLOC_UnlockH
                0x0000000008009f04       0x30 Middlewares/ST/STemWin/Lib/STemWin_CM3_OS_wc32.a(GUI_Alloc.o)
                0x0000000008009f04                GUI_ALLOC_UnlockH
 .text.GUI_ALLOC_AssignMemory
                0x0000000008009f34       0x10 Middlewares/ST/STemWin/Lib/STemWin_CM3_OS_wc32.a(GUI_Alloc.o)
                0x0000000008009f34                GUI_ALLOC_AssignMemory
 .text.GUI_ALLOC_Free
                0x0000000008009f44       0x30 Middlewares/ST/STemWin/Lib/STemWin_CM3_OS_wc32.a(GUI_Alloc.o)
                0x0000000008009f44                GUI_ALLOC_Free
 .text._EnlargeBlocks
                0x0000000008009f74       0x9c Middlewares/ST/STemWin/Lib/STemWin_CM3_OS_wc32.a(GUI_Alloc.o)
 .text._InitOnce
                0x000000000800a010       0x68 Middlewares/ST/STemWin/Lib/STemWin_CM3_OS_wc32.a(GUI_Alloc.o)
 .text.GUI_ALLOC_GetFixedBlock
                0x000000000800a078       0xa4 Middlewares/ST/STemWin/Lib/STemWin_CM3_OS_wc32.a(GUI_Alloc.o)
                0x000000000800a078                GUI_ALLOC_GetFixedBlock
 .text._Alloc   0x000000000800a11c       0xf0 Middlewares/ST/STemWin/Lib/STemWin_CM3_OS_wc32.a(GUI_Alloc.o)
 .text.GUI_ALLOC_AllocNoInit
                0x000000000800a20c       0x1a Middlewares/ST/STemWin/Lib/STemWin_CM3_OS_wc32.a(GUI_Alloc.o)
                0x000000000800a20c                GUI_ALLOC_AllocNoInit
 *fill*         0x000000000800a226        0x2 
 .text.GUI_ALLOC_AllocZero
                0x000000000800a228       0x3c Middlewares/ST/STemWin/Lib/STemWin_CM3_OS_wc32.a(GUI_Alloc.o)
                0x000000000800a228                GUI_ALLOC_AllocZero
 .text.GUI_CalcColorDist
                0x000000000800a264       0x4e Middlewares/ST/STemWin/Lib/STemWin_CM3_OS_wc32.a(GUI_Common.o)
                0x000000000800a264                GUI_CalcColorDist
 *fill*         0x000000000800a2b2        0x2 
 .text.GUI_GetVersionString
                0x000000000800a2b4       0x18 Middlewares/ST/STemWin/Lib/STemWin_CM3_OS_wc32.a(GUI_Common.o)
                0x000000000800a2b4                GUI_GetVersionString
 .text.GUI_MergeRect
                0x000000000800a2cc       0x56 Middlewares/ST/STemWin/Lib/STemWin_CM3_OS_wc32.a(GUI_Common.o)
                0x000000000800a2cc                GUI_MergeRect
 .text.GUI_MoveRect
                0x000000000800a322       0x20 Middlewares/ST/STemWin/Lib/STemWin_CM3_OS_wc32.a(GUI_Common.o)
                0x000000000800a322                GUI_MoveRect
 *fill*         0x000000000800a342        0x2 
 .text.GUI_GotoXY
                0x000000000800a344       0x20 Middlewares/ST/STemWin/Lib/STemWin_CM3_OS_wc32.a(GUI_Common.o)
                0x000000000800a344                GUI_GotoXY
 .text.GUI_SetPenSize
                0x000000000800a364       0x1c Middlewares/ST/STemWin/Lib/STemWin_CM3_OS_wc32.a(GUI_Common.o)
                0x000000000800a364                GUI_SetPenSize
 .text.GUI_RectsIntersect
                0x000000000800a380       0x3a Middlewares/ST/STemWin/Lib/STemWin_CM3_OS_wc32.a(GUI_Common.o)
                0x000000000800a380                GUI_RectsIntersect
 .text.GUI_SelectLCD
                0x000000000800a3ba       0x1a Middlewares/ST/STemWin/Lib/STemWin_CM3_OS_wc32.a(GUI_Common.o)
                0x000000000800a3ba                GUI_SelectLCD
 .text.GUI_SetBkColor
                0x000000000800a3d4       0x16 Middlewares/ST/STemWin/Lib/STemWin_CM3_OS_wc32.a(GUI_Common.o)
                0x000000000800a3d4                GUI_SetBkColor
 .text.GUI_SetColor
                0x000000000800a3ea       0x16 Middlewares/ST/STemWin/Lib/STemWin_CM3_OS_wc32.a(GUI_Common.o)
                0x000000000800a3ea                GUI_SetColor
 .text.GUI_SetFont
                0x000000000800a400       0x20 Middlewares/ST/STemWin/Lib/STemWin_CM3_OS_wc32.a(GUI_Common.o)
                0x000000000800a400                GUI_SetFont
 .text.GUI_SetOrg
                0x000000000800a420       0x40 Middlewares/ST/STemWin/Lib/STemWin_CM3_OS_wc32.a(GUI_Common.o)
                0x000000000800a420                GUI_SetOrg
 .text.GUI_SetTextAlign
                0x000000000800a460       0x20 Middlewares/ST/STemWin/Lib/STemWin_CM3_OS_wc32.a(GUI_Common.o)
                0x000000000800a460                GUI_SetTextAlign
 .text.GUI_SetTextMode
                0x000000000800a480       0x20 Middlewares/ST/STemWin/Lib/STemWin_CM3_OS_wc32.a(GUI_Common.o)
                0x000000000800a480                GUI_SetTextMode
 .text._InitContext
                0x000000000800a4a0       0x84 Middlewares/ST/STemWin/Lib/STemWin_CM3_OS_wc32.a(GUI_Core.o)
 .text._OnExit  0x000000000800a524       0x48 Middlewares/ST/STemWin/Lib/STemWin_CM3_OS_wc32.a(GUI_Core.o)
 .text.GUI_SetDefaultFont
                0x000000000800a56c        0xc Middlewares/ST/STemWin/Lib/STemWin_CM3_OS_wc32.a(GUI_Core.o)
                0x000000000800a56c                GUI_SetDefaultFont
 .text.GUI_ClearRect
                0x000000000800a578       0x6c Middlewares/ST/STemWin/Lib/STemWin_CM3_OS_wc32.a(GUI_Core.o)
                0x000000000800a578                GUI_ClearRect
 .text.GUI_Clear
                0x000000000800a5e4       0x20 Middlewares/ST/STemWin/Lib/STemWin_CM3_OS_wc32.a(GUI_Core.o)
                0x000000000800a5e4                GUI_Clear
 .text.GUI__Config
                0x000000000800a604       0x98 Middlewares/ST/STemWin/Lib/STemWin_CM3_OS_wc32.a(GUI_Core.o)
                0x000000000800a604                GUI__Config
 .text.GUI_Init
                0x000000000800a69c       0xfc Middlewares/ST/STemWin/Lib/STemWin_CM3_OS_wc32.a(GUI_Core.o)
                0x000000000800a69c                GUI_Init
 .text.GUI__RegisterExit
                0x000000000800a798       0x24 Middlewares/ST/STemWin/Lib/STemWin_CM3_OS_wc32.a(GUI_Core.o)
                0x000000000800a798                GUI__RegisterExit
 .text.GUI_DEVICE__GetpDriver
                0x000000000800a7bc       0x20 Middlewares/ST/STemWin/Lib/STemWin_CM3_OS_wc32.a(GUI_Device.o)
                0x000000000800a7bc                GUI_DEVICE__GetpDriver
 .text.GUI_DEVICE_Delete
                0x000000000800a7dc        0x4 Middlewares/ST/STemWin/Lib/STemWin_CM3_OS_wc32.a(GUI_Device.o)
                0x000000000800a7dc                GUI_DEVICE_Delete
 .text.GUI_DEVICE_Create
                0x000000000800a7e0       0x4c Middlewares/ST/STemWin/Lib/STemWin_CM3_OS_wc32.a(GUI_Device.o)
                0x000000000800a7e0                GUI_DEVICE_Create
 .text.GUI_DEVICE_Unlink
                0x000000000800a82c       0x30 Middlewares/ST/STemWin/Lib/STemWin_CM3_OS_wc32.a(GUI_Device.o)
                0x000000000800a82c                GUI_DEVICE_Unlink
 .text.GUI_DEVICE_Link
                0x000000000800a85c       0x84 Middlewares/ST/STemWin/Lib/STemWin_CM3_OS_wc32.a(GUI_Device.o)
                0x000000000800a85c                GUI_DEVICE_Link
 .text.GUI_DEVICE_CreateAndLink
                0x000000000800a8e0       0x28 Middlewares/ST/STemWin/Lib/STemWin_CM3_OS_wc32.a(GUI_Device.o)
                0x000000000800a8e0                GUI_DEVICE_CreateAndLink
 .text.GUI_DEVICE_UnlinkTaskDevices
                0x000000000800a908        0x4 Middlewares/ST/STemWin/Lib/STemWin_CM3_OS_wc32.a(GUI_Device.o)
                0x000000000800a908                GUI_DEVICE_UnlinkTaskDevices
 .text.GUI_DEVICE_LinkDevices
                0x000000000800a90c       0x10 Middlewares/ST/STemWin/Lib/STemWin_CM3_OS_wc32.a(GUI_Device.o)
                0x000000000800a90c                GUI_DEVICE_LinkDevices
 .text.GUI_DispString
                0x000000000800a91c      0x120 Middlewares/ST/STemWin/Lib/STemWin_CM3_OS_wc32.a(GUI_DispString.o)
                0x000000000800a91c                GUI_DispString
 .text.GUI_DispStringAt
                0x000000000800aa3c       0x28 Middlewares/ST/STemWin/Lib/STemWin_CM3_OS_wc32.a(GUI_DispString.o)
                0x000000000800aa3c                GUI_DispStringAt
 .text.GUI_DispStringHCenterAt
                0x000000000800aa64       0x34 Middlewares/ST/STemWin/Lib/STemWin_CM3_OS_wc32.a(GUI_DispString.o)
                0x000000000800aa64                GUI_DispStringHCenterAt
 .text._SetLineColor
                0x000000000800aa98       0x90 Middlewares/ST/STemWin/Lib/STemWin_CM3_OS_wc32.a(GUI_DrawLine.o)
 .text.GUI_sin  0x000000000800ab28       0x5c Middlewares/ST/STemWin/Lib/STemWin_CM3_OS_wc32.a(GUI_DrawLine.o)
                0x000000000800ab28                GUI_sin
 .text.GUI_cos  0x000000000800ab84        0x8 Middlewares/ST/STemWin/Lib/STemWin_CM3_OS_wc32.a(GUI_DrawLine.o)
                0x000000000800ab84                GUI_cos
 .text.GL_DrawLine1Ex
                0x000000000800ab8c      0x1ac Middlewares/ST/STemWin/Lib/STemWin_CM3_OS_wc32.a(GUI_DrawLine.o)
                0x000000000800ab8c                GL_DrawLine1Ex
 .text.GL_DrawLineEx
                0x000000000800ad38      0x1b0 Middlewares/ST/STemWin/Lib/STemWin_CM3_OS_wc32.a(GUI_DrawLine.o)
                0x000000000800ad38                GL_DrawLineEx
 .text.GL_DrawLine
                0x000000000800aee8       0x16 Middlewares/ST/STemWin/Lib/STemWin_CM3_OS_wc32.a(GUI_DrawLine.o)
                0x000000000800aee8                GL_DrawLine
 *fill*         0x000000000800aefe        0x2 
 .text.GUI_DrawLine
                0x000000000800af00       0x4c Middlewares/ST/STemWin/Lib/STemWin_CM3_OS_wc32.a(GUI_DrawLine.o)
                0x000000000800af00                GUI_DrawLine
 .text._Add     0x000000000800af4c       0x40 Middlewares/ST/STemWin/Lib/STemWin_CM3_OS_wc32.a(GUI_FillPolygon.o)
 .text.GL_FillPolygon
                0x000000000800af8c      0x1d4 Middlewares/ST/STemWin/Lib/STemWin_CM3_OS_wc32.a(GUI_FillPolygon.o)
                0x000000000800af8c                GL_FillPolygon
 .text.GUI_StoreKey
                0x000000000800b160       0x10 Middlewares/ST/STemWin/Lib/STemWin_CM3_OS_wc32.a(GUI_OnKey.o)
                0x000000000800b160                GUI_StoreKey
 .text._GetTaskNo
                0x000000000800b170       0x3c Middlewares/ST/STemWin/Lib/STemWin_CM3_OS_wc32.a(GUI_Task.o)
 .text._OnExit  0x000000000800b1ac       0x14 Middlewares/ST/STemWin/Lib/STemWin_CM3_OS_wc32.a(GUI_Task.o)
 .text.GUI_Unlock
                0x000000000800b1c0       0x14 Middlewares/ST/STemWin/Lib/STemWin_CM3_OS_wc32.a(GUI_Task.o)
                0x000000000800b1c0                GUI_Unlock
 .text.GUI_Lock
                0x000000000800b1d4       0x78 Middlewares/ST/STemWin/Lib/STemWin_CM3_OS_wc32.a(GUI_Task.o)
                0x000000000800b1d4                GUI_Lock
 .text.GUITASK_Init
                0x000000000800b24c       0x4c Middlewares/ST/STemWin/Lib/STemWin_CM3_OS_wc32.a(GUI_Task.o)
                0x000000000800b24c                GUITASK_Init
 .text.GUITASK_CopyContext
                0x000000000800b298       0x70 Middlewares/ST/STemWin/Lib/STemWin_CM3_OS_wc32.a(GUI_Task.o)
                0x000000000800b298                GUITASK_CopyContext
 .text.GUI_UC__GetCharCodeInc
                0x000000000800b308       0x28 Middlewares/ST/STemWin/Lib/STemWin_CM3_OS_wc32.a(GUI_UC.o)
                0x000000000800b308                GUI_UC__GetCharCodeInc
 .text.GUI_UC__NumChars2NumBytes
                0x000000000800b330       0x24 Middlewares/ST/STemWin/Lib/STemWin_CM3_OS_wc32.a(GUI_UC.o)
                0x000000000800b330                GUI_UC__NumChars2NumBytes
 .text._GetCharCode
                0x000000000800b354        0x4 Middlewares/ST/STemWin/Lib/STemWin_CM3_OS_wc32.a(GUI_UC_EncodeNone.o)
 .text._GetCharSize
                0x000000000800b358        0x4 Middlewares/ST/STemWin/Lib/STemWin_CM3_OS_wc32.a(GUI_UC_EncodeNone.o)
 .text._CalcSizeOfChar
                0x000000000800b35c        0x4 Middlewares/ST/STemWin/Lib/STemWin_CM3_OS_wc32.a(GUI_UC_EncodeNone.o)
 .text._Encode  0x000000000800b360        0x6 Middlewares/ST/STemWin/Lib/STemWin_CM3_OS_wc32.a(GUI_UC_EncodeNone.o)
 *fill*         0x000000000800b366        0x2 
 .text.GUI_SignalEvent
                0x000000000800b368       0x10 Middlewares/ST/STemWin/Lib/STemWin_CM3_OS_wc32.a(GUI_WaitEvent.o)
                0x000000000800b368                GUI_SignalEvent
 .text.GUI__IntersectRect
                0x000000000800b378       0x3a Middlewares/ST/STemWin/Lib/STemWin_CM3_OS_wc32.a(GUI__Private.o)
                0x000000000800b378                GUI__IntersectRect
 .text.GUI__IntersectRects
                0x000000000800b3b2       0x56 Middlewares/ST/STemWin/Lib/STemWin_CM3_OS_wc32.a(GUI__Private.o)
                0x000000000800b3b2                GUI__IntersectRects
 .text.GUI__memset16
                0x000000000800b408       0x64 Middlewares/ST/STemWin/Lib/STemWin_CM3_OS_wc32.a(GUI__Private.o)
                0x000000000800b408                GUI__memset16
 .text._SetDrawMode
                0x000000000800b46c       0x28 Middlewares/ST/STemWin/Lib/STemWin_CM3_OS_wc32.a(LCD.o)
 .text.LCD_SetDrawMode
                0x000000000800b494        0xc Middlewares/ST/STemWin/Lib/STemWin_CM3_OS_wc32.a(LCD.o)
                0x000000000800b494                LCD_SetDrawMode
 .text.LCD_DrawPixel
                0x000000000800b4a0       0x60 Middlewares/ST/STemWin/Lib/STemWin_CM3_OS_wc32.a(LCD.o)
                0x000000000800b4a0                LCD_DrawPixel
 .text.LCD_DrawHLine
                0x000000000800b500       0x50 Middlewares/ST/STemWin/Lib/STemWin_CM3_OS_wc32.a(LCD.o)
                0x000000000800b500                LCD_DrawHLine
 .text.LCD_DrawVLine
                0x000000000800b550       0x54 Middlewares/ST/STemWin/Lib/STemWin_CM3_OS_wc32.a(LCD.o)
                0x000000000800b550                LCD_DrawVLine
 .text.LCD_FillRect
                0x000000000800b5a4       0x58 Middlewares/ST/STemWin/Lib/STemWin_CM3_OS_wc32.a(LCD.o)
                0x000000000800b5a4                LCD_FillRect
 .text.LCD__DrawBitmap_1bpp
                0x000000000800b5fc      0x1d8 Middlewares/ST/STemWin/Lib/STemWin_CM3_OS_wc32.a(LCD.o)
                0x000000000800b5fc                LCD__DrawBitmap_1bpp
 .text.LCD_DrawBitmap
                0x000000000800b7d4      0x224 Middlewares/ST/STemWin/Lib/STemWin_CM3_OS_wc32.a(LCD.o)
                0x000000000800b7d4                LCD_DrawBitmap
 .text.LCD_SetClipRectMax
                0x000000000800b9f8       0x1c Middlewares/ST/STemWin/Lib/STemWin_CM3_OS_wc32.a(LCD.o)
                0x000000000800b9f8                LCD_SetClipRectMax
 .text.emWin_LCD_Init
                0x000000000800ba14       0xa4 Middlewares/ST/STemWin/Lib/STemWin_CM3_OS_wc32.a(LCD.o)
                0x000000000800ba14                emWin_LCD_Init
 .text.LCD_Color2Index
                0x000000000800bab8       0x1c Middlewares/ST/STemWin/Lib/STemWin_CM3_OS_wc32.a(LCD.o)
                0x000000000800bab8                LCD_Color2Index
 .text.LCD_Index2Color
                0x000000000800bad4       0x1c Middlewares/ST/STemWin/Lib/STemWin_CM3_OS_wc32.a(LCD.o)
                0x000000000800bad4                LCD_Index2Color
 .text.LCD_SetColorIndex
                0x000000000800baf0       0x18 Middlewares/ST/STemWin/Lib/STemWin_CM3_OS_wc32.a(LCD.o)
                0x000000000800baf0                LCD_SetColorIndex
 .text._SetColor
                0x000000000800bb08       0x20 Middlewares/ST/STemWin/Lib/STemWin_CM3_OS_wc32.a(LCD.o)
 .text.LCD_SetBkColorIndex
                0x000000000800bb28       0x18 Middlewares/ST/STemWin/Lib/STemWin_CM3_OS_wc32.a(LCD.o)
                0x000000000800bb28                LCD_SetBkColorIndex
 .text._SetBkColor
                0x000000000800bb40       0x20 Middlewares/ST/STemWin/Lib/STemWin_CM3_OS_wc32.a(LCD.o)
 .text.LCD_SetBkColor
                0x000000000800bb60        0xc Middlewares/ST/STemWin/Lib/STemWin_CM3_OS_wc32.a(LCD.o)
                0x000000000800bb60                LCD_SetBkColor
 .text.LCD_SetColor
                0x000000000800bb6c        0xc Middlewares/ST/STemWin/Lib/STemWin_CM3_OS_wc32.a(LCD.o)
                0x000000000800bb6c                LCD_SetColor
 .text._OnExit  0x000000000800bb78       0x1c Middlewares/ST/STemWin/Lib/STemWin_CM3_OS_wc32.a(LCD_Color.o)
 .text.LCD_InitColors
                0x000000000800bb94       0x3c Middlewares/ST/STemWin/Lib/STemWin_CM3_OS_wc32.a(LCD_Color.o)
                0x000000000800bb94                LCD_InitColors
 .text.LCD_GetpPalConvTableUncached
                0x000000000800bbd0       0x6c Middlewares/ST/STemWin/Lib/STemWin_CM3_OS_wc32.a(LCD_Color.o)
                0x000000000800bbd0                LCD_GetpPalConvTableUncached
 .text.LCD_GetpPalConvTableBM
                0x000000000800bc3c        0x4 Middlewares/ST/STemWin/Lib/STemWin_CM3_OS_wc32.a(LCD_Color.o)
                0x000000000800bc3c                LCD_GetpPalConvTableBM
 .text.LCD_InitLUT
                0x000000000800bc40       0x88 Middlewares/ST/STemWin/Lib/STemWin_CM3_OS_wc32.a(LCD_Color.o)
                0x000000000800bc40                LCD_InitLUT
 .text._GetDevProp
                0x000000000800bcc8       0x1e Middlewares/ST/STemWin/Lib/STemWin_CM3_OS_wc32.a(LCD_GetEx.o)
 .text._GetMaxValue
                0x000000000800bce6       0x22 Middlewares/ST/STemWin/Lib/STemWin_CM3_OS_wc32.a(LCD_GetEx.o)
 .text.LCD_GetBitsPerPixelEx
                0x000000000800bd08        0x6 Middlewares/ST/STemWin/Lib/STemWin_CM3_OS_wc32.a(LCD_GetEx.o)
                0x000000000800bd08                LCD_GetBitsPerPixelEx
 .text.LCD_GetNumColorsEx
                0x000000000800bd0e        0x6 Middlewares/ST/STemWin/Lib/STemWin_CM3_OS_wc32.a(LCD_GetEx.o)
                0x000000000800bd0e                LCD_GetNumColorsEx
 .text.LCD_GetNumColors
                0x000000000800bd14       0x10 Middlewares/ST/STemWin/Lib/STemWin_CM3_OS_wc32.a(LCD_GetEx.o)
                0x000000000800bd14                LCD_GetNumColors
 .text.GUI_GetBitsPerPixelEx
                0x000000000800bd24       0x14 Middlewares/ST/STemWin/Lib/STemWin_CM3_OS_wc32.a(LCD_GetEx.o)
                0x000000000800bd24                GUI_GetBitsPerPixelEx
 .text.LCD_GetPaletteEx
                0x000000000800bd38       0x16 Middlewares/ST/STemWin/Lib/STemWin_CM3_OS_wc32.a(LCD_GetEx.o)
                0x000000000800bd38                LCD_GetPaletteEx
 *fill*         0x000000000800bd4e        0x2 
 .text.LCD_GetPalette
                0x000000000800bd50       0x10 Middlewares/ST/STemWin/Lib/STemWin_CM3_OS_wc32.a(LCD_GetEx.o)
                0x000000000800bd50                LCD_GetPalette
 .text.GUI_GetpfIndex2ColorEx
                0x000000000800bd60       0x10 Middlewares/ST/STemWin/Lib/STemWin_CM3_OS_wc32.a(LCD_GetEx.o)
                0x000000000800bd60                GUI_GetpfIndex2ColorEx
 .text.GUI_GetpfColor2IndexEx
                0x000000000800bd70       0x10 Middlewares/ST/STemWin/Lib/STemWin_CM3_OS_wc32.a(LCD_GetEx.o)
                0x000000000800bd70                GUI_GetpfColor2IndexEx
 .text.LCD_GetXSizeMax
                0x000000000800bd80        0x6 Middlewares/ST/STemWin/Lib/STemWin_CM3_OS_wc32.a(LCD_GetEx.o)
                0x000000000800bd80                LCD_GetXSizeMax
 .text.LCD_GetYSizeMax
                0x000000000800bd86        0x6 Middlewares/ST/STemWin/Lib/STemWin_CM3_OS_wc32.a(LCD_GetEx.o)
                0x000000000800bd86                LCD_GetYSizeMax
 .text.LCD_SetDisplaySize
                0x000000000800bd8c        0xc Middlewares/ST/STemWin/Lib/STemWin_CM3_OS_wc32.a(LCD_GetEx.o)
                0x000000000800bd8c                LCD_SetDisplaySize
 .text.LCD_GetXSizeDisplay
                0x000000000800bd98        0xc Middlewares/ST/STemWin/Lib/STemWin_CM3_OS_wc32.a(LCD_GetEx.o)
                0x000000000800bd98                LCD_GetXSizeDisplay
 .text.LCD_GetYSizeDisplay
                0x000000000800bda4        0xc Middlewares/ST/STemWin/Lib/STemWin_CM3_OS_wc32.a(LCD_GetEx.o)
                0x000000000800bda4                LCD_GetYSizeDisplay
 .text.LCD__GetBPP
                0x000000000800bdb0       0x7e Middlewares/ST/STemWin/Lib/STemWin_CM3_OS_wc32.a(LCD_GetEx.o)
                0x000000000800bdb0                LCD__GetBPP
 .text.LCD__GetBPPDevice
                0x000000000800be2e       0x2c Middlewares/ST/STemWin/Lib/STemWin_CM3_OS_wc32.a(LCD_GetEx.o)
                0x000000000800be2e                LCD__GetBPPDevice
 .text.LCD_GetNumLayers
                0x000000000800be5a       0x1e Middlewares/ST/STemWin/Lib/STemWin_CM3_OS_wc32.a(LCD_GetNumDisplays.o)
                0x000000000800be5a                LCD_GetNumLayers
 .text.LCD_SelectLCD
                0x000000000800be78       0x40 Middlewares/ST/STemWin/Lib/STemWin_CM3_OS_wc32.a(LCD_SelectLCD.o)
                0x000000000800be78                LCD_SelectLCD
 .text.LCD_SetLUTEntryEx
                0x000000000800beb8       0x30 Middlewares/ST/STemWin/Lib/STemWin_CM3_OS_wc32.a(LCD_Set.o)
                0x000000000800beb8                LCD_SetLUTEntryEx
 .text.LCD_SetSizeEx
                0x000000000800bee8       0x30 Middlewares/ST/STemWin/Lib/STemWin_CM3_OS_wc32.a(LCD_Set.o)
                0x000000000800bee8                LCD_SetSizeEx
 .text.LCD_SetVSizeEx
                0x000000000800bf18       0x30 Middlewares/ST/STemWin/Lib/STemWin_CM3_OS_wc32.a(LCD_Set.o)
                0x000000000800bf18                LCD_SetVSizeEx
 .text.LCD_UpdateColorIndices
                0x000000000800bf48       0x24 Middlewares/ST/STemWin/Lib/STemWin_CM3_OS_wc32.a(LCD_UpdateColorIndices.o)
                0x000000000800bf48                LCD_UpdateColorIndices
 .text._Log2PhysY_X1Y0S0
                0x000000000800bf6c        0x4 Middlewares/ST/STemWin/Lib/STemWin_CM3_OS_wc32.a(GUIDRV_FlexColor.o)
 .text._Log2PhysY_X1Y1S0
                0x000000000800bf70        0x8 Middlewares/ST/STemWin/Lib/STemWin_CM3_OS_wc32.a(GUIDRV_FlexColor.o)
 .text._Log2PhysY_X1Y0S1
                0x000000000800bf78        0x4 Middlewares/ST/STemWin/Lib/STemWin_CM3_OS_wc32.a(GUIDRV_FlexColor.o)
 .text._Log2PhysY_X1Y1S1
                0x000000000800bf7c        0x8 Middlewares/ST/STemWin/Lib/STemWin_CM3_OS_wc32.a(GUIDRV_FlexColor.o)
 .text._SetPixelIndex
                0x000000000800bf84        0xe Middlewares/ST/STemWin/Lib/STemWin_CM3_OS_wc32.a(GUIDRV_FlexColor.o)
 .text._GetPixelIndex
                0x000000000800bf92        0x8 Middlewares/ST/STemWin/Lib/STemWin_CM3_OS_wc32.a(GUIDRV_FlexColor.o)
 .text._XorPixel
                0x000000000800bf9a       0x24 Middlewares/ST/STemWin/Lib/STemWin_CM3_OS_wc32.a(GUIDRV_FlexColor.o)
 .text._DrawHLine
                0x000000000800bfbe       0x10 Middlewares/ST/STemWin/Lib/STemWin_CM3_OS_wc32.a(GUIDRV_FlexColor.o)
 .text._DrawVLine
                0x000000000800bfce       0x12 Middlewares/ST/STemWin/Lib/STemWin_CM3_OS_wc32.a(GUIDRV_FlexColor.o)
 .text._FillRect
                0x000000000800bfe0        0xe Middlewares/ST/STemWin/Lib/STemWin_CM3_OS_wc32.a(GUIDRV_FlexColor.o)
 .text._DrawBitmap
                0x000000000800bfee        0xe Middlewares/ST/STemWin/Lib/STemWin_CM3_OS_wc32.a(GUIDRV_FlexColor.o)
 .text._GetDevFunc_SetRect
                0x000000000800bffc        0x2 Middlewares/ST/STemWin/Lib/STemWin_CM3_OS_wc32.a(GUIDRV_FlexColor.o)
 *fill*         0x000000000800bffe        0x2 
 .text._GetDevFunc_SetRectOutside
                0x000000000800c000       0x40 Middlewares/ST/STemWin/Lib/STemWin_CM3_OS_wc32.a(GUIDRV_FlexColor.o)
 .text._ReadPixelCust_16bpp
                0x000000000800c040        0xa Middlewares/ST/STemWin/Lib/STemWin_CM3_OS_wc32.a(GUIDRV_FlexColor.o)
 .text._ReadPixelCust_18bpp
                0x000000000800c04a        0xa Middlewares/ST/STemWin/Lib/STemWin_CM3_OS_wc32.a(GUIDRV_FlexColor.o)
 .text._ReadRectCust_16bpp
                0x000000000800c054       0x3a Middlewares/ST/STemWin/Lib/STemWin_CM3_OS_wc32.a(GUIDRV_FlexColor.o)
 .text._ReadRectCust_18bpp
                0x000000000800c08e       0x3a Middlewares/ST/STemWin/Lib/STemWin_CM3_OS_wc32.a(GUIDRV_FlexColor.o)
 .text._GetDevFunc
                0x000000000800c0c8       0x7c Middlewares/ST/STemWin/Lib/STemWin_CM3_OS_wc32.a(GUIDRV_FlexColor.o)
 .text._GetDevProp
                0x000000000800c144       0x5a Middlewares/ST/STemWin/Lib/STemWin_CM3_OS_wc32.a(GUIDRV_FlexColor.o)
 .text._GetDevData
                0x000000000800c19e        0xc Middlewares/ST/STemWin/Lib/STemWin_CM3_OS_wc32.a(GUIDRV_FlexColor.o)
 .text._GetRect
                0x000000000800c1aa       0x16 Middlewares/ST/STemWin/Lib/STemWin_CM3_OS_wc32.a(GUIDRV_FlexColor.o)
 .text.GUIDRV_FlexColor__SetLog2Phys
                0x000000000800c1c0       0x48 Middlewares/ST/STemWin/Lib/STemWin_CM3_OS_wc32.a(GUIDRV_FlexColor.o)
                0x000000000800c1c0                GUIDRV_FlexColor__SetLog2Phys
 .text._SetOrg  0x000000000800c208       0x16 Middlewares/ST/STemWin/Lib/STemWin_CM3_OS_wc32.a(GUIDRV_FlexColor.o)
 .text._Log2PhysY_X0Y0S1
                0x000000000800c21e        0x4 Middlewares/ST/STemWin/Lib/STemWin_CM3_OS_wc32.a(GUIDRV_FlexColor.o)
 .text._Log2PhysX_X0Y0S0
                0x000000000800c222        0x4 Middlewares/ST/STemWin/Lib/STemWin_CM3_OS_wc32.a(GUIDRV_FlexColor.o)
 .text._Log2PhysX_X0Y1S0
                0x000000000800c226        0x4 Middlewares/ST/STemWin/Lib/STemWin_CM3_OS_wc32.a(GUIDRV_FlexColor.o)
 .text._Log2PhysX_X0Y0S1
                0x000000000800c22a        0x4 Middlewares/ST/STemWin/Lib/STemWin_CM3_OS_wc32.a(GUIDRV_FlexColor.o)
 .text._Log2PhysX_X0Y1S1
                0x000000000800c22e        0x4 Middlewares/ST/STemWin/Lib/STemWin_CM3_OS_wc32.a(GUIDRV_FlexColor.o)
 .text._Log2PhysY_X0Y0S0
                0x000000000800c232        0x4 Middlewares/ST/STemWin/Lib/STemWin_CM3_OS_wc32.a(GUIDRV_FlexColor.o)
 .text._Log2PhysY_X0Y1S0
                0x000000000800c236        0x8 Middlewares/ST/STemWin/Lib/STemWin_CM3_OS_wc32.a(GUIDRV_FlexColor.o)
 .text._Log2PhysX_X1Y0S0
                0x000000000800c23e        0x8 Middlewares/ST/STemWin/Lib/STemWin_CM3_OS_wc32.a(GUIDRV_FlexColor.o)
 .text._Log2PhysX_X1Y1S0
                0x000000000800c246        0x8 Middlewares/ST/STemWin/Lib/STemWin_CM3_OS_wc32.a(GUIDRV_FlexColor.o)
 .text._Log2PhysX_X1Y0S1
                0x000000000800c24e        0x8 Middlewares/ST/STemWin/Lib/STemWin_CM3_OS_wc32.a(GUIDRV_FlexColor.o)
 .text._Log2PhysX_X1Y1S1
                0x000000000800c256        0x8 Middlewares/ST/STemWin/Lib/STemWin_CM3_OS_wc32.a(GUIDRV_FlexColor.o)
 .text._Log2PhysY_X0Y1S1
                0x000000000800c25e        0x8 Middlewares/ST/STemWin/Lib/STemWin_CM3_OS_wc32.a(GUIDRV_FlexColor.o)
 .text.GUIDRV_FlexColor__SetPixelIndexNoCache
                0x000000000800c266       0x88 Middlewares/ST/STemWin/Lib/STemWin_CM3_OS_wc32.a(GUIDRV_FlexColor.o)
                0x000000000800c266                GUIDRV_FlexColor__SetPixelIndexNoCache
 .text.GUIDRV_FlexColor__GetPixelIndexNoCache
                0x000000000800c2ee       0xb2 Middlewares/ST/STemWin/Lib/STemWin_CM3_OS_wc32.a(GUIDRV_FlexColor.o)
                0x000000000800c2ee                GUIDRV_FlexColor__GetPixelIndexNoCache
 .text.GUIDRV_FlexColor__InitOnce
                0x000000000800c3a0       0x3c Middlewares/ST/STemWin/Lib/STemWin_CM3_OS_wc32.a(GUIDRV_FlexColor.o)
                0x000000000800c3a0                GUIDRV_FlexColor__InitOnce
 .text._SetDevFunc
                0x000000000800c3dc       0x9c Middlewares/ST/STemWin/Lib/STemWin_CM3_OS_wc32.a(GUIDRV_FlexColor.o)
 .text._GetDevFunc_Init
                0x000000000800c478       0x4a Middlewares/ST/STemWin/Lib/STemWin_CM3_OS_wc32.a(GUIDRV_FlexColor.o)
 .text._GetDevFunc_SetSize
                0x000000000800c4c2       0x14 Middlewares/ST/STemWin/Lib/STemWin_CM3_OS_wc32.a(GUIDRV_FlexColor.o)
 .text._GetDevFunc_SetVSize
                0x000000000800c4d6       0x14 Middlewares/ST/STemWin/Lib/STemWin_CM3_OS_wc32.a(GUIDRV_FlexColor.o)
 .text._GetDevFunc_Off
                0x000000000800c4ea       0x16 Middlewares/ST/STemWin/Lib/STemWin_CM3_OS_wc32.a(GUIDRV_FlexColor.o)
 .text._GetDevFunc_On
                0x000000000800c500       0x16 Middlewares/ST/STemWin/Lib/STemWin_CM3_OS_wc32.a(GUIDRV_FlexColor.o)
 .text.GUIDRV_FlexColor_Config
                0x000000000800c516       0x3c Middlewares/ST/STemWin/Lib/STemWin_CM3_OS_wc32.a(GUIDRV_FlexColor.o)
                0x000000000800c516                GUIDRV_FlexColor_Config
 .text.GUIDRV_FlexColor_SetFunc
                0x000000000800c552       0x32 Middlewares/ST/STemWin/Lib/STemWin_CM3_OS_wc32.a(GUIDRV_FlexColor.o)
                0x000000000800c552                GUIDRV_FlexColor_SetFunc
 .text._ReadData
                0x000000000800c584        0xa Middlewares/ST/STemWin/Lib/STemWin_CM3_OS_wc32.a(GUIDRV_FlexColor_16bpp_C0B16.o)
 .text._WriteData
                0x000000000800c58e        0x8 Middlewares/ST/STemWin/Lib/STemWin_CM3_OS_wc32.a(GUIDRV_FlexColor_16bpp_C0B16.o)
 *fill*         0x000000000800c596        0x2 
 .text._FillRect
                0x000000000800c598       0xf0 Middlewares/ST/STemWin/Lib/STemWin_CM3_OS_wc32.a(GUIDRV_FlexColor_16bpp_C0B16.o)
 .text._DrawBitmap
                0x000000000800c688      0x538 Middlewares/ST/STemWin/Lib/STemWin_CM3_OS_wc32.a(GUIDRV_FlexColor_16bpp_C0B16.o)
 .text.GUIDRV_FlexColor_SetMode16bppC0B16
                0x000000000800cbc0       0x68 Middlewares/ST/STemWin/Lib/STemWin_CM3_OS_wc32.a(GUIDRV_FlexColor_16bpp_C0B16.o)
                0x000000000800cbc0                GUIDRV_FlexColor_SetMode16bppC0B16
 .text._SetPhysRAMAddr
                0x000000000800cc28       0xa0 Middlewares/ST/STemWin/Lib/STemWin_CM3_OS_wc32.a(GUIDRV_FlexColor_Func66708.o)
 .text._SetRect
                0x000000000800ccc8      0x1a6 Middlewares/ST/STemWin/Lib/STemWin_CM3_OS_wc32.a(GUIDRV_FlexColor_Func66708.o)
 *fill*         0x000000000800ce6e        0x2 
 .text._SetOrientation
                0x000000000800ce70       0x40 Middlewares/ST/STemWin/Lib/STemWin_CM3_OS_wc32.a(GUIDRV_FlexColor_Func66708.o)
 .text._ReadPixel_16bpp_B8
                0x000000000800ceb0       0x24 Middlewares/ST/STemWin/Lib/STemWin_CM3_OS_wc32.a(GUIDRV_FlexColor_Func66708.o)
 .text._ReadPixel_16bpp_B16
                0x000000000800ced4       0x20 Middlewares/ST/STemWin/Lib/STemWin_CM3_OS_wc32.a(GUIDRV_FlexColor_Func66708.o)
 .text._SetReg_B8
                0x000000000800cef4       0x1a Middlewares/ST/STemWin/Lib/STemWin_CM3_OS_wc32.a(GUIDRV_FlexColor_Func66708.o)
 .text._WritePara_B8
                0x000000000800cf0e       0x1a Middlewares/ST/STemWin/Lib/STemWin_CM3_OS_wc32.a(GUIDRV_FlexColor_Func66708.o)
 .text._SetReg_B16
                0x000000000800cf28        0x8 Middlewares/ST/STemWin/Lib/STemWin_CM3_OS_wc32.a(GUIDRV_FlexColor_Func66708.o)
 .text._WritePara_B16
                0x000000000800cf30        0x8 Middlewares/ST/STemWin/Lib/STemWin_CM3_OS_wc32.a(GUIDRV_FlexColor_Func66708.o)
 .text._SetInterface
                0x000000000800cf38       0x34 Middlewares/ST/STemWin/Lib/STemWin_CM3_OS_wc32.a(GUIDRV_FlexColor_Func66708.o)
 .text.GUIDRV_FlexColor_SetFunc66708
                0x000000000800cf6c       0x50 Middlewares/ST/STemWin/Lib/STemWin_CM3_OS_wc32.a(GUIDRV_FlexColor_Func66708.o)
                0x000000000800cf6c                GUIDRV_FlexColor_SetFunc66708
 .text._GetDevData
                0x000000000800cfbc       0x10 Middlewares/ST/STemWin/Lib/STemWin_CM3_OS_wc32.a(GUIDEV_16.o)
 .text._GetDevFunc
                0x000000000800cfcc       0x10 Middlewares/ST/STemWin/Lib/STemWin_CM3_OS_wc32.a(GUIDEV_16.o)
 .text._SetOrg  0x000000000800cfdc        0xc Middlewares/ST/STemWin/Lib/STemWin_CM3_OS_wc32.a(GUIDEV_16.o)
 .text._GetRect
                0x000000000800cfe8       0x36 Middlewares/ST/STemWin/Lib/STemWin_CM3_OS_wc32.a(GUIDEV_16.o)
 *fill*         0x000000000800d01e        0x2 
 .text._XY2PTR  0x000000000800d020       0x40 Middlewares/ST/STemWin/Lib/STemWin_CM3_OS_wc32.a(GUIDEV_16.o)
 .text._GetPixelIndex
                0x000000000800d060        0xe Middlewares/ST/STemWin/Lib/STemWin_CM3_OS_wc32.a(GUIDEV_16.o)
 *fill*         0x000000000800d06e        0x2 
 .text._XorPixel
                0x000000000800d070       0x58 Middlewares/ST/STemWin/Lib/STemWin_CM3_OS_wc32.a(GUIDEV_16.o)
 .text._SetPixelIndex
                0x000000000800d0c8       0x4c Middlewares/ST/STemWin/Lib/STemWin_CM3_OS_wc32.a(GUIDEV_16.o)
 .text._DrawVLine
                0x000000000800d114       0xbc Middlewares/ST/STemWin/Lib/STemWin_CM3_OS_wc32.a(GUIDEV_16.o)
 .text._FillRect
                0x000000000800d1d0       0xb4 Middlewares/ST/STemWin/Lib/STemWin_CM3_OS_wc32.a(GUIDEV_16.o)
 .text._DrawHLine
                0x000000000800d284        0xe Middlewares/ST/STemWin/Lib/STemWin_CM3_OS_wc32.a(GUIDEV_16.o)
 *fill*         0x000000000800d292        0x2 
 .text._DrawBitmap
                0x000000000800d294      0x748 Middlewares/ST/STemWin/Lib/STemWin_CM3_OS_wc32.a(GUIDEV_16.o)
 .text._GetDevProp
                0x000000000800d9dc       0x18 Middlewares/ST/STemWin/Lib/STemWin_CM3_OS_wc32.a(GUIDEV_16.o)
 .text.GUI_USAGE_DecUseCnt
                0x000000000800d9f4       0x32 Middlewares/ST/STemWin/Lib/STemWin_CM3_OS_wc32.a(GUIDEV_Usage.o)
                0x000000000800d9f4                GUI_USAGE_DecUseCnt
 .text.GUI_USAGE_AddRect
                0x000000000800da26       0x26 Middlewares/ST/STemWin/Lib/STemWin_CM3_OS_wc32.a(GUIDEV_Usage.o)
                0x000000000800da26                GUI_USAGE_AddRect
 .text._Convert16
                0x000000000800da4c       0x3e Middlewares/ST/STemWin/Lib/STemWin_CM3_OS_wc32.a(GUIDEV_WriteToActiveOpaque.o)
 .text._Convert8
                0x000000000800da8a       0x42 Middlewares/ST/STemWin/Lib/STemWin_CM3_OS_wc32.a(GUIDEV_WriteToActiveOpaque.o)
 .text.GUI_MEMDEV__WriteToActiveOpaque
                0x000000000800dacc      0x74c Middlewares/ST/STemWin/Lib/STemWin_CM3_OS_wc32.a(GUIDEV_WriteToActiveOpaque.o)
                0x000000000800dacc                GUI_MEMDEV__WriteToActiveOpaque
 .text._OnExit  0x000000000800e218       0x9c Middlewares/ST/STemWin/Lib/STemWin_CM3_OS_wc32.a(WM.o)
 .text._Findy1  0x000000000800e2b4       0xa6 Middlewares/ST/STemWin/Lib/STemWin_CM3_OS_wc32.a(WM.o)
 .text._Findx0  0x000000000800e35a       0x86 Middlewares/ST/STemWin/Lib/STemWin_CM3_OS_wc32.a(WM.o)
 .text._Findx1  0x000000000800e3e0       0x72 Middlewares/ST/STemWin/Lib/STemWin_CM3_OS_wc32.a(WM.o)
 *fill*         0x000000000800e452        0x2 
 .text.WM__ClipAtParentBorders
                0x000000000800e454       0x58 Middlewares/ST/STemWin/Lib/STemWin_CM3_OS_wc32.a(WM.o)
                0x000000000800e454                WM__ClipAtParentBorders
 .text.WM__InsertWindowIntoList
                0x000000000800e4ac       0xac Middlewares/ST/STemWin/Lib/STemWin_CM3_OS_wc32.a(WM.o)
                0x000000000800e4ac                WM__InsertWindowIntoList
 .text.WM__Client2Screen
                0x000000000800e558       0x10 Middlewares/ST/STemWin/Lib/STemWin_CM3_OS_wc32.a(WM.o)
                0x000000000800e558                WM__Client2Screen
 .text._SetClipRectUserIntersect
                0x000000000800e568       0x50 Middlewares/ST/STemWin/Lib/STemWin_CM3_OS_wc32.a(WM.o)
 .text.WM__ActivateClipRect
                0x000000000800e5b8       0x48 Middlewares/ST/STemWin/Lib/STemWin_CM3_OS_wc32.a(WM.o)
                0x000000000800e5b8                WM__ActivateClipRect
 .text.WM__InvalidateDrawAndDescs
                0x000000000800e600       0x50 Middlewares/ST/STemWin/Lib/STemWin_CM3_OS_wc32.a(WM.o)
                0x000000000800e600                WM__InvalidateDrawAndDescs
 .text.WM__RectIsNZ
                0x000000000800e650       0x22 Middlewares/ST/STemWin/Lib/STemWin_CM3_OS_wc32.a(WM.o)
                0x000000000800e650                WM__RectIsNZ
 .text.WM__SendMsgNoData
                0x000000000800e672       0x16 Middlewares/ST/STemWin/Lib/STemWin_CM3_OS_wc32.a(WM.o)
                0x000000000800e672                WM__SendMsgNoData
 .text.WM__GetClientRectWin
                0x000000000800e688       0x18 Middlewares/ST/STemWin/Lib/STemWin_CM3_OS_wc32.a(WM.o)
                0x000000000800e688                WM__GetClientRectWin
 .text.WM__GetTopLevelLayer
                0x000000000800e6a0       0x28 Middlewares/ST/STemWin/Lib/STemWin_CM3_OS_wc32.a(WM.o)
                0x000000000800e6a0                WM__GetTopLevelLayer
 .text._Invalidate1Abs
                0x000000000800e6c8       0xa0 Middlewares/ST/STemWin/Lib/STemWin_CM3_OS_wc32.a(WM.o)
 .text.WM__Invalidate1Abs
                0x000000000800e768        0x6 Middlewares/ST/STemWin/Lib/STemWin_CM3_OS_wc32.a(WM.o)
                0x000000000800e768                WM__Invalidate1Abs
 .text.WM_InvalidateWindowAndDescsEx
                0x000000000800e76e       0x64 Middlewares/ST/STemWin/Lib/STemWin_CM3_OS_wc32.a(WM.o)
                0x000000000800e76e                WM_InvalidateWindowAndDescsEx